# autoencoder
# Command: /home/ubuntu/Desktop/Group 2/swat-cps-project/.venv/bin/python3 /home/ubuntu/Desktop/Group 2/swat-cps-project/scripts/defense/autoencoder_detector.py monitor --plc-ip 192.168.1.10 --model /home/ubuntu/Desktop/Group 2/swat-cps-project/ae_model.npz
# Started: 2026-04-16 16:33:07

[*] Loading model: /home/ubuntu/Desktop/Group 2/swat-cps-project/ae_model.npz
[*] Monitoring PLC 192.168.1.10  threshold=0.000717
[16:33:17] cycle=   10  *** AE ANOMALY ***  MSE=367.351471 > 0.000717
[16:33:18] cycle=   11  *** AE ANOMALY ***  MSE=367.358978 > 0.000717
[16:33:19] cycle=   12  *** AE ANOMALY ***  MSE=367.360046 > 0.000717
[16:33:20] cycle=   13  *** AE ANOMALY ***  MSE=367.369568 > 0.000717
[16:33:21] cycle=   14  *** AE ANOMALY ***  MSE=367.370117 > 0.000717
[16:33:22] cycle=   15  *** AE ANOMALY ***  MSE=367.372559 > 0.000717
[16:33:23] cycle=   16  *** AE ANOMALY ***  MSE=367.370148 > 0.000717
[16:33:24] cycle=   17  *** AE ANOMALY ***  MSE=367.379852 > 0.000717
[16:33:25] cycle=   18  *** AE ANOMALY ***  MSE=367.377625 > 0.000717
[16:33:26] cycle=   19  *** AE ANOMALY ***  MSE=367.389679 > 0.000717
[16:33:27] cycle=   20  *** AE ANOMALY ***  MSE=367.392975 > 0.000717
[16:33:28] cycle=   21  *** AE ANOMALY ***  MSE=367.404907 > 0.000717
[16:33:29] cycle=   22  *** AE ANOMALY ***  MSE=367.415344 > 0.000717
[16:33:30] cycle=   23  *** AE ANOMALY ***  MSE=367.420898 > 0.000717
[16:33:31] cycle=   24  *** AE ANOMALY ***  MSE=367.430542 > 0.000717
[16:33:32] cycle=   25  *** AE ANOMALY ***  MSE=367.430542 > 0.000717
[16:33:33] cycle=   26  *** AE ANOMALY ***  MSE=367.438385 > 0.000717
[16:33:34] cycle=   27  *** AE ANOMALY ***  MSE=367.437927 > 0.000717
[16:33:35] cycle=   28  *** AE ANOMALY ***  MSE=367.444122 > 0.000717
[16:33:36] cycle=   29  *** AE ANOMALY ***  MSE=367.439484 > 0.000717
[16:33:37] cycle=   30  *** AE ANOMALY ***  MSE=367.445648 > 0.000717
[16:33:38] cycle=   31  *** AE ANOMALY ***  MSE=367.441223 > 0.000717
[16:33:39] cycle=   32  *** AE ANOMALY ***  MSE=367.435822 > 0.000717
[16:33:40] cycle=   33  *** AE ANOMALY ***  MSE=367.442474 > 0.000717
[16:33:41] cycle=   34  *** AE ANOMALY ***  MSE=367.435760 > 0.000717
[16:33:42] cycle=   35  *** AE ANOMALY ***  MSE=367.456573 > 0.000717
[16:33:43] cycle=   36  *** AE ANOMALY ***  MSE=367.451721 > 0.000717
[16:33:44] cycle=   37  *** AE ANOMALY ***  MSE=367.476746 > 0.000717
[16:33:45] cycle=   38  *** AE ANOMALY ***  MSE=367.484314 > 0.000717
[16:33:46] cycle=   39  *** AE ANOMALY ***  MSE=367.504944 > 0.000717
[16:33:47] cycle=   40  *** AE ANOMALY ***  MSE=367.516663 > 0.000717
[16:33:48] cycle=   41  *** AE ANOMALY ***  MSE=367.525909 > 0.000717
[16:33:49] cycle=   42  *** AE ANOMALY ***  MSE=367.530914 > 0.000717
[16:33:50] cycle=   43  *** AE ANOMALY ***  MSE=367.532501 > 0.000717
[16:33:51] cycle=   44  *** AE ANOMALY ***  MSE=367.538879 > 0.000717
[16:33:52] cycle=   45  *** AE ANOMALY ***  MSE=367.541565 > 0.000717
[16:33:53] cycle=   46  *** AE ANOMALY ***  MSE=367.547394 > 0.000717
[16:33:54] cycle=   47  *** AE ANOMALY ***  MSE=367.560852 > 0.000717
[16:33:55] cycle=   48  *** AE ANOMALY ***  MSE=367.601501 > 0.000717
[16:33:56] cycle=   49  *** AE ANOMALY ***  MSE=367.643982 > 0.000717
[16:33:57] cycle=   50  *** AE ANOMALY ***  MSE=367.726654 > 0.000717
[16:33:58] cycle=   51  *** AE ANOMALY ***  MSE=367.763916 > 0.000717
[16:33:59] cycle=   52  *** AE ANOMALY ***  MSE=367.794952 > 0.000717
[16:34:00] cycle=   53  *** AE ANOMALY ***  MSE=367.777832 > 0.000717
[16:34:01] cycle=   54  *** AE ANOMALY ***  MSE=367.721039 > 0.000717
[16:34:02] cycle=   55  *** AE ANOMALY ***  MSE=367.783783 > 0.000717
[16:34:03] cycle=   56  *** AE ANOMALY ***  MSE=367.827606 > 0.000717
[16:34:04] cycle=   57  *** AE ANOMALY ***  MSE=367.934143 > 0.000717
[16:34:05] cycle=   58  *** AE ANOMALY ***  MSE=367.990601 > 0.000717
[16:34:06] cycle=   59  *** AE ANOMALY ***  MSE=368.046570 > 0.000717
[16:34:07] cycle=   60  *** AE ANOMALY ***  MSE=368.126190 > 0.000717
[16:34:08] cycle=   61  *** AE ANOMALY ***  MSE=368.185608 > 0.000717
[16:34:09] cycle=   62  *** AE ANOMALY ***  MSE=368.245819 > 0.000717
[16:34:10] cycle=   63  *** AE ANOMALY ***  MSE=368.306641 > 0.000717
[16:34:11] cycle=   64  *** AE ANOMALY ***  MSE=368.364075 > 0.000717
[16:34:12] cycle=   65  *** AE ANOMALY ***  MSE=368.413147 > 0.000717
[16:34:13] cycle=   66  *** AE ANOMALY ***  MSE=368.462738 > 0.000717
[16:34:14] cycle=   67  *** AE ANOMALY ***  MSE=368.512939 > 0.000717
[16:34:15] cycle=   68  *** AE ANOMALY ***  MSE=368.563751 > 0.000717
[16:34:16] cycle=   69  *** AE ANOMALY ***  MSE=368.615112 > 0.000717
[16:34:17] cycle=   70  *** AE ANOMALY ***  MSE=368.667114 > 0.000717
[16:34:18] cycle=   71  *** AE ANOMALY ***  MSE=368.719666 > 0.000717
[16:34:19] cycle=   72  *** AE ANOMALY ***  MSE=368.772827 > 0.000717
[16:34:20] cycle=   73  *** AE ANOMALY ***  MSE=368.803619 > 0.000717
[16:34:21] cycle=   74  *** AE ANOMALY ***  MSE=368.830933 > 0.000717
[16:34:22] cycle=   75  *** AE ANOMALY ***  MSE=368.854950 > 0.000717
[16:34:23] cycle=   76  *** AE ANOMALY ***  MSE=368.860077 > 0.000717
[16:34:24] cycle=   77  *** AE ANOMALY ***  MSE=368.933350 > 0.000717
[16:34:25] cycle=   78  *** AE ANOMALY ***  MSE=368.982849 > 0.000717
[16:34:26] cycle=   79  *** AE ANOMALY ***  MSE=369.090210 > 0.000717
[16:34:27] cycle=   80  *** AE ANOMALY ***  MSE=369.150787 > 0.000717
[16:34:28] cycle=   81  *** AE ANOMALY ***  MSE=369.183502 > 0.000717
[16:34:29] cycle=   82  *** AE ANOMALY ***  MSE=369.224915 > 0.000717
[16:34:30] cycle=   83  *** AE ANOMALY ***  MSE=369.245728 > 0.000717
[16:34:31] cycle=   84  *** AE ANOMALY ***  MSE=369.267395 > 0.000717
[16:34:32] cycle=   85  *** AE ANOMALY ***  MSE=369.289886 > 0.000717
[16:34:33] cycle=   86  *** AE ANOMALY ***  MSE=369.313171 > 0.000717
[16:34:34] cycle=   87  *** AE ANOMALY ***  MSE=369.337616 > 0.000717
[16:34:35] cycle=   88  *** AE ANOMALY ***  MSE=369.362885 > 0.000717
[16:34:36] cycle=   89  *** AE ANOMALY ***  MSE=369.388855 > 0.000717
[16:34:37] cycle=   90  *** AE ANOMALY ***  MSE=369.415344 > 0.000717
[16:34:38] cycle=   91  *** AE ANOMALY ***  MSE=369.442444 > 0.000717
[16:34:39] cycle=   92  *** AE ANOMALY ***  MSE=369.470032 > 0.000717
[16:34:41] cycle=   93  *** AE ANOMALY ***  MSE=369.498383 > 0.000717
[16:34:42] cycle=   94  *** AE ANOMALY ***  MSE=369.527161 > 0.000717
[16:34:43] cycle=   95  *** AE ANOMALY ***  MSE=369.556610 > 0.000717
[16:34:44] cycle=   96  *** AE ANOMALY ***  MSE=369.570557 > 0.000717
[16:34:45] cycle=   97  *** AE ANOMALY ***  MSE=369.580872 > 0.000717
[16:34:46] cycle=   98  *** AE ANOMALY ***  MSE=369.578674 > 0.000717
[16:34:47] cycle=   99  *** AE ANOMALY ***  MSE=369.569000 > 0.000717
[16:34:48] cycle=  100  *** AE ANOMALY ***  MSE=369.620667 > 0.000717
[16:34:49] cycle=  101  *** AE ANOMALY ***  MSE=369.641479 > 0.000717
[16:34:50] cycle=  102  *** AE ANOMALY ***  MSE=369.725708 > 0.000717
[16:34:51] cycle=  103  *** AE ANOMALY ***  MSE=369.764130 > 0.000717
[16:34:52] cycle=  104  *** AE ANOMALY ***  MSE=369.792877 > 0.000717
[16:34:53] cycle=  105  *** AE ANOMALY ***  MSE=369.847656 > 0.000717
[16:34:54] cycle=  106  *** AE ANOMALY ***  MSE=369.861725 > 0.000717
[16:34:55] cycle=  107  *** AE ANOMALY ***  MSE=369.869873 > 0.000717
[16:34:56] cycle=  108  *** AE ANOMALY ***  MSE=369.878937 > 0.000717
[16:34:57] cycle=  109  *** AE ANOMALY ***  MSE=369.888947 > 0.000717
[16:34:58] cycle=  110  *** AE ANOMALY ***  MSE=369.899750 > 0.000717
[16:34:59] cycle=  111  *** AE ANOMALY ***  MSE=369.947937 > 0.000717
[16:35:00] cycle=  112  *** AE ANOMALY ***  MSE=369.999878 > 0.000717
[16:35:01] cycle=  113  *** AE ANOMALY ***  MSE=370.052795 > 0.000717
[16:35:02] cycle=  114  *** AE ANOMALY ***  MSE=370.106628 > 0.000717
[16:35:03] cycle=  115  *** AE ANOMALY ***  MSE=370.161438 > 0.000717
[16:35:04] cycle=  116  *** AE ANOMALY ***  MSE=370.217163 > 0.000717
[16:35:05] cycle=  117  *** AE ANOMALY ***  MSE=370.273834 > 0.000717
[16:35:06] cycle=  118  *** AE ANOMALY ***  MSE=370.312164 > 0.000717
[16:35:07] cycle=  119  *** AE ANOMALY ***  MSE=370.346558 > 0.000717
[16:35:08] cycle=  120  *** AE ANOMALY ***  MSE=370.370117 > 0.000717
[16:35:09] cycle=  121  *** AE ANOMALY ***  MSE=370.385498 > 0.000717
[16:35:10] cycle=  122  *** AE ANOMALY ***  MSE=370.466003 > 0.000717
[16:35:11] cycle=  123  *** AE ANOMALY ***  MSE=370.511292 > 0.000717
[16:35:12] cycle=  124  *** AE ANOMALY ***  MSE=370.621277 > 0.000717
