# phase2
# Command: /home/ubuntu/Desktop/Group 2/swat-cps-project/.venv/bin/python3 /home/ubuntu/Desktop/Group 2/swat-cps-project/scripts/attack/phase2_spoof.py attack --plc-ip 192.168.1.10 --model /home/ubuntu/Desktop/Group 2/swat-cps-project/adv_model.npz --duration 120
# Started: 2026-04-16 16:33:45

[LOG] Writing to /home/ubuntu/Desktop/Group 2/swat-cps-project/scripts/attack/../../logs/phase2_20260416_163345.log
[2026-04-16 16:33:45] [*] Loading /home/ubuntu/Desktop/Group 2/swat-cps-project/adv_model.npz...
[2026-04-16 16:33:45] [*] Adversarial attack -> PLC 192.168.1.10  duration=120s  epsilon=0.1
[2026-04-16 16:33:58]     [adv    5] HMI_LIT101.Pv: 609.580 -> 616.875  (d=+7.2954)
[2026-04-16 16:33:58]     [adv    5] AI_FIT_101_FLOW: -31.000 -> -30.966  (d=+0.0344)
[2026-04-16 16:34:04]     [adv   10] HMI_LIT101.Pv: 646.051 -> 653.346  (d=+7.2945)
[2026-04-16 16:34:04]     [adv   10] AI_FIT_101_FLOW: -31.000 -> -30.966  (d=+0.0342)
[2026-04-16 16:34:09]     [adv   15] HMI_LIT101.Pv: 682.528 -> 689.825  (d=+7.2968)
[2026-04-16 16:34:09]     [adv   15] AI_FIT_101_FLOW: -31.000 -> -30.966  (d=+0.0339)
[2026-04-16 16:34:14]     [adv   20] HMI_LIT101.Pv: 719.016 -> 726.315  (d=+7.2987)
[2026-04-16 16:34:14]     [adv   20] AI_FIT_101_FLOW: -31.000 -> -30.967  (d=+0.0335)
[2026-04-16 16:34:19]     [adv   25] HMI_LIT101.Pv: 755.513 -> 762.813  (d=+7.3004)
[2026-04-16 16:34:19]     [adv   25] AI_FIT_101_FLOW: -31.000 -> -30.967  (d=+0.0331)
[2026-04-16 16:34:25]     [adv   30] HMI_LIT101.Pv: 792.017 -> 799.319  (d=+7.3016)
[2026-04-16 16:34:25]     [adv   30] AI_FIT_101_FLOW: -31.000 -> -30.967  (d=+0.0326)
[2026-04-16 16:34:30]     [adv   35] HMI_LIT101.Pv: 828.527 -> 835.829  (d=+7.3023)
[2026-04-16 16:34:30]     [adv   35] AI_FIT_101_FLOW: -31.000 -> -30.968  (d=+0.0322)
[2026-04-16 16:34:35]     [adv   40] HMI_LIT101.Pv: 865.039 -> 872.342  (d=+7.3026)
[2026-04-16 16:34:35]     [adv   40] AI_FIT_101_FLOW: -31.000 -> -30.968  (d=+0.0318)
[2026-04-16 16:34:40]     [adv   45] HMI_LIT101.Pv: 901.552 -> 908.854  (d=+7.3024)
[2026-04-16 16:34:40]     [adv   45] AI_FIT_101_FLOW: -31.000 -> -30.969  (d=+0.0313)
[2026-04-16 16:34:46]     [adv   50] HMI_LIT101.Pv: 938.062 -> 945.364  (d=+7.3015)
[2026-04-16 16:34:46]     [adv   50] AI_FIT_101_FLOW: -31.000 -> -30.969  (d=+0.0309)
[2026-04-16 16:34:51]     [adv   55] HMI_LIT101.Pv: 974.567 -> 981.868  (d=+7.3002)
[2026-04-16 16:34:51]     [adv   55] AI_FIT_101_FLOW: -31.000 -> -30.970  (d=+0.0304)
[2026-04-16 16:34:56]     [adv   60] HMI_LIT101.Pv: 1011.064 -> 1018.362  (d=+7.2981)
[2026-04-16 16:34:56]     [adv   60] AI_FIT_101_FLOW: -31.000 -> -30.970  (d=+0.0299)
[2026-04-16 16:35:02]     [adv   65] HMI_LIT101.Pv: 1047.550 -> 1054.845  (d=+7.2955)
[2026-04-16 16:35:02]     [adv   65] AI_FIT_101_FLOW: -31.000 -> -30.971  (d=+0.0294)
[2026-04-16 16:35:07]     [adv   70] HMI_LIT101.Pv: 1084.021 -> 1091.313  (d=+7.2922)
[2026-04-16 16:35:07]     [adv   70] AI_FIT_101_FLOW: -31.000 -> -30.971  (d=+0.0289)
[2026-04-16 16:35:12]     [adv   75] HMI_LIT101.Pv: 1120.475 -> 1127.763  (d=+7.2885)
[2026-04-16 16:35:12]     [adv   75] AI_FIT_101_FLOW: -31.000 -> -30.972  (d=+0.0284)
[2026-04-16 16:35:17]     [adv   80] HMI_LIT101.Pv: 1156.908 -> 1164.192  (d=+7.2841)
[2026-04-16 16:35:17]     [adv   80] AI_FIT_101_FLOW: -31.000 -> -30.972  (d=+0.0279)
[2026-04-16 16:35:23]     [adv   85] HMI_LIT101.Pv: 1193.319 -> 1200.598  (d=+7.2791)
[2026-04-16 16:35:23]     [adv   85] AI_FIT_101_FLOW: -31.000 -> -30.973  (d=+0.0274)
[2026-04-16 16:35:28]     [adv   90] HMI_LIT101.Pv: 1229.703 -> 1236.977  (d=+7.2736)
[2026-04-16 16:35:28]     [adv   90] AI_FIT_101_FLOW: -31.000 -> -30.973  (d=+0.0270)
[2026-04-16 16:35:33]     [adv   95] HMI_LIT101.Pv: 1266.060 -> 1273.328  (d=+7.2678)
[2026-04-16 16:35:33]     [adv   95] AI_FIT_101_FLOW: -31.000 -> -30.974  (d=+0.0265)
[2026-04-16 16:35:38]     [adv  100] HMI_LIT101.Pv: 1302.387 -> 1309.648  (d=+7.2617)
[2026-04-16 16:35:38]     [adv  100] AI_FIT_101_FLOW: -31.000 -> -30.974  (d=+0.0260)
[2026-04-16 16:35:44]     [adv  105] HMI_LIT101.Pv: 1338.683 -> 1345.938  (d=+7.2552)
[2026-04-16 16:35:44]     [adv  105] AI_FIT_101_FLOW: -31.000 -> -30.974  (d=+0.0256)
[2026-04-16 16:35:46] [+] Simulation disabled. Phase 2 complete. 106 cycles.
