# phase1
# Command: /home/ubuntu/Desktop/Group 2/swat-cps-project/.venv/bin/python3 /home/ubuntu/Desktop/Group 2/swat-cps-project/scripts/attack/phase1_inject.py --plc-ip 192.168.1.10 --duration 120
# Started: 2026-04-16 16:33:43

============================================================
[LOG] Writing to /home/ubuntu/Desktop/Group 2/swat-cps-project/scripts/attack/../../logs/phase1_20260416_163343.log
[2026-04-16 16:33:43]   SWaT Phase 1 — Direct CIP Tag Injection
[2026-04-16 16:33:43]   PLC1: 192.168.1.10   PLC2: 192.168.1.20
[2026-04-16 16:33:43]   Duration: 120s
[2026-04-16 16:33:43]   Started: 2026-04-16 16:33:43
============================================================
[*] PLC1 connected. LIT101=583.7mm
[*] PLC2 connected. MV201.Cmd=2

[2026-04-16 16:33:43] [ATTACK] Duration=120s
[2026-04-16 16:33:43] [ATTACK] PLC1: P101=ON, MV101=CLOSED
[2026-04-16 16:33:43] [ATTACK] PLC2: MV201=OPEN
[2026-04-16 16:33:43] [ATTACK] LIT101 will drain to LL (250mm)

[16:33:43] cycle=   1  MV101=CLOSED  MV201=OPEN  P101=ON(manual)  LIT101=583.7mm  FIT101=-31.000L/s  [119s left]
[16:33:44] cycle=   2  MV101=CLOSED  MV201=OPEN  P101=ON(manual)  LIT101=583.7mm  FIT101=-31.000L/s  [118s left]
[16:33:45] cycle=   3  MV101=CLOSED  MV201=OPEN  P101=ON(manual)  LIT101=583.7mm  FIT101=-31.000L/s  [117s left]
[16:33:46] cycle=   4  MV101=CLOSED  MV201=OPEN  P101=ON(manual)  LIT101=582.8mm  FIT101=-31.000L/s  [116s left]
[16:33:47] cycle=   5  MV101=CLOSED  MV201=OPEN  P101=ON(manual)  LIT101=582.2mm  FIT101=-31.000L/s  [115s left]
[16:33:48] cycle=   6  MV101=CLOSED  MV201=OPEN  P101=ON(manual)  LIT101=582.2mm  FIT101=-31.000L/s  [114s left]
[16:33:49] cycle=   7  MV101=CLOSED  MV201=OPEN  P101=ON(manual)  LIT101=581.4mm  FIT101=-31.000L/s  [113s left]
[16:33:50] cycle=   8  MV101=CLOSED  MV201=OPEN  P101=ON(manual)  LIT101=581.1mm  FIT101=-31.000L/s  [112s left]
[16:33:52] cycle=   9  MV101=CLOSED  MV201=OPEN  P101=ON(manual)  LIT101=580.4mm  FIT101=-31.000L/s  [111s left]
[16:33:53] cycle=  10  MV101=CLOSED  MV201=OPEN  P101=ON(manual)  LIT101=580.4mm  FIT101=-31.000L/s  [109s left]
[16:33:54] cycle=  11  MV101=CLOSED  MV201=OPEN  P101=ON(manual)  LIT101=580.4mm  FIT101=-31.000L/s  [108s left]
[16:33:55] cycle=  12  MV101=CLOSED  MV201=OPEN  P101=ON(manual)  LIT101=587.7mm  FIT101=-31.000L/s  [107s left]
[16:33:56] cycle=  13  MV101=CLOSED  MV201=OPEN  P101=ON(manual)  LIT101=595.0mm  FIT101=-31.000L/s  [106s left]
[16:33:57] cycle=  14  MV101=CLOSED  MV201=OPEN  P101=ON(manual)  LIT101=602.3mm  FIT101=-31.000L/s  [105s left]
[16:33:58] cycle=  15  MV101=CLOSED  MV201=OPEN  P101=ON(manual)  LIT101=609.6mm  FIT101=-31.000L/s  [104s left]
[16:33:59] cycle=  16  MV101=CLOSED  MV201=OPEN  P101=ON(manual)  LIT101=624.2mm  FIT101=-31.000L/s  [103s left]
[16:34:00] cycle=  17  MV101=CLOSED  MV201=OPEN  P101=ON(manual)  LIT101=631.5mm  FIT101=-31.000L/s  [102s left]
[16:34:02] cycle=  18  MV101=CLOSED  MV201=OPEN  P101=ON(manual)  LIT101=638.8mm  FIT101=-31.000L/s  [101s left]
[16:34:03] cycle=  19  MV101=CLOSED  MV201=OPEN  P101=ON(manual)  LIT101=646.1mm  FIT101=-31.000L/s  [99s left]
[16:34:04] cycle=  20  MV101=CLOSED  MV201=OPEN  P101=ON(manual)  LIT101=653.3mm  FIT101=-31.000L/s  [98s left]
[16:34:05] cycle=  21  MV101=CLOSED  MV201=OPEN  P101=ON(manual)  LIT101=660.6mm  FIT101=-31.000L/s  [97s left]
[16:34:06] cycle=  22  MV101=CLOSED  MV201=OPEN  P101=ON(manual)  LIT101=667.9mm  FIT101=-31.000L/s  [96s left]
[16:34:07] cycle=  23  MV101=CLOSED  MV201=OPEN  P101=ON(manual)  LIT101=675.2mm  FIT101=-31.000L/s  [95s left]
[16:34:08] cycle=  24  MV101=CLOSED  MV201=OPEN  P101=ON(manual)  LIT101=682.5mm  FIT101=-31.000L/s  [94s left]
[16:34:09] cycle=  25  MV101=CLOSED  MV201=OPEN  P101=ON(manual)  LIT101=689.8mm  FIT101=-31.000L/s  [93s left]
[16:34:10] cycle=  26  MV101=CLOSED  MV201=OPEN  P101=ON(manual)  LIT101=697.1mm  FIT101=-31.000L/s  [92s left]
[16:34:11] cycle=  27  MV101=CLOSED  MV201=OPEN  P101=ON(manual)  LIT101=704.4mm  FIT101=-31.000L/s  [91s left]
[16:34:13] cycle=  28  MV101=CLOSED  MV201=OPEN  P101=ON(manual)  LIT101=711.7mm  FIT101=-31.000L/s  [90s left]
[16:34:14] cycle=  29  MV101=CLOSED  MV201=OPEN  P101=ON(manual)  LIT101=719.0mm  FIT101=-31.000L/s  [88s left]
[16:34:15] cycle=  30  MV101=CLOSED  MV201=OPEN  P101=ON(manual)  LIT101=726.3mm  FIT101=-31.000L/s  [87s left]
[16:34:16] cycle=  31  MV101=CLOSED  MV201=OPEN  P101=ON(manual)  LIT101=733.6mm  FIT101=-31.000L/s  [86s left]
[16:34:17] cycle=  32  MV101=CLOSED  MV201=OPEN  P101=ON(manual)  LIT101=740.9mm  FIT101=-31.000L/s  [85s left]
[16:34:18] cycle=  33  MV101=CLOSED  MV201=OPEN  P101=ON(manual)  LIT101=748.2mm  FIT101=-31.000L/s  [84s left]
[16:34:19] cycle=  34  MV101=CLOSED  MV201=OPEN  P101=ON(manual)  LIT101=755.5mm  FIT101=-31.000L/s  [83s left]
[16:34:20] cycle=  35  MV101=CLOSED  MV201=OPEN  P101=ON(manual)  LIT101=762.8mm  FIT101=-31.000L/s  [82s left]
[16:34:21] cycle=  36  MV101=CLOSED  MV201=OPEN  P101=ON(manual)  LIT101=777.4mm  FIT101=-31.000L/s  [81s left]
[16:34:23] cycle=  37  MV101=CLOSED  MV201=OPEN  P101=ON(manual)  LIT101=784.7mm  FIT101=-31.000L/s  [80s left]
[16:34:24] cycle=  38  MV101=CLOSED  MV201=OPEN  P101=ON(manual)  LIT101=792.0mm  FIT101=-31.000L/s  [78s left]
[16:34:25] cycle=  39  MV101=CLOSED  MV201=OPEN  P101=ON(manual)  LIT101=799.3mm  FIT101=-31.000L/s  [77s left]
[16:34:26] cycle=  40  MV101=CLOSED  MV201=OPEN  P101=ON(manual)  LIT101=806.6mm  FIT101=-31.000L/s  [76s left]
[16:34:27] cycle=  41  MV101=CLOSED  MV201=OPEN  P101=ON(manual)  LIT101=813.9mm  FIT101=-31.000L/s  [75s left]
[16:34:28] cycle=  42  MV101=CLOSED  MV201=OPEN  P101=ON(manual)  LIT101=821.2mm  FIT101=-31.000L/s  [74s left]
[16:34:29] cycle=  43  MV101=CLOSED  MV201=OPEN  P101=ON(manual)  LIT101=828.5mm  FIT101=-31.000L/s  [73s left]
[16:34:30] cycle=  44  MV101=CLOSED  MV201=OPEN  P101=ON(manual)  LIT101=835.8mm  FIT101=-31.000L/s  [72s left]
[16:34:31] cycle=  45  MV101=CLOSED  MV201=OPEN  P101=ON(manual)  LIT101=843.1mm  FIT101=-31.000L/s  [71s left]
[16:34:33] cycle=  46  MV101=CLOSED  MV201=OPEN  P101=ON(manual)  LIT101=850.4mm  FIT101=-31.000L/s  [70s left]
[16:34:34] cycle=  47  MV101=CLOSED  MV201=OPEN  P101=ON(manual)  LIT101=857.7mm  FIT101=-31.000L/s  [69s left]
[16:34:35] cycle=  48  MV101=CLOSED  MV201=OPEN  P101=ON(manual)  LIT101=865.0mm  FIT101=-31.000L/s  [67s left]
[16:34:36] cycle=  49  MV101=CLOSED  MV201=OPEN  P101=ON(manual)  LIT101=872.3mm  FIT101=-31.000L/s  [66s left]
[16:34:37] cycle=  50  MV101=CLOSED  MV201=OPEN  P101=ON(manual)  LIT101=879.6mm  FIT101=-31.000L/s  [65s left]
[16:34:38] cycle=  51  MV101=CLOSED  MV201=OPEN  P101=ON(manual)  LIT101=886.9mm  FIT101=-31.000L/s  [64s left]
[16:34:39] cycle=  52  MV101=CLOSED  MV201=OPEN  P101=ON(manual)  LIT101=894.2mm  FIT101=-31.000L/s  [63s left]
[16:34:40] cycle=  53  MV101=CLOSED  MV201=OPEN  P101=ON(manual)  LIT101=901.6mm  FIT101=-31.000L/s  [62s left]
[16:34:41] cycle=  54  MV101=CLOSED  MV201=OPEN  P101=ON(manual)  LIT101=908.9mm  FIT101=-31.000L/s  [61s left]
[16:34:42] cycle=  55  MV101=CLOSED  MV201=OPEN  P101=ON(manual)  LIT101=916.2mm  FIT101=-31.000L/s  [60s left]
[16:34:44] cycle=  56  MV101=CLOSED  MV201=OPEN  P101=ON(manual)  LIT101=923.5mm  FIT101=-31.000L/s  [59s left]
[16:34:45] cycle=  57  MV101=CLOSED  MV201=OPEN  P101=ON(manual)  LIT101=938.1mm  FIT101=-31.000L/s  [57s left]
[16:34:46] cycle=  58  MV101=CLOSED  MV201=OPEN  P101=ON(manual)  LIT101=945.4mm  FIT101=-31.000L/s  [56s left]
[16:34:47] cycle=  59  MV101=CLOSED  MV201=OPEN  P101=ON(manual)  LIT101=952.7mm  FIT101=-31.000L/s  [55s left]
[16:34:48] cycle=  60  MV101=CLOSED  MV201=OPEN  P101=ON(manual)  LIT101=960.0mm  FIT101=-31.000L/s  [54s left]
[16:34:49] cycle=  61  MV101=CLOSED  MV201=OPEN  P101=ON(manual)  LIT101=967.3mm  FIT101=-31.000L/s  [53s left]
[16:34:50] cycle=  62  MV101=CLOSED  MV201=OPEN  P101=ON(manual)  LIT101=974.6mm  FIT101=-31.000L/s  [52s left]
[16:34:51] cycle=  63  MV101=CLOSED  MV201=OPEN  P101=ON(manual)  LIT101=981.9mm  FIT101=-31.000L/s  [51s left]
[16:34:52] cycle=  64  MV101=CLOSED  MV201=OPEN  P101=ON(manual)  LIT101=989.2mm  FIT101=-31.000L/s  [50s left]
[16:34:54] cycle=  65  MV101=CLOSED  MV201=OPEN  P101=ON(manual)  LIT101=996.5mm  FIT101=-31.000L/s  [49s left]
[16:34:55] cycle=  66  MV101=CLOSED  MV201=OPEN  P101=ON(manual)  LIT101=1003.8mm  FIT101=-31.000L/s  [47s left]
[16:34:56] cycle=  67  MV101=CLOSED  MV201=OPEN  P101=ON(manual)  LIT101=1011.1mm  FIT101=-31.000L/s  [46s left]
[16:34:57] cycle=  68  MV101=CLOSED  MV201=OPEN  P101=ON(manual)  LIT101=1018.4mm  FIT101=-31.000L/s  [45s left]
[16:34:58] cycle=  69  MV101=CLOSED  MV201=OPEN  P101=ON(manual)  LIT101=1025.7mm  FIT101=-31.000L/s  [44s left]
[16:34:59] cycle=  70  MV101=CLOSED  MV201=OPEN  P101=ON(manual)  LIT101=1033.0mm  FIT101=-31.000L/s  [43s left]
[16:35:00] cycle=  71  MV101=CLOSED  MV201=OPEN  P101=ON(manual)  LIT101=1040.3mm  FIT101=-31.000L/s  [42s left]
[16:35:01] cycle=  72  MV101=CLOSED  MV201=OPEN  P101=ON(manual)  LIT101=1047.5mm  FIT101=-31.000L/s  [41s left]
[16:35:02] cycle=  73  MV101=CLOSED  MV201=OPEN  P101=ON(manual)  LIT101=1054.8mm  FIT101=-31.000L/s  [40s left]
[16:35:04] cycle=  74  MV101=CLOSED  MV201=OPEN  P101=ON(manual)  LIT101=1062.1mm  FIT101=-31.000L/s  [39s left]
[16:35:05] cycle=  75  MV101=CLOSED  MV201=OPEN  P101=ON(manual)  LIT101=1069.4mm  FIT101=-31.000L/s  [38s left]
[16:35:06] cycle=  76  MV101=CLOSED  MV201=OPEN  P101=ON(manual)  LIT101=1076.7mm  FIT101=-31.000L/s  [36s left]
[16:35:07] cycle=  77  MV101=CLOSED  MV201=OPEN  P101=ON(manual)  LIT101=1091.3mm  FIT101=-31.000L/s  [35s left]
[16:35:08] cycle=  78  MV101=CLOSED  MV201=OPEN  P101=ON(manual)  LIT101=1098.6mm  FIT101=-31.000L/s  [34s left]
[16:35:09] cycle=  79  MV101=CLOSED  MV201=OPEN  P101=ON(manual)  LIT101=1105.9mm  FIT101=-31.000L/s  [33s left]
[16:35:10] cycle=  80  MV101=CLOSED  MV201=OPEN  P101=ON(manual)  LIT101=1113.2mm  FIT101=-31.000L/s  [32s left]
[16:35:11] cycle=  81  MV101=CLOSED  MV201=OPEN  P101=ON(manual)  LIT101=1120.5mm  FIT101=-31.000L/s  [31s left]
[16:35:12] cycle=  82  MV101=CLOSED  MV201=OPEN  P101=ON(manual)  LIT101=1127.8mm  FIT101=-31.000L/s  [30s left]
[16:35:13] cycle=  83  MV101=CLOSED  MV201=OPEN  P101=ON(manual)  LIT101=1135.1mm  FIT101=-31.000L/s  [29s left]
[16:35:15] cycle=  84  MV101=CLOSED  MV201=OPEN  P101=ON(manual)  LIT101=1142.3mm  FIT101=-31.000L/s  [28s left]
[16:35:16] cycle=  85  MV101=CLOSED  MV201=OPEN  P101=ON(manual)  LIT101=1149.6mm  FIT101=-31.000L/s  [26s left]
[16:35:17] cycle=  86  MV101=CLOSED  MV201=OPEN  P101=ON(manual)  LIT101=1156.9mm  FIT101=-31.000L/s  [25s left]
[16:35:18] cycle=  87  MV101=CLOSED  MV201=OPEN  P101=ON(manual)  LIT101=1164.2mm  FIT101=-31.000L/s  [24s left]
[16:35:19] cycle=  88  MV101=CLOSED  MV201=OPEN  P101=ON(manual)  LIT101=1171.5mm  FIT101=-31.000L/s  [23s left]
[16:35:20] cycle=  89  MV101=CLOSED  MV201=OPEN  P101=ON(manual)  LIT101=1178.8mm  FIT101=-31.000L/s  [22s left]
[16:35:21] cycle=  90  MV101=CLOSED  MV201=OPEN  P101=ON(manual)  LIT101=1186.0mm  FIT101=-31.000L/s  [21s left]
[16:35:22] cycle=  91  MV101=CLOSED  MV201=OPEN  P101=ON(manual)  LIT101=1193.3mm  FIT101=-31.000L/s  [20s left]
[16:35:23] cycle=  92  MV101=CLOSED  MV201=OPEN  P101=ON(manual)  LIT101=1200.6mm  FIT101=-31.000L/s  [19s left]
[16:35:25] cycle=  93  MV101=CLOSED  MV201=OPEN  P101=ON(manual)  LIT101=1207.9mm  FIT101=-31.000L/s  [18s left]
[16:35:26] cycle=  94  MV101=CLOSED  MV201=OPEN  P101=ON(manual)  LIT101=1215.2mm  FIT101=-31.000L/s  [17s left]
[16:35:27] cycle=  95  MV101=CLOSED  MV201=OPEN  P101=ON(manual)  LIT101=1222.4mm  FIT101=-31.000L/s  [15s left]
[16:35:28] cycle=  96  MV101=CLOSED  MV201=OPEN  P101=ON(manual)  LIT101=1229.7mm  FIT101=-31.000L/s  [14s left]
[16:35:29] cycle=  97  MV101=CLOSED  MV201=OPEN  P101=ON(manual)  LIT101=1244.2mm  FIT101=-31.000L/s  [13s left]
[16:35:30] cycle=  98  MV101=CLOSED  MV201=OPEN  P101=ON(manual)  LIT101=1251.5mm  FIT101=-31.000L/s  [12s left]
[16:35:31] cycle=  99  MV101=CLOSED  MV201=OPEN  P101=ON(manual)  LIT101=1258.8mm  FIT101=-31.000L/s  [11s left]
[16:35:32] cycle= 100  MV101=CLOSED  MV201=OPEN  P101=ON(manual)  LIT101=1266.1mm  FIT101=-31.000L/s  [10s left]
[16:35:33] cycle= 101  MV101=CLOSED  MV201=OPEN  P101=ON(manual)  LIT101=1273.3mm  FIT101=-31.000L/s  [9s left]
[16:35:35] cycle= 102  MV101=CLOSED  MV201=OPEN  P101=ON(manual)  LIT101=1280.6mm  FIT101=-31.000L/s  [8s left]
[16:35:36] cycle= 103  MV101=CLOSED  MV201=OPEN  P101=ON(manual)  LIT101=1287.9mm  FIT101=-31.000L/s  [6s left]
[16:35:37] cycle= 104  MV101=CLOSED  MV201=OPEN  P101=ON(manual)  LIT101=1295.1mm  FIT101=-31.000L/s  [5s left]
[16:35:38] cycle= 105  MV101=CLOSED  MV201=OPEN  P101=ON(manual)  LIT101=1302.4mm  FIT101=-31.000L/s  [4s left]
[16:35:39] cycle= 106  MV101=CLOSED  MV201=OPEN  P101=ON(manual)  LIT101=1309.6mm  FIT101=-31.000L/s  [3s left]
[16:35:40] cycle= 107  MV101=CLOSED  MV201=OPEN  P101=ON(manual)  LIT101=1316.9mm  FIT101=-31.000L/s  [2s left]
[16:35:41] cycle= 108  MV101=CLOSED  MV201=OPEN  P101=ON(manual)  LIT101=1324.2mm  FIT101=-31.000L/s  [1s left]
[16:35:42] cycle= 109  MV101=CLOSED  MV201=OPEN  P101=ON(manual)  LIT101=1331.4mm  FIT101=-31.000L/s  [0s left]
[2026-04-16 16:35:43] 
[RESTORE] Restoring safe state...
[2026-04-16 16:35:43]     PLC1  HMI_MV101.Auto            = False  [Success]
[2026-04-16 16:35:43]     PLC1  HMI_MV101.Cmd             = 2  [Success]
[2026-04-16 16:35:43]     PLC1  HMI_MV101.Auto            = True  [Success]
[2026-04-16 16:35:43]     PLC1  HMI_P101.Auto             = False  [Success]
[2026-04-16 16:35:43]     PLC1  HMI_P101.Cmd              = 2  [Success]
[2026-04-16 16:35:43]     PLC1  HMI_P101.Auto             = True  [Success]
[2026-04-16 16:35:43]     PLC2  HMI_MV201.Auto            = False  [Success]
[2026-04-16 16:35:43]     PLC2  HMI_MV201.Cmd             = 1  [Success]
[2026-04-16 16:35:43]     PLC2  HMI_MV201.Auto            = True  [Success]
[2026-04-16 16:35:44] 
[RESTORE] MV101=CLOSED  MV201=OPEN  P101.Auto=True  LIT101=1345.9mm
[2026-04-16 16:35:44] [RESTORE] Done.
[2026-04-16 16:35:44] [+] Phase 1 complete.
