# autoencoder
# Command: /home/ubuntu/Desktop/Group 2/swat-cps-project/.venv/bin/python3 /home/ubuntu/Desktop/Group 2/swat-cps-project/scripts/defense/autoencoder_detector.py monitor --plc-ip 192.168.1.10 --model /home/ubuntu/Desktop/Group 2/swat-cps-project/ae_model.npz
# Started: 2026-04-16 16:12:14

[*] Loading model: /home/ubuntu/Desktop/Group 2/swat-cps-project/ae_model.npz
[*] Monitoring PLC 192.168.1.10  threshold=0.000717
[16:12:23] cycle=   10  *** AE ANOMALY ***  MSE=2628165.500000 > 0.000717
[16:12:24] cycle=   11  *** AE ANOMALY ***  MSE=2596300.250000 > 0.000717
[16:12:25] cycle=   12  *** AE ANOMALY ***  MSE=2565381.500000 > 0.000717
[16:12:26] cycle=   13  *** AE ANOMALY ***  MSE=2599540.500000 > 0.000717
[16:12:27] cycle=   14  *** AE ANOMALY ***  MSE=2919579.250000 > 0.000717
[16:12:28] cycle=   15  *** AE ANOMALY ***  MSE=4041023.250000 > 0.000717
[16:12:29] cycle=   16  *** AE ANOMALY ***  MSE=6418663.000000 > 0.000717
[16:12:30] cycle=   17  *** AE ANOMALY ***  MSE=10517975.000000 > 0.000717
[16:12:31] cycle=   18  *** AE ANOMALY ***  MSE=15729203.000000 > 0.000717
[16:12:32] cycle=   19  *** AE ANOMALY ***  MSE=21313924.000000 > 0.000717
[16:12:33] cycle=   20  *** AE ANOMALY ***  MSE=25664074.000000 > 0.000717
[16:12:34] cycle=   21  *** AE ANOMALY ***  MSE=27294358.000000 > 0.000717
[16:12:35] cycle=   22  *** AE ANOMALY ***  MSE=25820296.000000 > 0.000717
[16:12:36] cycle=   23  *** AE ANOMALY ***  MSE=21576550.000000 > 0.000717
[16:12:37] cycle=   24  *** AE ANOMALY ***  MSE=15829898.000000 > 0.000717
[16:12:38] cycle=   25  *** AE ANOMALY ***  MSE=10227430.000000 > 0.000717
[16:12:39] cycle=   26  *** AE ANOMALY ***  MSE=5625548.000000 > 0.000717
[16:12:41] cycle=   27  *** AE ANOMALY ***  MSE=2717762.750000 > 0.000717
[16:12:42] cycle=   28  *** AE ANOMALY ***  MSE=1085361.750000 > 0.000717
[16:12:43] cycle=   29  *** AE ANOMALY ***  MSE=396030.156250 > 0.000717
[16:12:44] cycle=   30  *** AE ANOMALY ***  MSE=140725.796875 > 0.000717
[16:12:45] cycle=   31  *** AE ANOMALY ***  MSE=43707.316406 > 0.000717
[16:12:46] cycle=   32  *** AE ANOMALY ***  MSE=12528.255859 > 0.000717
[16:12:47] cycle=   33  *** AE ANOMALY ***  MSE=2544.680908 > 0.000717
[16:12:48] cycle=   34  *** AE ANOMALY ***  MSE=374.164246 > 0.000717
[16:12:49] cycle=   35  *** AE ANOMALY ***  MSE=375.172058 > 0.000717
[16:12:50] cycle=   36  *** AE ANOMALY ***  MSE=390.250427 > 0.000717
[16:12:51] cycle=   37  *** AE ANOMALY ***  MSE=393.052216 > 0.000717
[16:12:52] cycle=   38  *** AE ANOMALY ***  MSE=393.043030 > 0.000717
[16:12:53] cycle=   39  *** AE ANOMALY ***  MSE=393.037048 > 0.000717
[16:12:54] cycle=   40  *** AE ANOMALY ***  MSE=393.037048 > 0.000717
[16:12:55] cycle=   41  *** AE ANOMALY ***  MSE=393.034729 > 0.000717
[16:12:56] cycle=   42  *** AE ANOMALY ***  MSE=393.040985 > 0.000717
[16:12:57] cycle=   43  *** AE ANOMALY ***  MSE=393.038025 > 0.000717
[16:12:58] cycle=   44  *** AE ANOMALY ***  MSE=393.036377 > 0.000717
[16:12:59] cycle=   45  *** AE ANOMALY ***  MSE=393.036835 > 0.000717
[16:13:00] cycle=   46  *** AE ANOMALY ***  MSE=393.030670 > 0.000717
[16:13:01] cycle=   47  *** AE ANOMALY ***  MSE=393.031708 > 0.000717
[16:13:02] cycle=   48  *** AE ANOMALY ***  MSE=393.026825 > 0.000717
[16:13:03] cycle=   49  *** AE ANOMALY ***  MSE=393.030853 > 0.000717
[16:13:04] cycle=   50  *** AE ANOMALY ***  MSE=393.029602 > 0.000717
[16:13:05] cycle=   51  *** AE ANOMALY ***  MSE=393.034393 > 0.000717
[16:13:06] cycle=   52  *** AE ANOMALY ***  MSE=393.037964 > 0.000717
[16:13:07] cycle=   53  *** AE ANOMALY ***  MSE=393.040527 > 0.000717
[16:13:08] cycle=   54  *** AE ANOMALY ***  MSE=393.042297 > 0.000717
[16:13:09] cycle=   55  *** AE ANOMALY ***  MSE=393.043427 > 0.000717
[16:13:10] cycle=   56  *** AE ANOMALY ***  MSE=393.045776 > 0.000717
[16:13:11] cycle=   57  *** AE ANOMALY ***  MSE=393.046539 > 0.000717
[16:13:12] cycle=   58  *** AE ANOMALY ***  MSE=393.046478 > 0.000717
[16:13:13] cycle=   59  *** AE ANOMALY ***  MSE=393.042419 > 0.000717
[16:13:14] cycle=   60  *** AE ANOMALY ***  MSE=393.038422 > 0.000717
[16:13:15] cycle=   61  *** AE ANOMALY ***  MSE=393.037659 > 0.000717
[16:13:16] cycle=   62  *** AE ANOMALY ***  MSE=393.036469 > 0.000717
[16:13:17] cycle=   63  *** AE ANOMALY ***  MSE=393.041840 > 0.000717
[16:13:18] cycle=   64  *** AE ANOMALY ***  MSE=393.041321 > 0.000717
[16:13:19] cycle=   65  *** AE ANOMALY ***  MSE=393.038971 > 0.000717
[16:13:20] cycle=   66  *** AE ANOMALY ***  MSE=393.038361 > 0.000717
[16:13:21] cycle=   67  *** AE ANOMALY ***  MSE=393.032715 > 0.000717
[16:13:22] cycle=   68  *** AE ANOMALY ***  MSE=393.025299 > 0.000717
[16:13:23] cycle=   69  *** AE ANOMALY ***  MSE=393.022858 > 0.000717
[16:13:24] cycle=   70  *** AE ANOMALY ***  MSE=393.014343 > 0.000717
[16:13:25] cycle=   71  *** AE ANOMALY ***  MSE=393.018005 > 0.000717
[16:13:26] cycle=   72  *** AE ANOMALY ***  MSE=393.009644 > 0.000717
[16:13:27] cycle=   73  *** AE ANOMALY ***  MSE=393.012604 > 0.000717
[16:13:28] cycle=   74  *** AE ANOMALY ***  MSE=393.008362 > 0.000717
[16:13:29] cycle=   75  *** AE ANOMALY ***  MSE=393.006927 > 0.000717
[16:13:30] cycle=   76  *** AE ANOMALY ***  MSE=393.005920 > 0.000717
[16:13:31] cycle=   77  *** AE ANOMALY ***  MSE=392.997650 > 0.000717
[16:13:32] cycle=   78  *** AE ANOMALY ***  MSE=393.001282 > 0.000717
[16:13:33] cycle=   79  *** AE ANOMALY ***  MSE=384.953217 > 0.000717
[16:13:34] cycle=   80  *** AE ANOMALY ***  MSE=375.664856 > 0.000717
[16:13:35] cycle=   81  *** AE ANOMALY ***  MSE=368.406677 > 0.000717
[16:13:36] cycle=   82  *** AE ANOMALY ***  MSE=358.813751 > 0.000717
[16:13:37] cycle=   83  *** AE ANOMALY ***  MSE=348.887512 > 0.000717
[16:13:38] cycle=   84  *** AE ANOMALY ***  MSE=339.874725 > 0.000717
[16:13:39] cycle=   85  *** AE ANOMALY ***  MSE=329.699127 > 0.000717
[16:13:40] cycle=   86  *** AE ANOMALY ***  MSE=320.522522 > 0.000717
[16:13:41] cycle=   87  *** AE ANOMALY ***  MSE=311.996399 > 0.000717
[16:13:42] cycle=   88  *** AE ANOMALY ***  MSE=300.970398 > 0.000717
[16:13:43] cycle=   89  *** AE ANOMALY ***  MSE=305.181213 > 0.000717
[16:13:44] cycle=   90  *** AE ANOMALY ***  MSE=309.803894 > 0.000717
[16:13:45] cycle=   91  *** AE ANOMALY ***  MSE=313.460022 > 0.000717
[16:13:46] cycle=   92  *** AE ANOMALY ***  MSE=318.100067 > 0.000717
[16:13:47] cycle=   93  *** AE ANOMALY ***  MSE=322.811707 > 0.000717
[16:13:48] cycle=   94  *** AE ANOMALY ***  MSE=327.079132 > 0.000717
[16:13:49] cycle=   95  *** AE ANOMALY ***  MSE=332.040436 > 0.000717
[16:13:50] cycle=   96  *** AE ANOMALY ***  MSE=336.287720 > 0.000717
[16:13:51] cycle=   97  *** AE ANOMALY ***  MSE=340.063202 > 0.000717
[16:13:52] cycle=   98  *** AE ANOMALY ***  MSE=345.440125 > 0.000717
[16:13:53] cycle=   99  *** AE ANOMALY ***  MSE=345.438904 > 0.000717
[16:13:54] cycle=  100  *** AE ANOMALY ***  MSE=345.447998 > 0.000717
[16:13:55] cycle=  101  *** AE ANOMALY ***  MSE=345.442291 > 0.000717
[16:13:56] cycle=  102  *** AE ANOMALY ***  MSE=345.429291 > 0.000717
[16:13:57] cycle=  103  *** AE ANOMALY ***  MSE=345.409332 > 0.000717
[16:13:58] cycle=  104  *** AE ANOMALY ***  MSE=345.379333 > 0.000717
[16:13:59] cycle=  105  *** AE ANOMALY ***  MSE=345.385681 > 0.000717
[16:14:00] cycle=  106  *** AE ANOMALY ***  MSE=345.371887 > 0.000717
[16:14:01] cycle=  107  *** AE ANOMALY ***  MSE=345.403198 > 0.000717
[16:14:02] cycle=  108  *** AE ANOMALY ***  MSE=345.400208 > 0.000717
[16:14:03] cycle=  109  *** AE ANOMALY ***  MSE=345.396149 > 0.000717
[16:14:04] cycle=  110  *** AE ANOMALY ***  MSE=345.401001 > 0.000717
[16:14:05] cycle=  111  *** AE ANOMALY ***  MSE=345.402496 > 0.000717
[16:14:06] cycle=  112  *** AE ANOMALY ***  MSE=345.398865 > 0.000717
[16:14:07] cycle=  113  *** AE ANOMALY ***  MSE=345.407959 > 0.000717
[16:14:08] cycle=  114  *** AE ANOMALY ***  MSE=345.405457 > 0.000717
[16:14:09] cycle=  115  *** AE ANOMALY ***  MSE=345.406586 > 0.000717
[16:14:10] cycle=  116  *** AE ANOMALY ***  MSE=345.404694 > 0.000717
[16:14:11] cycle=  117  *** AE ANOMALY ***  MSE=345.395447 > 0.000717
[16:14:12] cycle=  118  *** AE ANOMALY ***  MSE=345.397888 > 0.000717
[16:14:13] cycle=  119  *** AE ANOMALY ***  MSE=345.388672 > 0.000717
[16:14:14] cycle=  120  *** AE ANOMALY ***  MSE=345.393402 > 0.000717
[16:14:15] cycle=  121  *** AE ANOMALY ***  MSE=345.389313 > 0.000717
[16:14:16] cycle=  122  *** AE ANOMALY ***  MSE=345.394806 > 0.000717
