# fusion
# Command: /home/ubuntu/Desktop/Group 2/swat-cps-project/.venv/bin/python3 /home/ubuntu/Desktop/Group 2/swat-cps-project/scripts/defense/fusion.py --recovery-script /home/ubuntu/Desktop/Group 2/swat-cps-project/scripts/recovery/recovery_agent.py
# Started: 2026-04-16 16:12:14

2026-04-16 16:12:14,592 [FUSION] INFO Fusion engine started. Waiting for flag files...
2026-04-16 16:12:15,594 [FUSION] WARNING Partial signal: score=1.5 (inv=1 ae=0) — window=[0.0, 1.5]
2026-04-16 16:12:16,596 [FUSION] WARNING Partial signal: score=1.5 (inv=1 ae=0) — window=[0.0, 1.5, 1.5]
2026-04-16 16:12:17,598 [FUSION] ERROR ⚠ ALERT: score=1.5 sustained 3 cycles (inv=1 ae=0)
2026-04-16 16:12:17,599 [FUSION] ERROR → Triggering RECOVERY PIPELINE
2026-04-16 16:12:18,602 [FUSION] ERROR ⚠ ALERT: score=1.5 sustained 3 cycles (inv=1 ae=0)
2026-04-16 16:12:19,604 [FUSION] ERROR ⚠ ALERT: score=1.5 sustained 3 cycles (inv=1 ae=0)
2026-04-16 16:12:20,605 [FUSION] ERROR ⚠ ALERT: score=1.5 sustained 3 cycles (inv=1 ae=0)
2026-04-16 16:12:21,607 [FUSION] ERROR ⚠ ALERT: score=1.5 sustained 3 cycles (inv=1 ae=0)
2026-04-16 16:12:22,609 [FUSION] ERROR ⚠ ALERT: score=1.5 sustained 3 cycles (inv=1 ae=0)
2026-04-16 16:12:23,610 [FUSION] ERROR ⚠ ALERT: score=1.5 sustained 3 cycles (inv=1 ae=0)
2026-04-16 16:12:24,612 [FUSION] ERROR ⚠ ALERT: score=2.5 sustained 3 cycles (inv=1 ae=1)
2026-04-16 16:12:25,614 [FUSION] ERROR ⚠ ALERT: score=2.5 sustained 3 cycles (inv=1 ae=1)
2026-04-16 16:12:26,616 [FUSION] ERROR ⚠ ALERT: score=2.5 sustained 3 cycles (inv=1 ae=1)
2026-04-16 16:12:27,618 [FUSION] ERROR ⚠ ALERT: score=2.5 sustained 3 cycles (inv=1 ae=1)
2026-04-16 16:12:28,620 [FUSION] ERROR ⚠ ALERT: score=2.5 sustained 3 cycles (inv=1 ae=1)
2026-04-16 16:12:29,622 [FUSION] ERROR ⚠ ALERT: score=2.5 sustained 3 cycles (inv=1 ae=1)
2026-04-16 16:12:30,624 [FUSION] ERROR ⚠ ALERT: score=2.5 sustained 3 cycles (inv=1 ae=1)
2026-04-16 16:12:31,626 [FUSION] ERROR ⚠ ALERT: score=2.5 sustained 3 cycles (inv=1 ae=1)
2026-04-16 16:12:32,628 [FUSION] ERROR ⚠ ALERT: score=2.5 sustained 3 cycles (inv=1 ae=1)
2026-04-16 16:12:33,630 [FUSION] ERROR ⚠ ALERT: score=2.5 sustained 3 cycles (inv=1 ae=1)
2026-04-16 16:12:34,632 [FUSION] ERROR ⚠ ALERT: score=2.5 sustained 3 cycles (inv=1 ae=1)
2026-04-16 16:12:35,634 [FUSION] ERROR ⚠ ALERT: score=2.5 sustained 3 cycles (inv=1 ae=1)
2026-04-16 16:12:36,635 [FUSION] ERROR ⚠ ALERT: score=2.5 sustained 3 cycles (inv=1 ae=1)
2026-04-16 16:12:37,637 [FUSION] ERROR ⚠ ALERT: score=2.5 sustained 3 cycles (inv=1 ae=1)
2026-04-16 16:12:38,639 [FUSION] ERROR ⚠ ALERT: score=2.5 sustained 3 cycles (inv=1 ae=1)
2026-04-16 16:12:39,641 [FUSION] ERROR ⚠ ALERT: score=2.5 sustained 3 cycles (inv=1 ae=1)
2026-04-16 16:12:40,643 [FUSION] ERROR ⚠ ALERT: score=2.5 sustained 3 cycles (inv=1 ae=1)
2026-04-16 16:12:41,645 [FUSION] ERROR ⚠ ALERT: score=2.5 sustained 3 cycles (inv=1 ae=1)
2026-04-16 16:12:42,647 [FUSION] ERROR ⚠ ALERT: score=2.5 sustained 3 cycles (inv=1 ae=1)
2026-04-16 16:12:43,649 [FUSION] ERROR ⚠ ALERT: score=2.5 sustained 3 cycles (inv=1 ae=1)
2026-04-16 16:12:44,651 [FUSION] ERROR ⚠ ALERT: score=2.5 sustained 3 cycles (inv=1 ae=1)
2026-04-16 16:12:45,653 [FUSION] ERROR ⚠ ALERT: score=2.5 sustained 3 cycles (inv=1 ae=1)
2026-04-16 16:12:46,655 [FUSION] ERROR ⚠ ALERT: score=2.5 sustained 3 cycles (inv=1 ae=1)
2026-04-16 16:12:47,656 [FUSION] ERROR ⚠ ALERT: score=2.5 sustained 3 cycles (inv=1 ae=1)
2026-04-16 16:12:47,657 [FUSION] ERROR → Triggering RECOVERY PIPELINE
2026-04-16 16:12:48,660 [FUSION] ERROR ⚠ ALERT: score=2.5 sustained 3 cycles (inv=1 ae=1)
2026-04-16 16:12:49,661 [FUSION] ERROR ⚠ ALERT: score=2.5 sustained 3 cycles (inv=1 ae=1)
2026-04-16 16:12:50,663 [FUSION] ERROR ⚠ ALERT: score=2.5 sustained 3 cycles (inv=1 ae=1)
2026-04-16 16:12:51,664 [FUSION] ERROR ⚠ ALERT: score=2.5 sustained 3 cycles (inv=1 ae=1)
2026-04-16 16:12:52,666 [FUSION] ERROR ⚠ ALERT: score=2.5 sustained 3 cycles (inv=1 ae=1)
2026-04-16 16:12:53,668 [FUSION] ERROR ⚠ ALERT: score=2.5 sustained 3 cycles (inv=1 ae=1)
2026-04-16 16:12:54,670 [FUSION] ERROR ⚠ ALERT: score=2.5 sustained 3 cycles (inv=1 ae=1)
2026-04-16 16:12:55,672 [FUSION] ERROR ⚠ ALERT: score=2.5 sustained 3 cycles (inv=1 ae=1)
2026-04-16 16:12:56,674 [FUSION] ERROR ⚠ ALERT: score=2.5 sustained 3 cycles (inv=1 ae=1)
2026-04-16 16:12:57,676 [FUSION] ERROR ⚠ ALERT: score=2.5 sustained 3 cycles (inv=1 ae=1)
2026-04-16 16:12:58,677 [FUSION] ERROR ⚠ ALERT: score=2.5 sustained 3 cycles (inv=1 ae=1)
2026-04-16 16:12:59,679 [FUSION] ERROR ⚠ ALERT: score=2.5 sustained 3 cycles (inv=1 ae=1)
2026-04-16 16:13:00,681 [FUSION] ERROR ⚠ ALERT: score=2.5 sustained 3 cycles (inv=1 ae=1)
2026-04-16 16:13:01,683 [FUSION] ERROR ⚠ ALERT: score=2.5 sustained 3 cycles (inv=1 ae=1)
2026-04-16 16:13:02,685 [FUSION] ERROR ⚠ ALERT: score=2.5 sustained 3 cycles (inv=1 ae=1)
2026-04-16 16:13:03,687 [FUSION] ERROR ⚠ ALERT: score=2.5 sustained 3 cycles (inv=1 ae=1)
2026-04-16 16:13:04,688 [FUSION] ERROR ⚠ ALERT: score=2.5 sustained 3 cycles (inv=1 ae=1)
2026-04-16 16:13:05,690 [FUSION] ERROR ⚠ ALERT: score=2.5 sustained 3 cycles (inv=1 ae=1)
2026-04-16 16:13:06,692 [FUSION] ERROR ⚠ ALERT: score=2.5 sustained 3 cycles (inv=1 ae=1)
2026-04-16 16:13:07,694 [FUSION] ERROR ⚠ ALERT: score=2.5 sustained 3 cycles (inv=1 ae=1)
2026-04-16 16:13:08,696 [FUSION] ERROR ⚠ ALERT: score=2.5 sustained 3 cycles (inv=1 ae=1)
2026-04-16 16:13:09,698 [FUSION] ERROR ⚠ ALERT: score=2.5 sustained 3 cycles (inv=1 ae=1)
2026-04-16 16:13:10,700 [FUSION] ERROR ⚠ ALERT: score=2.5 sustained 3 cycles (inv=1 ae=1)
2026-04-16 16:13:11,702 [FUSION] ERROR ⚠ ALERT: score=2.5 sustained 3 cycles (inv=1 ae=1)
2026-04-16 16:13:12,704 [FUSION] ERROR ⚠ ALERT: score=2.5 sustained 3 cycles (inv=1 ae=1)
2026-04-16 16:13:13,706 [FUSION] ERROR ⚠ ALERT: score=2.5 sustained 3 cycles (inv=1 ae=1)
2026-04-16 16:13:14,710 [FUSION] ERROR ⚠ ALERT: score=2.5 sustained 3 cycles (inv=1 ae=1)
2026-04-16 16:13:15,712 [FUSION] ERROR ⚠ ALERT: score=2.5 sustained 3 cycles (inv=1 ae=1)
2026-04-16 16:13:16,714 [FUSION] ERROR ⚠ ALERT: score=2.5 sustained 3 cycles (inv=1 ae=1)
2026-04-16 16:13:17,716 [FUSION] ERROR ⚠ ALERT: score=2.5 sustained 3 cycles (inv=1 ae=1)
2026-04-16 16:13:17,716 [FUSION] ERROR → Triggering RECOVERY PIPELINE
2026-04-16 16:13:18,719 [FUSION] ERROR ⚠ ALERT: score=2.5 sustained 3 cycles (inv=1 ae=1)
2026-04-16 16:13:19,721 [FUSION] ERROR ⚠ ALERT: score=2.5 sustained 3 cycles (inv=1 ae=1)
2026-04-16 16:13:20,723 [FUSION] ERROR ⚠ ALERT: score=2.5 sustained 3 cycles (inv=1 ae=1)
2026-04-16 16:13:21,725 [FUSION] ERROR ⚠ ALERT: score=2.5 sustained 3 cycles (inv=1 ae=1)
2026-04-16 16:13:22,727 [FUSION] ERROR ⚠ ALERT: score=2.5 sustained 3 cycles (inv=1 ae=1)
2026-04-16 16:13:23,729 [FUSION] ERROR ⚠ ALERT: score=2.5 sustained 3 cycles (inv=1 ae=1)
2026-04-16 16:13:24,731 [FUSION] ERROR ⚠ ALERT: score=2.5 sustained 3 cycles (inv=1 ae=1)
2026-04-16 16:13:25,733 [FUSION] ERROR ⚠ ALERT: score=2.5 sustained 3 cycles (inv=1 ae=1)
2026-04-16 16:13:26,735 [FUSION] ERROR ⚠ ALERT: score=2.5 sustained 3 cycles (inv=1 ae=1)
2026-04-16 16:13:27,737 [FUSION] ERROR ⚠ ALERT: score=2.5 sustained 3 cycles (inv=1 ae=1)
2026-04-16 16:13:28,739 [FUSION] ERROR ⚠ ALERT: score=2.5 sustained 3 cycles (inv=1 ae=1)
2026-04-16 16:13:29,740 [FUSION] ERROR ⚠ ALERT: score=2.5 sustained 3 cycles (inv=1 ae=1)
2026-04-16 16:13:30,742 [FUSION] ERROR ⚠ ALERT: score=2.5 sustained 3 cycles (inv=1 ae=1)
2026-04-16 16:13:31,744 [FUSION] ERROR ⚠ ALERT: score=2.5 sustained 3 cycles (inv=1 ae=1)
2026-04-16 16:13:32,746 [FUSION] ERROR ⚠ ALERT: score=2.5 sustained 3 cycles (inv=1 ae=1)
2026-04-16 16:13:33,748 [FUSION] ERROR ⚠ ALERT: score=2.5 sustained 3 cycles (inv=1 ae=1)
2026-04-16 16:13:34,750 [FUSION] ERROR ⚠ ALERT: score=2.5 sustained 3 cycles (inv=1 ae=1)
2026-04-16 16:13:35,752 [FUSION] ERROR ⚠ ALERT: score=2.5 sustained 3 cycles (inv=1 ae=1)
2026-04-16 16:13:36,754 [FUSION] ERROR ⚠ ALERT: score=2.5 sustained 3 cycles (inv=1 ae=1)
2026-04-16 16:13:37,756 [FUSION] ERROR ⚠ ALERT: score=2.5 sustained 3 cycles (inv=1 ae=1)
2026-04-16 16:13:38,758 [FUSION] ERROR ⚠ ALERT: score=2.5 sustained 3 cycles (inv=1 ae=1)
2026-04-16 16:13:39,760 [FUSION] ERROR ⚠ ALERT: score=2.5 sustained 3 cycles (inv=1 ae=1)
2026-04-16 16:13:40,762 [FUSION] ERROR ⚠ ALERT: score=2.5 sustained 3 cycles (inv=1 ae=1)
2026-04-16 16:13:41,763 [FUSION] ERROR ⚠ ALERT: score=2.5 sustained 3 cycles (inv=1 ae=1)
2026-04-16 16:13:42,765 [FUSION] ERROR ⚠ ALERT: score=2.5 sustained 3 cycles (inv=1 ae=1)
2026-04-16 16:13:43,767 [FUSION] ERROR ⚠ ALERT: score=2.5 sustained 3 cycles (inv=1 ae=1)
2026-04-16 16:13:44,769 [FUSION] ERROR ⚠ ALERT: score=2.5 sustained 3 cycles (inv=1 ae=1)
2026-04-16 16:13:45,771 [FUSION] ERROR ⚠ ALERT: score=2.5 sustained 3 cycles (inv=1 ae=1)
2026-04-16 16:13:46,773 [FUSION] ERROR ⚠ ALERT: score=2.5 sustained 3 cycles (inv=1 ae=1)
2026-04-16 16:13:47,775 [FUSION] ERROR ⚠ ALERT: score=2.5 sustained 3 cycles (inv=1 ae=1)
2026-04-16 16:13:47,775 [FUSION] ERROR → Triggering RECOVERY PIPELINE
2026-04-16 16:13:48,778 [FUSION] ERROR ⚠ ALERT: score=2.5 sustained 3 cycles (inv=1 ae=1)
2026-04-16 16:13:49,780 [FUSION] ERROR ⚠ ALERT: score=2.5 sustained 3 cycles (inv=1 ae=1)
2026-04-16 16:13:50,782 [FUSION] ERROR ⚠ ALERT: score=2.5 sustained 3 cycles (inv=1 ae=1)
2026-04-16 16:13:51,784 [FUSION] ERROR ⚠ ALERT: score=2.5 sustained 3 cycles (inv=1 ae=1)
2026-04-16 16:13:52,786 [FUSION] ERROR ⚠ ALERT: score=2.5 sustained 3 cycles (inv=1 ae=1)
2026-04-16 16:13:53,787 [FUSION] ERROR ⚠ ALERT: score=2.5 sustained 3 cycles (inv=1 ae=1)
2026-04-16 16:13:54,789 [FUSION] ERROR ⚠ ALERT: score=2.5 sustained 3 cycles (inv=1 ae=1)
2026-04-16 16:13:55,791 [FUSION] ERROR ⚠ ALERT: score=2.5 sustained 3 cycles (inv=1 ae=1)
2026-04-16 16:13:56,793 [FUSION] ERROR ⚠ ALERT: score=2.5 sustained 3 cycles (inv=1 ae=1)
2026-04-16 16:13:57,795 [FUSION] ERROR ⚠ ALERT: score=2.5 sustained 3 cycles (inv=1 ae=1)
2026-04-16 16:13:58,797 [FUSION] ERROR ⚠ ALERT: score=2.5 sustained 3 cycles (inv=1 ae=1)
2026-04-16 16:13:59,799 [FUSION] ERROR ⚠ ALERT: score=2.5 sustained 3 cycles (inv=1 ae=1)
2026-04-16 16:14:00,801 [FUSION] ERROR ⚠ ALERT: score=2.5 sustained 3 cycles (inv=1 ae=1)
2026-04-16 16:14:01,803 [FUSION] ERROR ⚠ ALERT: score=2.5 sustained 3 cycles (inv=1 ae=1)
2026-04-16 16:14:02,805 [FUSION] ERROR ⚠ ALERT: score=2.5 sustained 3 cycles (inv=1 ae=1)
2026-04-16 16:14:03,807 [FUSION] ERROR ⚠ ALERT: score=2.5 sustained 3 cycles (inv=1 ae=1)
2026-04-16 16:14:04,808 [FUSION] ERROR ⚠ ALERT: score=2.5 sustained 3 cycles (inv=1 ae=1)
2026-04-16 16:14:05,810 [FUSION] ERROR ⚠ ALERT: score=2.5 sustained 3 cycles (inv=1 ae=1)
2026-04-16 16:14:06,812 [FUSION] ERROR ⚠ ALERT: score=2.5 sustained 3 cycles (inv=1 ae=1)
2026-04-16 16:14:07,814 [FUSION] ERROR ⚠ ALERT: score=2.5 sustained 3 cycles (inv=1 ae=1)
2026-04-16 16:14:08,816 [FUSION] ERROR ⚠ ALERT: score=2.5 sustained 3 cycles (inv=1 ae=1)
2026-04-16 16:14:09,818 [FUSION] ERROR ⚠ ALERT: score=2.5 sustained 3 cycles (inv=1 ae=1)
2026-04-16 16:14:10,820 [FUSION] ERROR ⚠ ALERT: score=2.5 sustained 3 cycles (inv=1 ae=1)
2026-04-16 16:14:11,822 [FUSION] ERROR ⚠ ALERT: score=2.5 sustained 3 cycles (inv=1 ae=1)
2026-04-16 16:14:12,824 [FUSION] ERROR ⚠ ALERT: score=2.5 sustained 3 cycles (inv=1 ae=1)
2026-04-16 16:14:13,826 [FUSION] ERROR ⚠ ALERT: score=2.5 sustained 3 cycles (inv=1 ae=1)
2026-04-16 16:14:14,834 [FUSION] ERROR ⚠ ALERT: score=2.5 sustained 3 cycles (inv=1 ae=1)
2026-04-16 16:14:15,836 [FUSION] ERROR ⚠ ALERT: score=2.5 sustained 3 cycles (inv=1 ae=1)
2026-04-16 16:14:16,837 [FUSION] ERROR ⚠ ALERT: score=2.5 sustained 3 cycles (inv=1 ae=1)
2026-04-16 16:14:17,839 [FUSION] ERROR ⚠ ALERT: score=2.5 sustained 3 cycles (inv=1 ae=1)
2026-04-16 16:14:17,840 [FUSION] ERROR → Triggering RECOVERY PIPELINE
2026-04-16 16:14:18,843 [FUSION] ERROR ⚠ ALERT: score=2.5 sustained 3 cycles (inv=1 ae=1)
2026-04-16 16:14:19,845 [FUSION] ERROR ⚠ ALERT: score=2.5 sustained 3 cycles (inv=1 ae=1)
2026-04-16 16:14:20,847 [FUSION] ERROR ⚠ ALERT: score=2.5 sustained 3 cycles (inv=1 ae=1)
2026-04-16 16:14:21,849 [FUSION] ERROR ⚠ ALERT: score=2.5 sustained 3 cycles (inv=1 ae=1)
2026-04-16 16:14:22,850 [FUSION] ERROR ⚠ ALERT: score=2.5 sustained 3 cycles (inv=1 ae=1)
2026-04-16 16:14:23,852 [FUSION] ERROR ⚠ ALERT: score=2.5 sustained 3 cycles (inv=1 ae=1)
2026-04-16 16:14:24,854 [FUSION] ERROR ⚠ ALERT: score=2.5 sustained 3 cycles (inv=1 ae=1)
2026-04-16 16:14:25,856 [FUSION] ERROR ⚠ ALERT: score=2.5 sustained 3 cycles (inv=1 ae=1)
2026-04-16 16:14:26,858 [FUSION] ERROR ⚠ ALERT: score=2.5 sustained 3 cycles (inv=1 ae=1)
2026-04-16 16:14:27,860 [FUSION] ERROR ⚠ ALERT: score=2.5 sustained 3 cycles (inv=1 ae=1)
2026-04-16 16:14:28,862 [FUSION] ERROR ⚠ ALERT: score=2.5 sustained 3 cycles (inv=1 ae=1)
2026-04-16 16:14:29,864 [FUSION] ERROR ⚠ ALERT: score=2.5 sustained 3 cycles (inv=1 ae=1)
2026-04-16 16:14:30,866 [FUSION] ERROR ⚠ ALERT: score=2.5 sustained 3 cycles (inv=1 ae=1)
2026-04-16 16:14:31,867 [FUSION] ERROR ⚠ ALERT: score=2.5 sustained 3 cycles (inv=1 ae=1)
2026-04-16 16:14:32,869 [FUSION] ERROR ⚠ ALERT: score=2.5 sustained 3 cycles (inv=1 ae=1)
2026-04-16 16:14:33,870 [FUSION] ERROR ⚠ ALERT: score=2.5 sustained 3 cycles (inv=1 ae=1)
2026-04-16 16:14:34,872 [FUSION] ERROR ⚠ ALERT: score=2.5 sustained 3 cycles (inv=1 ae=1)
2026-04-16 16:14:35,874 [FUSION] ERROR ⚠ ALERT: score=2.5 sustained 3 cycles (inv=1 ae=1)
2026-04-16 16:14:36,875 [FUSION] ERROR ⚠ ALERT: score=2.5 sustained 3 cycles (inv=1 ae=1)
2026-04-16 16:14:37,876 [FUSION] ERROR ⚠ ALERT: score=2.5 sustained 3 cycles (inv=1 ae=1)
2026-04-16 16:14:38,877 [FUSION] ERROR ⚠ ALERT: score=2.5 sustained 3 cycles (inv=1 ae=1)
2026-04-16 16:14:39,879 [FUSION] ERROR ⚠ ALERT: score=2.5 sustained 3 cycles (inv=1 ae=1)
2026-04-16 16:14:40,881 [FUSION] ERROR ⚠ ALERT: score=2.5 sustained 3 cycles (inv=1 ae=1)
2026-04-16 16:14:41,883 [FUSION] ERROR ⚠ ALERT: score=2.5 sustained 3 cycles (inv=1 ae=1)
2026-04-16 16:14:42,885 [FUSION] ERROR ⚠ ALERT: score=2.5 sustained 3 cycles (inv=1 ae=1)
2026-04-16 16:14:43,887 [FUSION] ERROR ⚠ ALERT: score=2.5 sustained 3 cycles (inv=1 ae=1)
2026-04-16 16:14:44,889 [FUSION] ERROR ⚠ ALERT: score=2.5 sustained 3 cycles (inv=1 ae=1)
2026-04-16 16:14:45,891 [FUSION] ERROR ⚠ ALERT: score=2.5 sustained 3 cycles (inv=1 ae=1)
2026-04-16 16:14:46,893 [FUSION] ERROR ⚠ ALERT: score=2.5 sustained 3 cycles (inv=1 ae=1)
2026-04-16 16:14:47,895 [FUSION] ERROR ⚠ ALERT: score=2.5 sustained 3 cycles (inv=1 ae=1)
2026-04-16 16:14:47,895 [FUSION] ERROR → Triggering RECOVERY PIPELINE
2026-04-16 16:14:48,898 [FUSION] ERROR ⚠ ALERT: score=2.5 sustained 3 cycles (inv=1 ae=1)
2026-04-16 16:14:49,900 [FUSION] ERROR ⚠ ALERT: score=2.5 sustained 3 cycles (inv=1 ae=1)
2026-04-16 16:14:50,902 [FUSION] ERROR ⚠ ALERT: score=2.5 sustained 3 cycles (inv=1 ae=1)
2026-04-16 16:14:51,904 [FUSION] ERROR ⚠ ALERT: score=2.5 sustained 3 cycles (inv=1 ae=1)
2026-04-16 16:14:52,906 [FUSION] ERROR ⚠ ALERT: score=2.5 sustained 3 cycles (inv=1 ae=1)
2026-04-16 16:14:53,908 [FUSION] ERROR ⚠ ALERT: score=2.5 sustained 3 cycles (inv=1 ae=1)
2026-04-16 16:14:54,910 [FUSION] ERROR ⚠ ALERT: score=2.5 sustained 3 cycles (inv=1 ae=1)
2026-04-16 16:14:55,911 [FUSION] ERROR ⚠ ALERT: score=2.5 sustained 3 cycles (inv=1 ae=1)
2026-04-16 16:14:56,913 [FUSION] ERROR ⚠ ALERT: score=2.5 sustained 3 cycles (inv=1 ae=1)
2026-04-16 16:14:57,915 [FUSION] ERROR ⚠ ALERT: score=2.5 sustained 3 cycles (inv=1 ae=1)
2026-04-16 16:14:58,917 [FUSION] ERROR ⚠ ALERT: score=2.5 sustained 3 cycles (inv=1 ae=1)
2026-04-16 16:14:59,919 [FUSION] ERROR ⚠ ALERT: score=2.5 sustained 3 cycles (inv=1 ae=1)
2026-04-16 16:15:00,921 [FUSION] ERROR ⚠ ALERT: score=2.5 sustained 3 cycles (inv=1 ae=1)
2026-04-16 16:15:01,923 [FUSION] ERROR ⚠ ALERT: score=2.5 sustained 3 cycles (inv=1 ae=1)
2026-04-16 16:15:02,925 [FUSION] ERROR ⚠ ALERT: score=2.5 sustained 3 cycles (inv=1 ae=1)
2026-04-16 16:15:03,927 [FUSION] ERROR ⚠ ALERT: score=2.5 sustained 3 cycles (inv=1 ae=1)
2026-04-16 16:15:04,929 [FUSION] ERROR ⚠ ALERT: score=2.5 sustained 3 cycles (inv=1 ae=1)
2026-04-16 16:15:05,931 [FUSION] ERROR ⚠ ALERT: score=2.5 sustained 3 cycles (inv=1 ae=1)
2026-04-16 16:15:06,933 [FUSION] ERROR ⚠ ALERT: score=2.5 sustained 3 cycles (inv=1 ae=1)
2026-04-16 16:15:07,934 [FUSION] ERROR ⚠ ALERT: score=2.5 sustained 3 cycles (inv=1 ae=1)
2026-04-16 16:15:08,936 [FUSION] ERROR ⚠ ALERT: score=2.5 sustained 3 cycles (inv=1 ae=1)
2026-04-16 16:15:09,938 [FUSION] ERROR ⚠ ALERT: score=2.5 sustained 3 cycles (inv=1 ae=1)
2026-04-16 16:15:10,940 [FUSION] ERROR ⚠ ALERT: score=2.5 sustained 3 cycles (inv=1 ae=1)
2026-04-16 16:15:11,942 [FUSION] ERROR ⚠ ALERT: score=2.5 sustained 3 cycles (inv=1 ae=1)
2026-04-16 16:15:12,944 [FUSION] ERROR ⚠ ALERT: score=2.5 sustained 3 cycles (inv=1 ae=1)
2026-04-16 16:15:13,946 [FUSION] ERROR ⚠ ALERT: score=2.5 sustained 3 cycles (inv=1 ae=1)
2026-04-16 16:15:14,953 [FUSION] ERROR ⚠ ALERT: score=2.5 sustained 3 cycles (inv=1 ae=1)
2026-04-16 16:15:15,955 [FUSION] ERROR ⚠ ALERT: score=2.5 sustained 3 cycles (inv=1 ae=1)
2026-04-16 16:15:16,957 [FUSION] ERROR ⚠ ALERT: score=2.5 sustained 3 cycles (inv=1 ae=1)
2026-04-16 16:15:17,959 [FUSION] ERROR ⚠ ALERT: score=2.5 sustained 3 cycles (inv=1 ae=1)
2026-04-16 16:15:17,959 [FUSION] ERROR → Triggering RECOVERY PIPELINE
2026-04-16 16:15:18,962 [FUSION] ERROR ⚠ ALERT: score=2.5 sustained 3 cycles (inv=1 ae=1)
2026-04-16 16:15:19,964 [FUSION] ERROR ⚠ ALERT: score=2.5 sustained 3 cycles (inv=1 ae=1)
2026-04-16 16:15:20,966 [FUSION] ERROR ⚠ ALERT: score=2.5 sustained 3 cycles (inv=1 ae=1)
2026-04-16 16:15:21,968 [FUSION] ERROR ⚠ ALERT: score=2.5 sustained 3 cycles (inv=1 ae=1)
