# invariant_checker
# Command: /home/ubuntu/Desktop/Group 2/swat-cps-project/.venv/bin/python3 /home/ubuntu/Desktop/Group 2/swat-cps-project/scripts/defense/invariant_checker.py --plc-ip 192.168.1.10
# Started: 2026-04-16 16:12:14

[*] Invariant Checker  PLC=192.168.1.10  interval=1.0s
[16:12:14] cycle=    1  *** VIOLATION ***
             I-6: P101=ON and P102=ON simultaneously
             I-8: FIT101=20700.000 exceeds max (2.0)
[16:12:15] cycle=    2  *** VIOLATION ***
             I-6: P101=ON and P102=ON simultaneously
             I-8: FIT101=20700.000 exceeds max (2.0)
[16:12:16] cycle=    3  *** VIOLATION ***
             I-3: LIT101=800.3 > 800.0 but MV101=OPEN
             I-6: P101=ON and P102=ON simultaneously
             I-8: FIT101=20700.000 exceeds max (2.0)
[16:12:17] cycle=    4  *** VIOLATION ***
             I-3: LIT101=801.1 > 800.0 but MV101=OPEN
             I-6: P101=ON and P102=ON simultaneously
             I-8: FIT101=20684.000 exceeds max (2.0)
[16:12:18] cycle=    5  *** VIOLATION ***
             I-3: LIT101=801.1 > 800.0 but MV101=OPEN
             I-6: P101=ON and P102=ON simultaneously
             I-8: FIT101=20665.000 exceeds max (2.0)
[16:12:19] cycle=    6  *** VIOLATION ***
             I-3: LIT101=803.5 > 800.0 but MV101=OPEN
             I-6: P101=ON and P102=ON simultaneously
             I-8: FIT101=20669.000 exceeds max (2.0)
[16:12:20] cycle=    7  *** VIOLATION ***
             I-3: LIT101=803.7 > 800.0 but MV101=OPEN
             I-6: P101=ON and P102=ON simultaneously
             I-8: FIT101=20683.000 exceeds max (2.0)
[16:12:21] cycle=    8  *** VIOLATION ***
             I-3: LIT101=804.8 > 800.0 but MV101=OPEN
             I-6: P101=ON and P102=ON simultaneously
             I-8: FIT101=20648.000 exceeds max (2.0)
[16:12:22] cycle=    9  *** VIOLATION ***
             I-3: LIT101=804.9 > 800.0 but MV101=OPEN
             I-6: P101=ON and P102=ON simultaneously
             I-8: FIT101=20590.000 exceeds max (2.0)
[16:12:23] cycle=   10  *** VIOLATION ***
             I-3: LIT101=807.6 > 800.0 but MV101=OPEN
             I-6: P101=ON and P102=ON simultaneously
             I-8: FIT101=20454.000 exceeds max (2.0)
[16:12:24] cycle=   11  *** VIOLATION ***
             I-3: LIT101=807.9 > 800.0 but MV101=OPEN
             I-6: P101=ON and P102=ON simultaneously
             I-8: FIT101=20243.000 exceeds max (2.0)
[16:12:25] cycle=   12  *** VIOLATION ***
             I-3: LIT101=809.7 > 800.0 but MV101=OPEN
             I-6: P101=ON and P102=ON simultaneously
             I-8: FIT101=19783.000 exceeds max (2.0)
[16:12:26] cycle=   13  *** VIOLATION ***
             I-6: P101=ON and P102=ON simultaneously
             I-8: FIT101=18880.000 exceeds max (2.0)
             I-9: MV101=CLOSED but P101=ON — tank draining with no inflow, LIT101=809.8mm — Phase 1 attack signature
             I-9b: MV101=CLOSED but P102=ON (backup pump running) — tank still draining, LIT101=809.8mm — attack ongoing
[16:12:27] cycle=   14  *** VIOLATION ***
             I-6: P101=ON and P102=ON simultaneously
             I-8: FIT101=17343.000 exceeds max (2.0)
             I-9: MV101=CLOSED but P101=ON — tank draining with no inflow, LIT101=810.1mm — Phase 1 attack signature
             I-9b: MV101=CLOSED but P102=ON (backup pump running) — tank still draining, LIT101=810.1mm — attack ongoing
[16:12:28] cycle=   15  *** VIOLATION ***
             I-6: P101=ON and P102=ON simultaneously
             I-8: FIT101=15157.000 exceeds max (2.0)
             I-9: MV101=CLOSED but P101=ON — tank draining with no inflow, LIT101=812.2mm — Phase 1 attack signature
             I-9b: MV101=CLOSED but P102=ON (backup pump running) — tank still draining, LIT101=812.2mm — attack ongoing
[16:12:29] cycle=   16  *** VIOLATION ***
             I-6: P101=ON and P102=ON simultaneously
             I-8: FIT101=12438.000 exceeds max (2.0)
             I-9: MV101=CLOSED but P101=ON — tank draining with no inflow, LIT101=813.2mm — Phase 1 attack signature
             I-9b: MV101=CLOSED but P102=ON (backup pump running) — tank still draining, LIT101=813.2mm — attack ongoing
[16:12:30] cycle=   17  *** VIOLATION ***
             I-6: P101=ON and P102=ON simultaneously
             I-8: FIT101=9374.000 exceeds max (2.0)
             I-9: MV101=CLOSED but P101=ON — tank draining with no inflow, LIT101=815.0mm — Phase 1 attack signature
             I-9b: MV101=CLOSED but P102=ON (backup pump running) — tank still draining, LIT101=815.0mm — attack ongoing
[16:12:31] cycle=   18  *** VIOLATION ***
             I-6: P101=ON and P102=ON simultaneously
             I-8: FIT101=6786.000 exceeds max (2.0)
             I-9: MV101=CLOSED but P101=ON — tank draining with no inflow, LIT101=815.0mm — Phase 1 attack signature
             I-9b: MV101=CLOSED but P102=ON (backup pump running) — tank still draining, LIT101=815.0mm — attack ongoing
[16:12:32] cycle=   19  *** VIOLATION ***
             I-6: P101=ON and P102=ON simultaneously
             I-8: FIT101=4351.000 exceeds max (2.0)
             I-9: MV101=CLOSED but P101=ON — tank draining with no inflow, LIT101=817.3mm — Phase 1 attack signature
             I-9b: MV101=CLOSED but P102=ON (backup pump running) — tank still draining, LIT101=817.3mm — attack ongoing
[16:12:33] cycle=   20  *** VIOLATION ***
             I-6: P101=ON and P102=ON simultaneously
             I-8: FIT101=2731.000 exceeds max (2.0)
             I-9: MV101=CLOSED but P101=ON — tank draining with no inflow, LIT101=818.2mm — Phase 1 attack signature
             I-9b: MV101=CLOSED but P102=ON (backup pump running) — tank still draining, LIT101=818.2mm — attack ongoing
[16:12:34] cycle=   21  *** VIOLATION ***
             I-6: P101=ON and P102=ON simultaneously
             I-8: FIT101=1568.000 exceeds max (2.0)
             I-9: MV101=CLOSED but P101=ON — tank draining with no inflow, LIT101=820.6mm — Phase 1 attack signature
             I-9b: MV101=CLOSED but P102=ON (backup pump running) — tank still draining, LIT101=820.6mm — attack ongoing
[16:12:35] cycle=   22  *** VIOLATION ***
             I-6: P101=ON and P102=ON simultaneously
             I-8: FIT101=860.000 exceeds max (2.0)
             I-9: MV101=CLOSED but P101=ON — tank draining with no inflow, LIT101=820.8mm — Phase 1 attack signature
             I-9b: MV101=CLOSED but P102=ON (backup pump running) — tank still draining, LIT101=820.8mm — attack ongoing
[16:12:36] cycle=   23  *** VIOLATION ***
             I-6: P101=ON and P102=ON simultaneously
             I-8: FIT101=468.000 exceeds max (2.0)
             I-9: MV101=CLOSED but P101=ON — tank draining with no inflow, LIT101=823.0mm — Phase 1 attack signature
             I-9b: MV101=CLOSED but P102=ON (backup pump running) — tank still draining, LIT101=823.0mm — attack ongoing
[16:12:37] cycle=   24  *** VIOLATION ***
             I-6: P101=ON and P102=ON simultaneously
             I-8: FIT101=207.000 exceeds max (2.0)
             I-9: MV101=CLOSED but P101=ON — tank draining with no inflow, LIT101=823.7mm — Phase 1 attack signature
             I-9b: MV101=CLOSED but P102=ON (backup pump running) — tank still draining, LIT101=823.7mm — attack ongoing
[16:12:38] cycle=   25  *** VIOLATION ***
             I-6: P101=ON and P102=ON simultaneously
             I-8: FIT101=52.000 exceeds max (2.0)
             I-9: MV101=CLOSED but P101=ON — tank draining with no inflow, LIT101=825.9mm — Phase 1 attack signature
             I-9b: MV101=CLOSED but P102=ON (backup pump running) — tank still draining, LIT101=825.9mm — attack ongoing
[16:12:39] cycle=   26  *** VIOLATION ***
             I-2: P101=ON but FIT101=-26.000 < 0.4
             I-6: P101=ON and P102=ON simultaneously
             I-9: MV101=CLOSED but P101=ON — tank draining with no inflow, LIT101=826.9mm — Phase 1 attack signature
             I-9b: MV101=CLOSED but P102=ON (backup pump running) — tank still draining, LIT101=826.9mm — attack ongoing
             I-9c: MV101=CLOSED with invalid FIT101=-26.0 — sensor anomaly under attack, LIT101=826.9mm
[16:12:40] cycle=   27  *** VIOLATION ***
             I-2: P101=ON but FIT101=-28.000 < 0.4
             I-6: P101=ON and P102=ON simultaneously
             I-9: MV101=CLOSED but P101=ON — tank draining with no inflow, LIT101=827.2mm — Phase 1 attack signature
             I-9b: MV101=CLOSED but P102=ON (backup pump running) — tank still draining, LIT101=827.2mm — attack ongoing
             I-9c: MV101=CLOSED with invalid FIT101=-28.0 — sensor anomaly under attack, LIT101=827.2mm
[16:12:41] cycle=   28  *** VIOLATION ***
             I-2: P101=ON but FIT101=-32.000 < 0.4
             I-6: P101=ON and P102=ON simultaneously
             I-9: MV101=CLOSED but P101=ON — tank draining with no inflow, LIT101=827.3mm — Phase 1 attack signature
             I-9b: MV101=CLOSED but P102=ON (backup pump running) — tank still draining, LIT101=827.3mm — attack ongoing
             I-9c: MV101=CLOSED with invalid FIT101=-32.0 — sensor anomaly under attack, LIT101=827.3mm
[16:12:42] cycle=   29  *** VIOLATION ***
             I-2: P101=ON but FIT101=-32.000 < 0.4
             I-6: P101=ON and P102=ON simultaneously
             I-9: MV101=CLOSED but P101=ON — tank draining with no inflow, LIT101=827.6mm — Phase 1 attack signature
             I-9b: MV101=CLOSED but P102=ON (backup pump running) — tank still draining, LIT101=827.6mm — attack ongoing
             I-9c: MV101=CLOSED with invalid FIT101=-32.0 — sensor anomaly under attack, LIT101=827.6mm
[16:12:43] cycle=   30  *** VIOLATION ***
             I-2: P101=ON but FIT101=-32.000 < 0.4
             I-6: P101=ON and P102=ON simultaneously
             I-9: MV101=CLOSED but P101=ON — tank draining with no inflow, LIT101=828.0mm — Phase 1 attack signature
             I-9b: MV101=CLOSED but P102=ON (backup pump running) — tank still draining, LIT101=828.0mm — attack ongoing
             I-9c: MV101=CLOSED with invalid FIT101=-32.0 — sensor anomaly under attack, LIT101=828.0mm
[16:12:44] cycle=   31  *** VIOLATION ***
             I-2: P101=ON but FIT101=-32.000 < 0.4
             I-6: P101=ON and P102=ON simultaneously
             I-9: MV101=CLOSED but P101=ON — tank draining with no inflow, LIT101=828.0mm — Phase 1 attack signature
             I-9b: MV101=CLOSED but P102=ON (backup pump running) — tank still draining, LIT101=828.0mm — attack ongoing
             I-9c: MV101=CLOSED with invalid FIT101=-32.0 — sensor anomaly under attack, LIT101=828.0mm
[16:12:45] cycle=   32  *** VIOLATION ***
             I-2: P101=ON but FIT101=-32.000 < 0.4
             I-6: P101=ON and P102=ON simultaneously
             I-9: MV101=CLOSED but P101=ON — tank draining with no inflow, LIT101=828.0mm — Phase 1 attack signature
             I-9b: MV101=CLOSED but P102=ON (backup pump running) — tank still draining, LIT101=828.0mm — attack ongoing
             I-9c: MV101=CLOSED with invalid FIT101=-32.0 — sensor anomaly under attack, LIT101=828.0mm
[16:12:46] cycle=   33  *** VIOLATION ***
             I-2: P101=ON but FIT101=-32.000 < 0.4
             I-6: P101=ON and P102=ON simultaneously
             I-9: MV101=CLOSED but P101=ON — tank draining with no inflow, LIT101=828.0mm — Phase 1 attack signature
             I-9b: MV101=CLOSED but P102=ON (backup pump running) — tank still draining, LIT101=828.0mm — attack ongoing
             I-9c: MV101=CLOSED with invalid FIT101=-32.0 — sensor anomaly under attack, LIT101=828.0mm
[16:12:47] cycle=   34  *** VIOLATION ***
             I-2: P101=ON but FIT101=-32.000 < 0.4
             I-6: P101=ON and P102=ON simultaneously
             I-9: MV101=CLOSED but P101=ON — tank draining with no inflow, LIT101=828.0mm — Phase 1 attack signature
             I-9b: MV101=CLOSED but P102=ON (backup pump running) — tank still draining, LIT101=828.0mm — attack ongoing
             I-9c: MV101=CLOSED with invalid FIT101=-32.0 — sensor anomaly under attack, LIT101=828.0mm
[16:12:48] cycle=   35  *** VIOLATION ***
             I-2: P101=ON but FIT101=-32.000 < 0.4
             I-6: P101=ON and P102=ON simultaneously
             I-9: MV101=CLOSED but P101=ON — tank draining with no inflow, LIT101=828.0mm — Phase 1 attack signature
             I-9b: MV101=CLOSED but P102=ON (backup pump running) — tank still draining, LIT101=828.0mm — attack ongoing
             I-9c: MV101=CLOSED with invalid FIT101=-32.0 — sensor anomaly under attack, LIT101=828.0mm
[16:12:49] cycle=   36  *** VIOLATION ***
             I-9b: MV101=CLOSED but P102=ON (backup pump running) — tank still draining, LIT101=826.7mm — attack ongoing
             I-9c: MV101=CLOSED with invalid FIT101=-32.0 — sensor anomaly under attack, LIT101=826.7mm
[16:12:50] cycle=   37  *** VIOLATION ***
             I-9b: MV101=CLOSED but P102=ON (backup pump running) — tank still draining, LIT101=826.5mm — attack ongoing
             I-9c: MV101=CLOSED with invalid FIT101=-32.0 — sensor anomaly under attack, LIT101=826.5mm
[16:12:51] cycle=   38  *** VIOLATION ***
             I-9b: MV101=CLOSED but P102=ON (backup pump running) — tank still draining, LIT101=826.3mm — attack ongoing
             I-9c: MV101=CLOSED with invalid FIT101=-32.0 — sensor anomaly under attack, LIT101=826.3mm
[16:12:52] cycle=   39  *** VIOLATION ***
             I-9b: MV101=CLOSED but P102=ON (backup pump running) — tank still draining, LIT101=826.2mm — attack ongoing
             I-9c: MV101=CLOSED with invalid FIT101=-32.0 — sensor anomaly under attack, LIT101=826.2mm
[16:12:53] cycle=   40  *** VIOLATION ***
             I-9b: MV101=CLOSED but P102=ON (backup pump running) — tank still draining, LIT101=825.9mm — attack ongoing
             I-9c: MV101=CLOSED with invalid FIT101=-32.0 — sensor anomaly under attack, LIT101=825.9mm
[16:12:54] cycle=   41  *** VIOLATION ***
             I-9b: MV101=CLOSED but P102=ON (backup pump running) — tank still draining, LIT101=825.6mm — attack ongoing
             I-9c: MV101=CLOSED with invalid FIT101=-32.0 — sensor anomaly under attack, LIT101=825.6mm
[16:12:55] cycle=   42  *** VIOLATION ***
             I-9b: MV101=CLOSED but P102=ON (backup pump running) — tank still draining, LIT101=825.5mm — attack ongoing
             I-9c: MV101=CLOSED with invalid FIT101=-32.0 — sensor anomaly under attack, LIT101=825.5mm
[16:12:56] cycle=   43  *** VIOLATION ***
             I-9b: MV101=CLOSED but P102=ON (backup pump running) — tank still draining, LIT101=824.7mm — attack ongoing
             I-9c: MV101=CLOSED with invalid FIT101=-32.0 — sensor anomaly under attack, LIT101=824.7mm
[16:12:57] cycle=   44  *** VIOLATION ***
             I-9b: MV101=CLOSED but P102=ON (backup pump running) — tank still draining, LIT101=824.7mm — attack ongoing
             I-9c: MV101=CLOSED with invalid FIT101=-32.0 — sensor anomaly under attack, LIT101=824.7mm
[16:12:58] cycle=   45  *** VIOLATION ***
             I-9b: MV101=CLOSED but P102=ON (backup pump running) — tank still draining, LIT101=824.2mm — attack ongoing
             I-9c: MV101=CLOSED with invalid FIT101=-32.0 — sensor anomaly under attack, LIT101=824.2mm
[16:12:59] cycle=   46  *** VIOLATION ***
             I-9b: MV101=CLOSED but P102=ON (backup pump running) — tank still draining, LIT101=824.0mm — attack ongoing
             I-9c: MV101=CLOSED with invalid FIT101=-32.0 — sensor anomaly under attack, LIT101=824.0mm
[16:13:00] cycle=   47  *** VIOLATION ***
             I-9b: MV101=CLOSED but P102=ON (backup pump running) — tank still draining, LIT101=823.5mm — attack ongoing
             I-9c: MV101=CLOSED with invalid FIT101=-32.0 — sensor anomaly under attack, LIT101=823.5mm
[16:13:01] cycle=   48  *** VIOLATION ***
             I-9b: MV101=CLOSED but P102=ON (backup pump running) — tank still draining, LIT101=823.5mm — attack ongoing
             I-9c: MV101=CLOSED with invalid FIT101=-32.0 — sensor anomaly under attack, LIT101=823.5mm
[16:13:02] cycle=   49  *** VIOLATION ***
             I-9b: MV101=CLOSED but P102=ON (backup pump running) — tank still draining, LIT101=823.5mm — attack ongoing
             I-9c: MV101=CLOSED with invalid FIT101=-32.0 — sensor anomaly under attack, LIT101=823.5mm
[16:13:03] cycle=   50  *** VIOLATION ***
             I-9b: MV101=CLOSED but P102=ON (backup pump running) — tank still draining, LIT101=823.5mm — attack ongoing
             I-9c: MV101=CLOSED with invalid FIT101=-32.0 — sensor anomaly under attack, LIT101=823.5mm
[16:13:04] cycle=   51  *** VIOLATION ***
             I-9b: MV101=CLOSED but P102=ON (backup pump running) — tank still draining, LIT101=823.5mm — attack ongoing
             I-9c: MV101=CLOSED with invalid FIT101=-32.0 — sensor anomaly under attack, LIT101=823.5mm
[16:13:06] cycle=   52  *** VIOLATION ***
             I-9b: MV101=CLOSED but P102=ON (backup pump running) — tank still draining, LIT101=823.5mm — attack ongoing
             I-9c: MV101=CLOSED with invalid FIT101=-32.0 — sensor anomaly under attack, LIT101=823.5mm
[16:13:07] cycle=   53  *** VIOLATION ***
             I-9b: MV101=CLOSED but P102=ON (backup pump running) — tank still draining, LIT101=823.5mm — attack ongoing
             I-9c: MV101=CLOSED with invalid FIT101=-32.0 — sensor anomaly under attack, LIT101=823.5mm
[16:13:08] cycle=   54  *** VIOLATION ***
             I-9b: MV101=CLOSED but P102=ON (backup pump running) — tank still draining, LIT101=823.5mm — attack ongoing
             I-9c: MV101=CLOSED with invalid FIT101=-32.0 — sensor anomaly under attack, LIT101=823.5mm
[16:13:09] cycle=   55  *** VIOLATION ***
             I-9b: MV101=CLOSED but P102=ON (backup pump running) — tank still draining, LIT101=824.0mm — attack ongoing
             I-9c: MV101=CLOSED with invalid FIT101=-32.0 — sensor anomaly under attack, LIT101=824.0mm
[16:13:10] cycle=   56  *** VIOLATION ***
             I-9b: MV101=CLOSED but P102=ON (backup pump running) — tank still draining, LIT101=824.0mm — attack ongoing
             I-9c: MV101=CLOSED with invalid FIT101=-32.0 — sensor anomaly under attack, LIT101=824.0mm
[16:13:11] cycle=   57  *** VIOLATION ***
             I-9b: MV101=CLOSED but P102=ON (backup pump running) — tank still draining, LIT101=823.2mm — attack ongoing
             I-9c: MV101=CLOSED with invalid FIT101=-32.0 — sensor anomaly under attack, LIT101=823.2mm
[16:13:12] cycle=   58  *** VIOLATION ***
             I-9b: MV101=CLOSED but P102=ON (backup pump running) — tank still draining, LIT101=823.2mm — attack ongoing
             I-9c: MV101=CLOSED with invalid FIT101=-32.0 — sensor anomaly under attack, LIT101=823.2mm
[16:13:13] cycle=   59  *** VIOLATION ***
             I-9b: MV101=CLOSED but P102=ON (backup pump running) — tank still draining, LIT101=823.2mm — attack ongoing
             I-9c: MV101=CLOSED with invalid FIT101=-32.0 — sensor anomaly under attack, LIT101=823.2mm
[16:13:14] cycle=   60  *** VIOLATION ***
             I-9b: MV101=CLOSED but P102=ON (backup pump running) — tank still draining, LIT101=823.2mm — attack ongoing
             I-9c: MV101=CLOSED with invalid FIT101=-32.0 — sensor anomaly under attack, LIT101=823.2mm
[16:13:15] cycle=   61  *** VIOLATION ***
             I-9b: MV101=CLOSED but P102=ON (backup pump running) — tank still draining, LIT101=823.2mm — attack ongoing
             I-9c: MV101=CLOSED with invalid FIT101=-32.0 — sensor anomaly under attack, LIT101=823.2mm
[16:13:16] cycle=   62  *** VIOLATION ***
             I-9b: MV101=CLOSED but P102=ON (backup pump running) — tank still draining, LIT101=823.2mm — attack ongoing
             I-9c: MV101=CLOSED with invalid FIT101=-32.0 — sensor anomaly under attack, LIT101=823.2mm
[16:13:17] cycle=   63  *** VIOLATION ***
             I-9b: MV101=CLOSED but P102=ON (backup pump running) — tank still draining, LIT101=823.2mm — attack ongoing
             I-9c: MV101=CLOSED with invalid FIT101=-32.0 — sensor anomaly under attack, LIT101=823.2mm
[16:13:18] cycle=   64  *** VIOLATION ***
             I-9b: MV101=CLOSED but P102=ON (backup pump running) — tank still draining, LIT101=823.2mm — attack ongoing
             I-9c: MV101=CLOSED with invalid FIT101=-32.0 — sensor anomaly under attack, LIT101=823.2mm
[16:13:19] cycle=   65  *** VIOLATION ***
             I-9b: MV101=CLOSED but P102=ON (backup pump running) — tank still draining, LIT101=822.3mm — attack ongoing
             I-9c: MV101=CLOSED with invalid FIT101=-32.0 — sensor anomaly under attack, LIT101=822.3mm
[16:13:20] cycle=   66  *** VIOLATION ***
             I-9b: MV101=CLOSED but P102=ON (backup pump running) — tank still draining, LIT101=822.3mm — attack ongoing
             I-9c: MV101=CLOSED with invalid FIT101=-32.0 — sensor anomaly under attack, LIT101=822.3mm
[16:13:21] cycle=   67  *** VIOLATION ***
             I-9b: MV101=CLOSED but P102=ON (backup pump running) — tank still draining, LIT101=822.1mm — attack ongoing
             I-9c: MV101=CLOSED with invalid FIT101=-32.0 — sensor anomaly under attack, LIT101=822.1mm
[16:13:22] cycle=   68  *** VIOLATION ***
             I-9b: MV101=CLOSED but P102=ON (backup pump running) — tank still draining, LIT101=821.5mm — attack ongoing
             I-9c: MV101=CLOSED with invalid FIT101=-32.0 — sensor anomaly under attack, LIT101=821.5mm
[16:13:23] cycle=   69  *** VIOLATION ***
             I-9b: MV101=CLOSED but P102=ON (backup pump running) — tank still draining, LIT101=821.0mm — attack ongoing
             I-9c: MV101=CLOSED with invalid FIT101=-32.0 — sensor anomaly under attack, LIT101=821.0mm
[16:13:24] cycle=   70  *** VIOLATION ***
             I-9b: MV101=CLOSED but P102=ON (backup pump running) — tank still draining, LIT101=820.4mm — attack ongoing
             I-9c: MV101=CLOSED with invalid FIT101=-32.0 — sensor anomaly under attack, LIT101=820.4mm
[16:13:25] cycle=   71  *** VIOLATION ***
             I-9b: MV101=CLOSED but P102=ON (backup pump running) — tank still draining, LIT101=820.4mm — attack ongoing
             I-9c: MV101=CLOSED with invalid FIT101=-32.0 — sensor anomaly under attack, LIT101=820.4mm
[16:13:26] cycle=   72  *** VIOLATION ***
             I-9b: MV101=CLOSED but P102=ON (backup pump running) — tank still draining, LIT101=819.5mm — attack ongoing
             I-9c: MV101=CLOSED with invalid FIT101=-32.0 — sensor anomaly under attack, LIT101=819.5mm
[16:13:27] cycle=   73  *** VIOLATION ***
             I-9b: MV101=CLOSED but P102=ON (backup pump running) — tank still draining, LIT101=819.2mm — attack ongoing
             I-9c: MV101=CLOSED with invalid FIT101=-32.0 — sensor anomaly under attack, LIT101=819.2mm
[16:13:28] cycle=   74  *** VIOLATION ***
             I-9b: MV101=CLOSED but P102=ON (backup pump running) — tank still draining, LIT101=818.4mm — attack ongoing
             I-9c: MV101=CLOSED with invalid FIT101=-32.0 — sensor anomaly under attack, LIT101=818.4mm
[16:13:29] cycle=   75  *** VIOLATION ***
             I-9b: MV101=CLOSED but P102=ON (backup pump running) — tank still draining, LIT101=818.3mm — attack ongoing
             I-9c: MV101=CLOSED with invalid FIT101=-32.0 — sensor anomaly under attack, LIT101=818.3mm
[16:13:30] cycle=   76  *** VIOLATION ***
             I-9b: MV101=CLOSED but P102=ON (backup pump running) — tank still draining, LIT101=817.2mm — attack ongoing
             I-9c: MV101=CLOSED with invalid FIT101=-32.0 — sensor anomaly under attack, LIT101=817.2mm
[16:13:31] cycle=   77  *** VIOLATION ***
             I-9b: MV101=CLOSED but P102=ON (backup pump running) — tank still draining, LIT101=816.8mm — attack ongoing
             I-9c: MV101=CLOSED with invalid FIT101=-32.0 — sensor anomaly under attack, LIT101=816.8mm
[16:13:32] cycle=   78  *** VIOLATION ***
             I-9b: MV101=CLOSED but P102=ON (backup pump running) — tank still draining, LIT101=816.6mm — attack ongoing
             I-9c: MV101=CLOSED with invalid FIT101=-32.0 — sensor anomaly under attack, LIT101=816.6mm
[16:13:33] cycle=   79  *** VIOLATION ***
             I-9b: MV101=CLOSED but P102=ON (backup pump running) — tank still draining, LIT101=815.5mm — attack ongoing
             I-9c: MV101=CLOSED with invalid FIT101=-28.0 — sensor anomaly under attack, LIT101=815.5mm
[16:13:34] cycle=   80  *** VIOLATION ***
             I-9b: MV101=CLOSED but P102=ON (backup pump running) — tank still draining, LIT101=815.2mm — attack ongoing
             I-9c: MV101=CLOSED with invalid FIT101=-28.0 — sensor anomaly under attack, LIT101=815.2mm
[16:13:35] cycle=   81  *** VIOLATION ***
             I-9b: MV101=CLOSED but P102=ON (backup pump running) — tank still draining, LIT101=814.5mm — attack ongoing
             I-9c: MV101=CLOSED with invalid FIT101=-28.0 — sensor anomaly under attack, LIT101=814.5mm
[16:13:36] cycle=   82  *** VIOLATION ***
             I-9b: MV101=CLOSED but P102=ON (backup pump running) — tank still draining, LIT101=814.3mm — attack ongoing
             I-9c: MV101=CLOSED with invalid FIT101=-28.0 — sensor anomaly under attack, LIT101=814.3mm
[16:13:37] cycle=   83  *** VIOLATION ***
             I-9b: MV101=CLOSED but P102=ON (backup pump running) — tank still draining, LIT101=813.7mm — attack ongoing
             I-9c: MV101=CLOSED with invalid FIT101=-28.0 — sensor anomaly under attack, LIT101=813.7mm
[16:13:38] cycle=   84  *** VIOLATION ***
             I-9b: MV101=CLOSED but P102=ON (backup pump running) — tank still draining, LIT101=813.7mm — attack ongoing
             I-9c: MV101=CLOSED with invalid FIT101=-28.0 — sensor anomaly under attack, LIT101=813.7mm
[16:13:39] cycle=   85  *** VIOLATION ***
             I-9b: MV101=CLOSED but P102=ON (backup pump running) — tank still draining, LIT101=812.8mm — attack ongoing
             I-9c: MV101=CLOSED with invalid FIT101=-28.0 — sensor anomaly under attack, LIT101=812.8mm
[16:13:40] cycle=   86  *** VIOLATION ***
             I-9b: MV101=CLOSED but P102=ON (backup pump running) — tank still draining, LIT101=812.5mm — attack ongoing
             I-9c: MV101=CLOSED with invalid FIT101=-28.0 — sensor anomaly under attack, LIT101=812.5mm
[16:13:41] cycle=   87  *** VIOLATION ***
             I-9b: MV101=CLOSED but P102=ON (backup pump running) — tank still draining, LIT101=811.6mm — attack ongoing
             I-9c: MV101=CLOSED with invalid FIT101=-28.0 — sensor anomaly under attack, LIT101=811.6mm
[16:13:42] cycle=   88  *** VIOLATION ***
             I-9b: MV101=CLOSED but P102=ON (backup pump running) — tank still draining, LIT101=811.2mm — attack ongoing
             I-9c: MV101=CLOSED with invalid FIT101=-28.0 — sensor anomaly under attack, LIT101=811.2mm
[16:13:43] cycle=   89  *** VIOLATION ***
             I-9b: MV101=CLOSED but P102=ON (backup pump running) — tank still draining, LIT101=810.2mm — attack ongoing
             I-9c: MV101=CLOSED with invalid FIT101=-30.0 — sensor anomaly under attack, LIT101=810.2mm
[16:13:44] cycle=   90  *** VIOLATION ***
             I-9b: MV101=CLOSED but P102=ON (backup pump running) — tank still draining, LIT101=809.7mm — attack ongoing
             I-9c: MV101=CLOSED with invalid FIT101=-30.0 — sensor anomaly under attack, LIT101=809.7mm
[16:13:45] cycle=   91  *** VIOLATION ***
             I-9b: MV101=CLOSED but P102=ON (backup pump running) — tank still draining, LIT101=809.6mm — attack ongoing
             I-9c: MV101=CLOSED with invalid FIT101=-30.0 — sensor anomaly under attack, LIT101=809.6mm
[16:13:46] cycle=   92  *** VIOLATION ***
             I-9b: MV101=CLOSED but P102=ON (backup pump running) — tank still draining, LIT101=808.7mm — attack ongoing
             I-9c: MV101=CLOSED with invalid FIT101=-30.0 — sensor anomaly under attack, LIT101=808.7mm
[16:13:47] cycle=   93  *** VIOLATION ***
             I-9b: MV101=CLOSED but P102=ON (backup pump running) — tank still draining, LIT101=808.7mm — attack ongoing
             I-9c: MV101=CLOSED with invalid FIT101=-30.0 — sensor anomaly under attack, LIT101=808.7mm
[16:13:48] cycle=   94  *** VIOLATION ***
             I-9b: MV101=CLOSED but P102=ON (backup pump running) — tank still draining, LIT101=808.0mm — attack ongoing
             I-9c: MV101=CLOSED with invalid FIT101=-30.0 — sensor anomaly under attack, LIT101=808.0mm
[16:13:49] cycle=   95  *** VIOLATION ***
             I-9b: MV101=CLOSED but P102=ON (backup pump running) — tank still draining, LIT101=807.4mm — attack ongoing
             I-9c: MV101=CLOSED with invalid FIT101=-30.0 — sensor anomaly under attack, LIT101=807.4mm
[16:13:50] cycle=   96  *** VIOLATION ***
             I-9b: MV101=CLOSED but P102=ON (backup pump running) — tank still draining, LIT101=807.4mm — attack ongoing
             I-9c: MV101=CLOSED with invalid FIT101=-30.0 — sensor anomaly under attack, LIT101=807.4mm
[16:13:51] cycle=   97  *** VIOLATION ***
             I-9b: MV101=CLOSED but P102=ON (backup pump running) — tank still draining, LIT101=807.4mm — attack ongoing
             I-9c: MV101=CLOSED with invalid FIT101=-30.0 — sensor anomaly under attack, LIT101=807.4mm
[16:13:52] cycle=   98  *** VIOLATION ***
             I-9b: MV101=CLOSED but P102=ON (backup pump running) — tank still draining, LIT101=807.4mm — attack ongoing
             I-9c: MV101=CLOSED with invalid FIT101=-30.0 — sensor anomaly under attack, LIT101=807.4mm
[16:13:53] cycle=   99  *** VIOLATION ***
             I-9b: MV101=CLOSED but P102=ON (backup pump running) — tank still draining, LIT101=807.4mm — attack ongoing
             I-9c: MV101=CLOSED with invalid FIT101=-30.0 — sensor anomaly under attack, LIT101=807.4mm
[16:13:54] cycle=  100  *** VIOLATION ***
             I-9b: MV101=CLOSED but P102=ON (backup pump running) — tank still draining, LIT101=807.5mm — attack ongoing
             I-9c: MV101=CLOSED with invalid FIT101=-30.0 — sensor anomaly under attack, LIT101=807.5mm
[16:13:55] cycle=  101  *** VIOLATION ***
             I-9b: MV101=CLOSED but P102=ON (backup pump running) — tank still draining, LIT101=803.0mm — attack ongoing
             I-9c: MV101=CLOSED with invalid FIT101=-30.0 — sensor anomaly under attack, LIT101=803.0mm
[16:13:56] cycle=  102  *** VIOLATION ***
             I-9b: MV101=CLOSED but P102=ON (backup pump running) — tank still draining, LIT101=802.2mm — attack ongoing
             I-9c: MV101=CLOSED with invalid FIT101=-30.0 — sensor anomaly under attack, LIT101=802.2mm
[16:13:57] cycle=  103  *** VIOLATION ***
             I-9b: MV101=CLOSED but P102=ON (backup pump running) — tank still draining, LIT101=801.4mm — attack ongoing
             I-9c: MV101=CLOSED with invalid FIT101=-30.0 — sensor anomaly under attack, LIT101=801.4mm
[16:13:58] cycle=  104  *** VIOLATION ***
             I-9b: MV101=CLOSED but P102=ON (backup pump running) — tank still draining, LIT101=801.1mm — attack ongoing
             I-9c: MV101=CLOSED with invalid FIT101=-30.0 — sensor anomaly under attack, LIT101=801.1mm
[16:13:59] cycle=  105  *** VIOLATION ***
             I-9b: MV101=CLOSED but P102=ON (backup pump running) — tank still draining, LIT101=800.5mm — attack ongoing
             I-9c: MV101=CLOSED with invalid FIT101=-30.0 — sensor anomaly under attack, LIT101=800.5mm
[16:14:00] cycle=  106  *** VIOLATION ***
             I-9b: MV101=CLOSED but P102=ON (backup pump running) — tank still draining, LIT101=800.3mm — attack ongoing
             I-9c: MV101=CLOSED with invalid FIT101=-30.0 — sensor anomaly under attack, LIT101=800.3mm
[16:14:01] cycle=  107  *** VIOLATION ***
             I-9b: MV101=CLOSED but P102=ON (backup pump running) — tank still draining, LIT101=799.4mm — attack ongoing
             I-9c: MV101=CLOSED with invalid FIT101=-30.0 — sensor anomaly under attack, LIT101=799.4mm
[16:14:02] cycle=  108  *** VIOLATION ***
             I-9b: MV101=CLOSED but P102=ON (backup pump running) — tank still draining, LIT101=799.0mm — attack ongoing
             I-9c: MV101=CLOSED with invalid FIT101=-30.0 — sensor anomaly under attack, LIT101=799.0mm
[16:14:03] cycle=  109  *** VIOLATION ***
             I-9b: MV101=CLOSED but P102=ON (backup pump running) — tank still draining, LIT101=798.0mm — attack ongoing
             I-9c: MV101=CLOSED with invalid FIT101=-30.0 — sensor anomaly under attack, LIT101=798.0mm
[16:14:04] cycle=  110  *** VIOLATION ***
             I-9b: MV101=CLOSED but P102=ON (backup pump running) — tank still draining, LIT101=797.9mm — attack ongoing
             I-9c: MV101=CLOSED with invalid FIT101=-30.0 — sensor anomaly under attack, LIT101=797.9mm
[16:14:05] cycle=  111  *** VIOLATION ***
             I-9b: MV101=CLOSED but P102=ON (backup pump running) — tank still draining, LIT101=797.9mm — attack ongoing
             I-9c: MV101=CLOSED with invalid FIT101=-30.0 — sensor anomaly under attack, LIT101=797.9mm
[16:14:06] cycle=  112  *** VIOLATION ***
             I-9b: MV101=CLOSED but P102=ON (backup pump running) — tank still draining, LIT101=797.5mm — attack ongoing
             I-9c: MV101=CLOSED with invalid FIT101=-30.0 — sensor anomaly under attack, LIT101=797.5mm
[16:14:07] cycle=  113  *** VIOLATION ***
             I-9b: MV101=CLOSED but P102=ON (backup pump running) — tank still draining, LIT101=797.1mm — attack ongoing
             I-9c: MV101=CLOSED with invalid FIT101=-30.0 — sensor anomaly under attack, LIT101=797.1mm
[16:14:08] cycle=  114  *** VIOLATION ***
             I-9b: MV101=CLOSED but P102=ON (backup pump running) — tank still draining, LIT101=796.3mm — attack ongoing
             I-9c: MV101=CLOSED with invalid FIT101=-30.0 — sensor anomaly under attack, LIT101=796.3mm
[16:14:09] cycle=  115  *** VIOLATION ***
             I-9b: MV101=CLOSED but P102=ON (backup pump running) — tank still draining, LIT101=796.2mm — attack ongoing
             I-9c: MV101=CLOSED with invalid FIT101=-30.0 — sensor anomaly under attack, LIT101=796.2mm
[16:14:10] cycle=  116  *** VIOLATION ***
             I-9b: MV101=CLOSED but P102=ON (backup pump running) — tank still draining, LIT101=795.0mm — attack ongoing
             I-9c: MV101=CLOSED with invalid FIT101=-30.0 — sensor anomaly under attack, LIT101=795.0mm
[16:14:11] cycle=  117  *** VIOLATION ***
             I-9b: MV101=CLOSED but P102=ON (backup pump running) — tank still draining, LIT101=794.6mm — attack ongoing
             I-9c: MV101=CLOSED with invalid FIT101=-30.0 — sensor anomaly under attack, LIT101=794.6mm
[16:14:12] cycle=  118  *** VIOLATION ***
             I-9b: MV101=CLOSED but P102=ON (backup pump running) — tank still draining, LIT101=794.0mm — attack ongoing
             I-9c: MV101=CLOSED with invalid FIT101=-30.0 — sensor anomaly under attack, LIT101=794.0mm
[16:14:13] cycle=  119  *** VIOLATION ***
             I-9b: MV101=CLOSED but P102=ON (backup pump running) — tank still draining, LIT101=794.0mm — attack ongoing
             I-9c: MV101=CLOSED with invalid FIT101=-30.0 — sensor anomaly under attack, LIT101=794.0mm
[16:14:14] cycle=  120  *** VIOLATION ***
             I-9b: MV101=CLOSED but P102=ON (backup pump running) — tank still draining, LIT101=794.0mm — attack ongoing
             I-9c: MV101=CLOSED with invalid FIT101=-30.0 — sensor anomaly under attack, LIT101=794.0mm
[16:14:15] cycle=  121  *** VIOLATION ***
             I-9b: MV101=CLOSED but P102=ON (backup pump running) — tank still draining, LIT101=792.6mm — attack ongoing
             I-9c: MV101=CLOSED with invalid FIT101=-30.0 — sensor anomaly under attack, LIT101=792.6mm
[16:14:16] cycle=  122  *** VIOLATION ***
             I-9b: MV101=CLOSED but P102=ON (backup pump running) — tank still draining, LIT101=792.6mm — attack ongoing
             I-9c: MV101=CLOSED with invalid FIT101=-30.0 — sensor anomaly under attack, LIT101=792.6mm
[16:14:17] cycle=  123  *** VIOLATION ***
             I-9b: MV101=CLOSED but P102=ON (backup pump running) — tank still draining, LIT101=791.2mm — attack ongoing
             I-9c: MV101=CLOSED with invalid FIT101=-30.0 — sensor anomaly under attack, LIT101=791.2mm
[16:14:18] cycle=  124  *** VIOLATION ***
             I-9b: MV101=CLOSED but P102=ON (backup pump running) — tank still draining, LIT101=791.2mm — attack ongoing
             I-9c: MV101=CLOSED with invalid FIT101=-30.0 — sensor anomaly under attack, LIT101=791.2mm
[16:14:19] cycle=  125  *** VIOLATION ***
             I-9b: MV101=CLOSED but P102=ON (backup pump running) — tank still draining, LIT101=790.3mm — attack ongoing
             I-9c: MV101=CLOSED with invalid FIT101=-30.0 — sensor anomaly under attack, LIT101=790.3mm
[16:14:20] cycle=  126  *** VIOLATION ***
             I-9b: MV101=CLOSED but P102=ON (backup pump running) — tank still draining, LIT101=790.1mm — attack ongoing
             I-9c: MV101=CLOSED with invalid FIT101=-30.0 — sensor anomaly under attack, LIT101=790.1mm
[16:14:21] cycle=  127  *** VIOLATION ***
             I-9b: MV101=CLOSED but P102=ON (backup pump running) — tank still draining, LIT101=788.6mm — attack ongoing
             I-9c: MV101=CLOSED with invalid FIT101=-30.0 — sensor anomaly under attack, LIT101=788.6mm
[16:14:22] cycle=  128  *** VIOLATION ***
             I-9b: MV101=CLOSED but P102=ON (backup pump running) — tank still draining, LIT101=788.6mm — attack ongoing
             I-9c: MV101=CLOSED with invalid FIT101=-30.0 — sensor anomaly under attack, LIT101=788.6mm
[16:14:23] cycle=  129  *** VIOLATION ***
             I-9b: MV101=CLOSED but P102=ON (backup pump running) — tank still draining, LIT101=788.6mm — attack ongoing
             I-9c: MV101=CLOSED with invalid FIT101=-30.0 — sensor anomaly under attack, LIT101=788.6mm
[16:14:24] cycle=  130  *** VIOLATION ***
             I-9b: MV101=CLOSED but P102=ON (backup pump running) — tank still draining, LIT101=787.1mm — attack ongoing
             I-9c: MV101=CLOSED with invalid FIT101=-30.0 — sensor anomaly under attack, LIT101=787.1mm
[16:14:25] cycle=  131  *** VIOLATION ***
             I-9b: MV101=CLOSED but P102=ON (backup pump running) — tank still draining, LIT101=787.1mm — attack ongoing
             I-9c: MV101=CLOSED with invalid FIT101=-30.0 — sensor anomaly under attack, LIT101=787.1mm
[16:14:26] cycle=  132  *** VIOLATION ***
             I-9b: MV101=CLOSED but P102=ON (backup pump running) — tank still draining, LIT101=785.9mm — attack ongoing
             I-9c: MV101=CLOSED with invalid FIT101=-30.0 — sensor anomaly under attack, LIT101=785.9mm
[16:14:27] cycle=  133  *** VIOLATION ***
             I-9b: MV101=CLOSED but P102=ON (backup pump running) — tank still draining, LIT101=785.9mm — attack ongoing
             I-9c: MV101=CLOSED with invalid FIT101=-30.0 — sensor anomaly under attack, LIT101=785.9mm
[16:14:28] cycle=  134  *** VIOLATION ***
             I-9b: MV101=CLOSED but P102=ON (backup pump running) — tank still draining, LIT101=785.0mm — attack ongoing
             I-9c: MV101=CLOSED with invalid FIT101=-30.0 — sensor anomaly under attack, LIT101=785.0mm
[16:14:29] cycle=  135  *** VIOLATION ***
             I-9b: MV101=CLOSED but P102=ON (backup pump running) — tank still draining, LIT101=784.9mm — attack ongoing
             I-9c: MV101=CLOSED with invalid FIT101=-30.0 — sensor anomaly under attack, LIT101=784.9mm
[16:14:30] cycle=  136  *** VIOLATION ***
             I-9b: MV101=CLOSED but P102=ON (backup pump running) — tank still draining, LIT101=783.7mm — attack ongoing
             I-9c: MV101=CLOSED with invalid FIT101=-30.0 — sensor anomaly under attack, LIT101=783.7mm
[16:14:31] cycle=  137  *** VIOLATION ***
             I-9b: MV101=CLOSED but P102=ON (backup pump running) — tank still draining, LIT101=783.5mm — attack ongoing
             I-9c: MV101=CLOSED with invalid FIT101=-30.0 — sensor anomaly under attack, LIT101=783.5mm
[16:14:32] cycle=  138  *** VIOLATION ***
             I-9b: MV101=CLOSED but P102=ON (backup pump running) — tank still draining, LIT101=783.5mm — attack ongoing
             I-9c: MV101=CLOSED with invalid FIT101=-30.0 — sensor anomaly under attack, LIT101=783.5mm
[16:14:33] cycle=  139  *** VIOLATION ***
             I-9b: MV101=CLOSED but P102=ON (backup pump running) — tank still draining, LIT101=782.2mm — attack ongoing
             I-9c: MV101=CLOSED with invalid FIT101=-30.0 — sensor anomaly under attack, LIT101=782.2mm
[16:14:34] cycle=  140  *** VIOLATION ***
             I-9b: MV101=CLOSED but P102=ON (backup pump running) — tank still draining, LIT101=782.2mm — attack ongoing
             I-9c: MV101=CLOSED with invalid FIT101=-30.0 — sensor anomaly under attack, LIT101=782.2mm
[16:14:35] cycle=  141  *** VIOLATION ***
             I-9b: MV101=CLOSED but P102=ON (backup pump running) — tank still draining, LIT101=781.1mm — attack ongoing
             I-9c: MV101=CLOSED with invalid FIT101=-30.0 — sensor anomaly under attack, LIT101=781.1mm
[16:14:36] cycle=  142  *** VIOLATION ***
             I-9b: MV101=CLOSED but P102=ON (backup pump running) — tank still draining, LIT101=780.8mm — attack ongoing
             I-9c: MV101=CLOSED with invalid FIT101=-30.0 — sensor anomaly under attack, LIT101=780.8mm
[16:14:37] cycle=  143  *** VIOLATION ***
             I-9b: MV101=CLOSED but P102=ON (backup pump running) — tank still draining, LIT101=779.4mm — attack ongoing
             I-9c: MV101=CLOSED with invalid FIT101=-30.0 — sensor anomaly under attack, LIT101=779.4mm
[16:14:38] cycle=  144  *** VIOLATION ***
             I-9b: MV101=CLOSED but P102=ON (backup pump running) — tank still draining, LIT101=779.2mm — attack ongoing
             I-9c: MV101=CLOSED with invalid FIT101=-30.0 — sensor anomaly under attack, LIT101=779.2mm
[16:14:39] cycle=  145  *** VIOLATION ***
             I-9b: MV101=CLOSED but P102=ON (backup pump running) — tank still draining, LIT101=778.1mm — attack ongoing
             I-9c: MV101=CLOSED with invalid FIT101=-30.0 — sensor anomaly under attack, LIT101=778.1mm
[16:14:40] cycle=  146  *** VIOLATION ***
             I-9b: MV101=CLOSED but P102=ON (backup pump running) — tank still draining, LIT101=778.1mm — attack ongoing
             I-9c: MV101=CLOSED with invalid FIT101=-30.0 — sensor anomaly under attack, LIT101=778.1mm
[16:14:41] cycle=  147  *** VIOLATION ***
             I-9b: MV101=CLOSED but P102=ON (backup pump running) — tank still draining, LIT101=777.7mm — attack ongoing
             I-9c: MV101=CLOSED with invalid FIT101=-30.0 — sensor anomaly under attack, LIT101=777.7mm
[16:14:42] cycle=  148  *** VIOLATION ***
             I-9b: MV101=CLOSED but P102=ON (backup pump running) — tank still draining, LIT101=776.9mm — attack ongoing
             I-9c: MV101=CLOSED with invalid FIT101=-30.0 — sensor anomaly under attack, LIT101=776.9mm
[16:14:43] cycle=  149  *** VIOLATION ***
             I-9b: MV101=CLOSED but P102=ON (backup pump running) — tank still draining, LIT101=776.9mm — attack ongoing
             I-9c: MV101=CLOSED with invalid FIT101=-30.0 — sensor anomaly under attack, LIT101=776.9mm
[16:14:44] cycle=  150  *** VIOLATION ***
             I-9b: MV101=CLOSED but P102=ON (backup pump running) — tank still draining, LIT101=775.8mm — attack ongoing
             I-9c: MV101=CLOSED with invalid FIT101=-30.0 — sensor anomaly under attack, LIT101=775.8mm
[16:14:45] cycle=  151  *** VIOLATION ***
             I-9b: MV101=CLOSED but P102=ON (backup pump running) — tank still draining, LIT101=775.7mm — attack ongoing
             I-9c: MV101=CLOSED with invalid FIT101=-30.0 — sensor anomaly under attack, LIT101=775.7mm
[16:14:46] cycle=  152  *** VIOLATION ***
             I-9b: MV101=CLOSED but P102=ON (backup pump running) — tank still draining, LIT101=774.4mm — attack ongoing
             I-9c: MV101=CLOSED with invalid FIT101=-30.0 — sensor anomaly under attack, LIT101=774.4mm
[16:14:47] cycle=  153  *** VIOLATION ***
             I-9b: MV101=CLOSED but P102=ON (backup pump running) — tank still draining, LIT101=773.9mm — attack ongoing
             I-9c: MV101=CLOSED with invalid FIT101=-30.0 — sensor anomaly under attack, LIT101=773.9mm
[16:14:48] cycle=  154  *** VIOLATION ***
             I-9b: MV101=CLOSED but P102=ON (backup pump running) — tank still draining, LIT101=772.8mm — attack ongoing
             I-9c: MV101=CLOSED with invalid FIT101=-30.0 — sensor anomaly under attack, LIT101=772.8mm
[16:14:49] cycle=  155  *** VIOLATION ***
             I-9b: MV101=CLOSED but P102=ON (backup pump running) — tank still draining, LIT101=772.8mm — attack ongoing
             I-9c: MV101=CLOSED with invalid FIT101=-30.0 — sensor anomaly under attack, LIT101=772.8mm
[16:14:50] cycle=  156  *** VIOLATION ***
             I-2: P101=ON but FIT101=-30.000 < 0.4
             I-6: P101=ON and P102=ON simultaneously
             I-9: MV101=CLOSED but P101=ON — tank draining with no inflow, LIT101=772.6mm — Phase 1 attack signature
             I-9b: MV101=CLOSED but P102=ON (backup pump running) — tank still draining, LIT101=772.6mm — attack ongoing
             I-9c: MV101=CLOSED with invalid FIT101=-30.0 — sensor anomaly under attack, LIT101=772.6mm
[16:14:51] cycle=  157  *** VIOLATION ***
             I-2: P101=ON but FIT101=-30.000 < 0.4
             I-6: P101=ON and P102=ON simultaneously
             I-9: MV101=CLOSED but P101=ON — tank draining with no inflow, LIT101=771.4mm — Phase 1 attack signature
             I-9b: MV101=CLOSED but P102=ON (backup pump running) — tank still draining, LIT101=771.4mm — attack ongoing
             I-9c: MV101=CLOSED with invalid FIT101=-30.0 — sensor anomaly under attack, LIT101=771.4mm
[16:14:52] cycle=  158  *** VIOLATION ***
             I-2: P101=ON but FIT101=-30.000 < 0.4
             I-6: P101=ON and P102=ON simultaneously
             I-9: MV101=CLOSED but P101=ON — tank draining with no inflow, LIT101=771.4mm — Phase 1 attack signature
             I-9b: MV101=CLOSED but P102=ON (backup pump running) — tank still draining, LIT101=771.4mm — attack ongoing
             I-9c: MV101=CLOSED with invalid FIT101=-30.0 — sensor anomaly under attack, LIT101=771.4mm
[16:14:53] cycle=  159  *** VIOLATION ***
             I-2: P101=ON but FIT101=-30.000 < 0.4
             I-6: P101=ON and P102=ON simultaneously
             I-9: MV101=CLOSED but P101=ON — tank draining with no inflow, LIT101=770.8mm — Phase 1 attack signature
             I-9b: MV101=CLOSED but P102=ON (backup pump running) — tank still draining, LIT101=770.8mm — attack ongoing
             I-9c: MV101=CLOSED with invalid FIT101=-30.0 — sensor anomaly under attack, LIT101=770.8mm
[16:14:54] cycle=  160  *** VIOLATION ***
             I-2: P101=ON but FIT101=-30.000 < 0.4
             I-6: P101=ON and P102=ON simultaneously
             I-9: MV101=CLOSED but P101=ON — tank draining with no inflow, LIT101=770.0mm — Phase 1 attack signature
             I-9b: MV101=CLOSED but P102=ON (backup pump running) — tank still draining, LIT101=770.0mm — attack ongoing
             I-9c: MV101=CLOSED with invalid FIT101=-30.0 — sensor anomaly under attack, LIT101=770.0mm
[16:14:55] cycle=  161  *** VIOLATION ***
             I-2: P101=ON but FIT101=-30.000 < 0.4
             I-6: P101=ON and P102=ON simultaneously
             I-9: MV101=CLOSED but P101=ON — tank draining with no inflow, LIT101=769.4mm — Phase 1 attack signature
             I-9b: MV101=CLOSED but P102=ON (backup pump running) — tank still draining, LIT101=769.4mm — attack ongoing
             I-9c: MV101=CLOSED with invalid FIT101=-30.0 — sensor anomaly under attack, LIT101=769.4mm
[16:14:56] cycle=  162  *** VIOLATION ***
             I-2: P101=ON but FIT101=-30.000 < 0.4
             I-6: P101=ON and P102=ON simultaneously
             I-9: MV101=CLOSED but P101=ON — tank draining with no inflow, LIT101=769.4mm — Phase 1 attack signature
             I-9b: MV101=CLOSED but P102=ON (backup pump running) — tank still draining, LIT101=769.4mm — attack ongoing
             I-9c: MV101=CLOSED with invalid FIT101=-30.0 — sensor anomaly under attack, LIT101=769.4mm
[16:14:57] cycle=  163  *** VIOLATION ***
             I-2: P101=ON but FIT101=-30.000 < 0.4
             I-6: P101=ON and P102=ON simultaneously
             I-9: MV101=CLOSED but P101=ON — tank draining with no inflow, LIT101=768.6mm — Phase 1 attack signature
             I-9b: MV101=CLOSED but P102=ON (backup pump running) — tank still draining, LIT101=768.6mm — attack ongoing
             I-9c: MV101=CLOSED with invalid FIT101=-30.0 — sensor anomaly under attack, LIT101=768.6mm
[16:14:58] cycle=  164  *** VIOLATION ***
             I-2: P101=ON but FIT101=-30.000 < 0.4
             I-6: P101=ON and P102=ON simultaneously
             I-9: MV101=CLOSED but P101=ON — tank draining with no inflow, LIT101=768.5mm — Phase 1 attack signature
             I-9b: MV101=CLOSED but P102=ON (backup pump running) — tank still draining, LIT101=768.5mm — attack ongoing
             I-9c: MV101=CLOSED with invalid FIT101=-30.0 — sensor anomaly under attack, LIT101=768.5mm
[16:14:59] cycle=  165  *** VIOLATION ***
             I-2: P101=ON but FIT101=-30.000 < 0.4
             I-6: P101=ON and P102=ON simultaneously
             I-9: MV101=CLOSED but P101=ON — tank draining with no inflow, LIT101=767.9mm — Phase 1 attack signature
             I-9b: MV101=CLOSED but P102=ON (backup pump running) — tank still draining, LIT101=767.9mm — attack ongoing
             I-9c: MV101=CLOSED with invalid FIT101=-30.0 — sensor anomaly under attack, LIT101=767.9mm
[16:15:00] cycle=  166  *** VIOLATION ***
             I-2: P101=ON but FIT101=-30.000 < 0.4
             I-6: P101=ON and P102=ON simultaneously
             I-9: MV101=CLOSED but P101=ON — tank draining with no inflow, LIT101=767.5mm — Phase 1 attack signature
             I-9b: MV101=CLOSED but P102=ON (backup pump running) — tank still draining, LIT101=767.5mm — attack ongoing
             I-9c: MV101=CLOSED with invalid FIT101=-30.0 — sensor anomaly under attack, LIT101=767.5mm
[16:15:01] cycle=  167  *** VIOLATION ***
             I-2: P101=ON but FIT101=-30.000 < 0.4
             I-6: P101=ON and P102=ON simultaneously
             I-9: MV101=CLOSED but P101=ON — tank draining with no inflow, LIT101=766.9mm — Phase 1 attack signature
             I-9b: MV101=CLOSED but P102=ON (backup pump running) — tank still draining, LIT101=766.9mm — attack ongoing
             I-9c: MV101=CLOSED with invalid FIT101=-30.0 — sensor anomaly under attack, LIT101=766.9mm
[16:15:02] cycle=  168  *** VIOLATION ***
             I-2: P101=ON but FIT101=-30.000 < 0.4
             I-6: P101=ON and P102=ON simultaneously
             I-9: MV101=CLOSED but P101=ON — tank draining with no inflow, LIT101=766.6mm — Phase 1 attack signature
             I-9b: MV101=CLOSED but P102=ON (backup pump running) — tank still draining, LIT101=766.6mm — attack ongoing
             I-9c: MV101=CLOSED with invalid FIT101=-30.0 — sensor anomaly under attack, LIT101=766.6mm
[16:15:03] cycle=  169  *** VIOLATION ***
             I-2: P101=ON but FIT101=-30.000 < 0.4
             I-6: P101=ON and P102=ON simultaneously
             I-9: MV101=CLOSED but P101=ON — tank draining with no inflow, LIT101=766.6mm — Phase 1 attack signature
             I-9b: MV101=CLOSED but P102=ON (backup pump running) — tank still draining, LIT101=766.6mm — attack ongoing
             I-9c: MV101=CLOSED with invalid FIT101=-30.0 — sensor anomaly under attack, LIT101=766.6mm
[16:15:04] cycle=  170  *** VIOLATION ***
             I-2: P101=ON but FIT101=-30.000 < 0.4
             I-6: P101=ON and P102=ON simultaneously
             I-9: MV101=CLOSED but P101=ON — tank draining with no inflow, LIT101=766.2mm — Phase 1 attack signature
             I-9b: MV101=CLOSED but P102=ON (backup pump running) — tank still draining, LIT101=766.2mm — attack ongoing
             I-9c: MV101=CLOSED with invalid FIT101=-30.0 — sensor anomaly under attack, LIT101=766.2mm
[16:15:05] cycle=  171  *** VIOLATION ***
             I-2: P101=ON but FIT101=-30.000 < 0.4
             I-6: P101=ON and P102=ON simultaneously
             I-9: MV101=CLOSED but P101=ON — tank draining with no inflow, LIT101=766.2mm — Phase 1 attack signature
             I-9b: MV101=CLOSED but P102=ON (backup pump running) — tank still draining, LIT101=766.2mm — attack ongoing
             I-9c: MV101=CLOSED with invalid FIT101=-30.0 — sensor anomaly under attack, LIT101=766.2mm
[16:15:06] cycle=  172  *** VIOLATION ***
             I-2: P101=ON but FIT101=-30.000 < 0.4
             I-6: P101=ON and P102=ON simultaneously
             I-9: MV101=CLOSED but P101=ON — tank draining with no inflow, LIT101=766.2mm — Phase 1 attack signature
             I-9b: MV101=CLOSED but P102=ON (backup pump running) — tank still draining, LIT101=766.2mm — attack ongoing
             I-9c: MV101=CLOSED with invalid FIT101=-30.0 — sensor anomaly under attack, LIT101=766.2mm
[16:15:07] cycle=  173  *** VIOLATION ***
             I-2: P101=ON but FIT101=-30.000 < 0.4
             I-6: P101=ON and P102=ON simultaneously
             I-9: MV101=CLOSED but P101=ON — tank draining with no inflow, LIT101=766.2mm — Phase 1 attack signature
             I-9b: MV101=CLOSED but P102=ON (backup pump running) — tank still draining, LIT101=766.2mm — attack ongoing
             I-9c: MV101=CLOSED with invalid FIT101=-30.0 — sensor anomaly under attack, LIT101=766.2mm
[16:15:08] cycle=  174  *** VIOLATION ***
             I-2: P101=ON but FIT101=-30.000 < 0.4
             I-6: P101=ON and P102=ON simultaneously
             I-9: MV101=CLOSED but P101=ON — tank draining with no inflow, LIT101=766.7mm — Phase 1 attack signature
             I-9b: MV101=CLOSED but P102=ON (backup pump running) — tank still draining, LIT101=766.7mm — attack ongoing
             I-9c: MV101=CLOSED with invalid FIT101=-30.0 — sensor anomaly under attack, LIT101=766.7mm
[16:15:09] cycle=  175  *** VIOLATION ***
             I-2: P101=ON but FIT101=-30.000 < 0.4
             I-6: P101=ON and P102=ON simultaneously
             I-9: MV101=CLOSED but P101=ON — tank draining with no inflow, LIT101=766.9mm — Phase 1 attack signature
             I-9b: MV101=CLOSED but P102=ON (backup pump running) — tank still draining, LIT101=766.9mm — attack ongoing
             I-9c: MV101=CLOSED with invalid FIT101=-30.0 — sensor anomaly under attack, LIT101=766.9mm
[16:15:10] cycle=  176  *** VIOLATION ***
             I-2: P101=ON but FIT101=-30.000 < 0.4
             I-6: P101=ON and P102=ON simultaneously
             I-9: MV101=CLOSED but P101=ON — tank draining with no inflow, LIT101=767.4mm — Phase 1 attack signature
             I-9b: MV101=CLOSED but P102=ON (backup pump running) — tank still draining, LIT101=767.4mm — attack ongoing
             I-9c: MV101=CLOSED with invalid FIT101=-30.0 — sensor anomaly under attack, LIT101=767.4mm
[16:15:11] cycle=  177  *** VIOLATION ***
             I-2: P101=ON but FIT101=-30.000 < 0.4
             I-6: P101=ON and P102=ON simultaneously
             I-9: MV101=CLOSED but P101=ON — tank draining with no inflow, LIT101=767.4mm — Phase 1 attack signature
             I-9b: MV101=CLOSED but P102=ON (backup pump running) — tank still draining, LIT101=767.4mm — attack ongoing
             I-9c: MV101=CLOSED with invalid FIT101=-30.0 — sensor anomaly under attack, LIT101=767.4mm
[16:15:12] cycle=  178  *** VIOLATION ***
             I-2: P101=ON but FIT101=-30.000 < 0.4
             I-6: P101=ON and P102=ON simultaneously
             I-9: MV101=CLOSED but P101=ON — tank draining with no inflow, LIT101=767.7mm — Phase 1 attack signature
             I-9b: MV101=CLOSED but P102=ON (backup pump running) — tank still draining, LIT101=767.7mm — attack ongoing
             I-9c: MV101=CLOSED with invalid FIT101=-30.0 — sensor anomaly under attack, LIT101=767.7mm
[16:15:13] cycle=  179  *** VIOLATION ***
             I-2: P101=ON but FIT101=-30.000 < 0.4
             I-6: P101=ON and P102=ON simultaneously
             I-9: MV101=CLOSED but P101=ON — tank draining with no inflow, LIT101=768.1mm — Phase 1 attack signature
             I-9b: MV101=CLOSED but P102=ON (backup pump running) — tank still draining, LIT101=768.1mm — attack ongoing
