# phase1
# Command: /home/ubuntu/Desktop/Group 2/swat-cps-project/.venv/bin/python3 /home/ubuntu/Desktop/Group 2/swat-cps-project/scripts/attack/phase1_inject.py --plc-ip 192.168.1.10 --duration 120
# Started: 2026-04-16 16:12:49

============================================================
[LOG] Writing to /home/ubuntu/Desktop/Group 2/swat-cps-project/scripts/attack/../../logs/phase1_20260416_161249.log
[2026-04-16 16:12:49]   SWaT Phase 1 — Direct CIP Tag Injection
[2026-04-16 16:12:49]   PLC1: 192.168.1.10   PLC2: 192.168.1.20
[2026-04-16 16:12:49]   Duration: 120s
[2026-04-16 16:12:49]   Started: 2026-04-16 16:12:49
============================================================
[*] PLC1 connected. LIT101=826.7mm
[*] PLC2 connected. MV201.Cmd=1

[2026-04-16 16:12:49] [ATTACK] Duration=120s
[2026-04-16 16:12:49] [ATTACK] PLC1: P101=ON, MV101=CLOSED
[2026-04-16 16:12:49] [ATTACK] PLC2: MV201=OPEN
[2026-04-16 16:12:49] [ATTACK] LIT101 will drain to LL (250mm)

[16:12:49] cycle=   1  MV101=CLOSED  MV201=OPEN  P101=ON(manual)  LIT101=826.7mm  FIT101=-32.000L/s  [119s left]
[16:12:50] cycle=   2  MV101=CLOSED  MV201=OPEN  P101=ON(manual)  LIT101=826.5mm  FIT101=-32.000L/s  [118s left]
[16:12:52] cycle=   3  MV101=CLOSED  MV201=OPEN  P101=ON(manual)  LIT101=826.3mm  FIT101=-32.000L/s  [117s left]
[16:12:53] cycle=   4  MV101=CLOSED  MV201=OPEN  P101=ON(manual)  LIT101=826.0mm  FIT101=-32.000L/s  [116s left]
[16:12:54] cycle=   5  MV101=CLOSED  MV201=OPEN  P101=ON(manual)  LIT101=825.9mm  FIT101=-32.000L/s  [115s left]
[16:12:55] cycle=   6  MV101=CLOSED  MV201=OPEN  P101=ON(manual)  LIT101=825.5mm  FIT101=-32.000L/s  [114s left]
[16:12:56] cycle=   7  MV101=CLOSED  MV201=OPEN  P101=ON(manual)  LIT101=825.0mm  FIT101=-32.000L/s  [113s left]
[16:12:57] cycle=   8  MV101=CLOSED  MV201=OPEN  P101=ON(manual)  LIT101=824.7mm  FIT101=-32.000L/s  [112s left]
[16:12:58] cycle=   9  MV101=CLOSED  MV201=OPEN  P101=ON(manual)  LIT101=824.5mm  FIT101=-32.000L/s  [110s left]
[16:12:59] cycle=  10  MV101=CLOSED  MV201=OPEN  P101=ON(manual)  LIT101=824.0mm  FIT101=-32.000L/s  [109s left]
[16:13:00] cycle=  11  MV101=CLOSED  MV201=OPEN  P101=ON(manual)  LIT101=823.5mm  FIT101=-32.000L/s  [108s left]
[16:13:02] cycle=  12  MV101=CLOSED  MV201=OPEN  P101=ON(manual)  LIT101=823.5mm  FIT101=-32.000L/s  [107s left]
[16:13:03] cycle=  13  MV101=CLOSED  MV201=OPEN  P101=ON(manual)  LIT101=823.5mm  FIT101=-32.000L/s  [106s left]
[16:13:04] cycle=  14  MV101=CLOSED  MV201=OPEN  P101=ON(manual)  LIT101=823.5mm  FIT101=-32.000L/s  [105s left]
[16:13:05] cycle=  15  MV101=CLOSED  MV201=OPEN  P101=ON(manual)  LIT101=823.5mm  FIT101=-32.000L/s  [104s left]
[16:13:06] cycle=  16  MV101=CLOSED  MV201=OPEN  P101=ON(manual)  LIT101=823.5mm  FIT101=-32.000L/s  [103s left]
[16:13:07] cycle=  17  MV101=CLOSED  MV201=OPEN  P101=ON(manual)  LIT101=823.5mm  FIT101=-32.000L/s  [102s left]
[16:13:08] cycle=  18  MV101=CLOSED  MV201=OPEN  P101=ON(manual)  LIT101=823.8mm  FIT101=-32.000L/s  [100s left]
[16:13:09] cycle=  19  MV101=CLOSED  MV201=OPEN  P101=ON(manual)  LIT101=824.0mm  FIT101=-32.000L/s  [99s left]
[16:13:10] cycle=  20  MV101=CLOSED  MV201=OPEN  P101=ON(manual)  LIT101=823.2mm  FIT101=-32.000L/s  [98s left]
[16:13:12] cycle=  21  MV101=CLOSED  MV201=OPEN  P101=ON(manual)  LIT101=823.2mm  FIT101=-32.000L/s  [97s left]
[16:13:13] cycle=  22  MV101=CLOSED  MV201=OPEN  P101=ON(manual)  LIT101=823.2mm  FIT101=-32.000L/s  [96s left]
[16:13:14] cycle=  23  MV101=CLOSED  MV201=OPEN  P101=ON(manual)  LIT101=823.2mm  FIT101=-32.000L/s  [95s left]
[16:13:15] cycle=  24  MV101=CLOSED  MV201=OPEN  P101=ON(manual)  LIT101=823.2mm  FIT101=-32.000L/s  [94s left]
[16:13:16] cycle=  25  MV101=CLOSED  MV201=OPEN  P101=ON(manual)  LIT101=823.2mm  FIT101=-32.000L/s  [93s left]
[16:13:17] cycle=  26  MV101=CLOSED  MV201=OPEN  P101=ON(manual)  LIT101=823.2mm  FIT101=-32.000L/s  [92s left]
[16:13:18] cycle=  27  MV101=CLOSED  MV201=OPEN  P101=ON(manual)  LIT101=822.4mm  FIT101=-32.000L/s  [91s left]
[16:13:19] cycle=  28  MV101=CLOSED  MV201=OPEN  P101=ON(manual)  LIT101=822.3mm  FIT101=-32.000L/s  [89s left]
[16:13:20] cycle=  29  MV101=CLOSED  MV201=OPEN  P101=ON(manual)  LIT101=822.3mm  FIT101=-32.000L/s  [88s left]
[16:13:21] cycle=  30  MV101=CLOSED  MV201=OPEN  P101=ON(manual)  LIT101=821.5mm  FIT101=-32.000L/s  [87s left]
[16:13:23] cycle=  31  MV101=CLOSED  MV201=OPEN  P101=ON(manual)  LIT101=821.5mm  FIT101=-32.000L/s  [86s left]
[16:13:24] cycle=  32  MV101=CLOSED  MV201=OPEN  P101=ON(manual)  LIT101=820.4mm  FIT101=-32.000L/s  [85s left]
[16:13:25] cycle=  33  MV101=CLOSED  MV201=OPEN  P101=ON(manual)  LIT101=820.4mm  FIT101=-32.000L/s  [84s left]
[16:13:26] cycle=  34  MV101=CLOSED  MV201=OPEN  P101=ON(manual)  LIT101=819.2mm  FIT101=-32.000L/s  [83s left]
[16:13:27] cycle=  35  MV101=CLOSED  MV201=OPEN  P101=ON(manual)  LIT101=818.7mm  FIT101=-32.000L/s  [82s left]
[16:13:28] cycle=  36  MV101=CLOSED  MV201=OPEN  P101=ON(manual)  LIT101=818.4mm  FIT101=-32.000L/s  [81s left]
[16:13:29] cycle=  37  MV101=CLOSED  MV201=OPEN  P101=ON(manual)  LIT101=818.3mm  FIT101=-32.000L/s  [79s left]
[16:13:30] cycle=  38  MV101=CLOSED  MV201=OPEN  P101=ON(manual)  LIT101=816.8mm  FIT101=-32.000L/s  [78s left]
[16:13:31] cycle=  39  MV101=CLOSED  MV201=OPEN  P101=ON(manual)  LIT101=816.8mm  FIT101=-32.000L/s  [77s left]
[16:13:33] cycle=  40  MV101=CLOSED  MV201=OPEN  P101=ON(manual)  LIT101=815.7mm  FIT101=-28.000L/s  [76s left]
[16:13:34] cycle=  41  MV101=CLOSED  MV201=OPEN  P101=ON(manual)  LIT101=815.2mm  FIT101=-28.000L/s  [75s left]
[16:13:35] cycle=  42  MV101=CLOSED  MV201=OPEN  P101=ON(manual)  LIT101=814.5mm  FIT101=-28.000L/s  [74s left]
[16:13:36] cycle=  43  MV101=CLOSED  MV201=OPEN  P101=ON(manual)  LIT101=814.1mm  FIT101=-28.000L/s  [73s left]
[16:13:37] cycle=  44  MV101=CLOSED  MV201=OPEN  P101=ON(manual)  LIT101=813.7mm  FIT101=-28.000L/s  [72s left]
[16:13:38] cycle=  45  MV101=CLOSED  MV201=OPEN  P101=ON(manual)  LIT101=813.7mm  FIT101=-28.000L/s  [71s left]
[16:13:39] cycle=  46  MV101=CLOSED  MV201=OPEN  P101=ON(manual)  LIT101=812.6mm  FIT101=-28.000L/s  [69s left]
[16:13:40] cycle=  47  MV101=CLOSED  MV201=OPEN  P101=ON(manual)  LIT101=812.4mm  FIT101=-28.000L/s  [68s left]
[16:13:41] cycle=  48  MV101=CLOSED  MV201=OPEN  P101=ON(manual)  LIT101=811.2mm  FIT101=-28.000L/s  [67s left]
[16:13:42] cycle=  49  MV101=CLOSED  MV201=OPEN  P101=ON(manual)  LIT101=811.2mm  FIT101=-30.000L/s  [66s left]
[16:13:44] cycle=  50  MV101=CLOSED  MV201=OPEN  P101=ON(manual)  LIT101=809.7mm  FIT101=-30.000L/s  [65s left]
[16:13:45] cycle=  51  MV101=CLOSED  MV201=OPEN  P101=ON(manual)  LIT101=809.7mm  FIT101=-30.000L/s  [64s left]
[16:13:46] cycle=  52  MV101=CLOSED  MV201=OPEN  P101=ON(manual)  LIT101=808.7mm  FIT101=-30.000L/s  [63s left]
[16:13:47] cycle=  53  MV101=CLOSED  MV201=OPEN  P101=ON(manual)  LIT101=808.7mm  FIT101=-30.000L/s  [62s left]
[16:13:48] cycle=  54  MV101=CLOSED  MV201=OPEN  P101=ON(manual)  LIT101=807.7mm  FIT101=-30.000L/s  [61s left]
[16:13:49] cycle=  55  MV101=CLOSED  MV201=OPEN  P101=ON(manual)  LIT101=807.4mm  FIT101=-30.000L/s  [60s left]
[16:13:50] cycle=  56  MV101=CLOSED  MV201=OPEN  P101=ON(manual)  LIT101=807.4mm  FIT101=-30.000L/s  [58s left]
[16:13:51] cycle=  57  MV101=CLOSED  MV201=OPEN  P101=ON(manual)  LIT101=807.4mm  FIT101=-30.000L/s  [57s left]
[16:13:52] cycle=  58  MV101=CLOSED  MV201=OPEN  P101=ON(manual)  LIT101=807.4mm  FIT101=-30.000L/s  [56s left]
[16:13:54] cycle=  59  MV101=CLOSED  MV201=OPEN  P101=ON(manual)  LIT101=807.5mm  FIT101=-30.000L/s  [55s left]
[16:13:55] cycle=  60  MV101=CLOSED  MV201=OPEN  P101=ON(manual)  LIT101=804.9mm  FIT101=-30.000L/s  [54s left]
[16:13:56] cycle=  61  MV101=CLOSED  MV201=OPEN  P101=ON(manual)  LIT101=802.2mm  FIT101=-30.000L/s  [53s left]
[16:13:57] cycle=  62  MV101=CLOSED  MV201=OPEN  P101=ON(manual)  LIT101=801.4mm  FIT101=-30.000L/s  [52s left]
[16:13:58] cycle=  63  MV101=CLOSED  MV201=OPEN  P101=ON(manual)  LIT101=801.1mm  FIT101=-30.000L/s  [51s left]
[16:13:59] cycle=  64  MV101=CLOSED  MV201=OPEN  P101=ON(manual)  LIT101=800.5mm  FIT101=-30.000L/s  [50s left]
[16:14:00] cycle=  65  MV101=CLOSED  MV201=OPEN  P101=ON(manual)  LIT101=800.3mm  FIT101=-30.000L/s  [49s left]
[16:14:01] cycle=  66  MV101=CLOSED  MV201=OPEN  P101=ON(manual)  LIT101=799.1mm  FIT101=-30.000L/s  [47s left]
[16:14:02] cycle=  67  MV101=CLOSED  MV201=OPEN  P101=ON(manual)  LIT101=799.0mm  FIT101=-30.000L/s  [46s left]
[16:14:03] cycle=  68  MV101=CLOSED  MV201=OPEN  P101=ON(manual)  LIT101=797.9mm  FIT101=-30.000L/s  [45s left]
[16:14:05] cycle=  69  MV101=CLOSED  MV201=OPEN  P101=ON(manual)  LIT101=797.9mm  FIT101=-30.000L/s  [44s left]
[16:14:06] cycle=  70  MV101=CLOSED  MV201=OPEN  P101=ON(manual)  LIT101=797.9mm  FIT101=-30.000L/s  [43s left]
[16:14:07] cycle=  71  MV101=CLOSED  MV201=OPEN  P101=ON(manual)  LIT101=797.1mm  FIT101=-30.000L/s  [42s left]
[16:14:08] cycle=  72  MV101=CLOSED  MV201=OPEN  P101=ON(manual)  LIT101=796.4mm  FIT101=-30.000L/s  [41s left]
[16:14:09] cycle=  73  MV101=CLOSED  MV201=OPEN  P101=ON(manual)  LIT101=796.2mm  FIT101=-30.000L/s  [40s left]
[16:14:10] cycle=  74  MV101=CLOSED  MV201=OPEN  P101=ON(manual)  LIT101=795.0mm  FIT101=-30.000L/s  [39s left]
[16:14:11] cycle=  75  MV101=CLOSED  MV201=OPEN  P101=ON(manual)  LIT101=794.6mm  FIT101=-30.000L/s  [38s left]
[16:14:12] cycle=  76  MV101=CLOSED  MV201=OPEN  P101=ON(manual)  LIT101=794.0mm  FIT101=-30.000L/s  [36s left]
[16:14:13] cycle=  77  MV101=CLOSED  MV201=OPEN  P101=ON(manual)  LIT101=794.0mm  FIT101=-30.000L/s  [35s left]
[16:14:14] cycle=  78  MV101=CLOSED  MV201=OPEN  P101=ON(manual)  LIT101=794.0mm  FIT101=-30.000L/s  [34s left]
[16:14:16] cycle=  79  MV101=CLOSED  MV201=OPEN  P101=ON(manual)  LIT101=792.6mm  FIT101=-30.000L/s  [33s left]
[16:14:17] cycle=  80  MV101=CLOSED  MV201=OPEN  P101=ON(manual)  LIT101=791.5mm  FIT101=-30.000L/s  [32s left]
[16:14:18] cycle=  81  MV101=CLOSED  MV201=OPEN  P101=ON(manual)  LIT101=791.2mm  FIT101=-30.000L/s  [31s left]
[16:14:19] cycle=  82  MV101=CLOSED  MV201=OPEN  P101=ON(manual)  LIT101=790.8mm  FIT101=-30.000L/s  [30s left]
[16:14:20] cycle=  83  MV101=CLOSED  MV201=OPEN  P101=ON(manual)  LIT101=790.1mm  FIT101=-30.000L/s  [29s left]
[16:14:21] cycle=  84  MV101=CLOSED  MV201=OPEN  P101=ON(manual)  LIT101=788.6mm  FIT101=-30.000L/s  [28s left]
[16:14:22] cycle=  85  MV101=CLOSED  MV201=OPEN  P101=ON(manual)  LIT101=788.6mm  FIT101=-30.000L/s  [27s left]
[16:14:23] cycle=  86  MV101=CLOSED  MV201=OPEN  P101=ON(manual)  LIT101=788.6mm  FIT101=-30.000L/s  [25s left]
[16:14:24] cycle=  87  MV101=CLOSED  MV201=OPEN  P101=ON(manual)  LIT101=787.1mm  FIT101=-30.000L/s  [24s left]
[16:14:25] cycle=  88  MV101=CLOSED  MV201=OPEN  P101=ON(manual)  LIT101=786.3mm  FIT101=-30.000L/s  [23s left]
[16:14:27] cycle=  89  MV101=CLOSED  MV201=OPEN  P101=ON(manual)  LIT101=785.9mm  FIT101=-30.000L/s  [22s left]
[16:14:28] cycle=  90  MV101=CLOSED  MV201=OPEN  P101=ON(manual)  LIT101=785.4mm  FIT101=-30.000L/s  [21s left]
[16:14:29] cycle=  91  MV101=CLOSED  MV201=OPEN  P101=ON(manual)  LIT101=784.9mm  FIT101=-30.000L/s  [20s left]
[16:14:30] cycle=  92  MV101=CLOSED  MV201=OPEN  P101=ON(manual)  LIT101=783.7mm  FIT101=-30.000L/s  [19s left]
[16:14:31] cycle=  93  MV101=CLOSED  MV201=OPEN  P101=ON(manual)  LIT101=783.5mm  FIT101=-30.000L/s  [18s left]
[16:14:32] cycle=  94  MV101=CLOSED  MV201=OPEN  P101=ON(manual)  LIT101=783.5mm  FIT101=-30.000L/s  [17s left]
[16:14:33] cycle=  95  MV101=CLOSED  MV201=OPEN  P101=ON(manual)  LIT101=782.2mm  FIT101=-30.000L/s  [15s left]
[16:14:34] cycle=  96  MV101=CLOSED  MV201=OPEN  P101=ON(manual)  LIT101=782.2mm  FIT101=-30.000L/s  [14s left]
[16:14:35] cycle=  97  MV101=CLOSED  MV201=OPEN  P101=ON(manual)  LIT101=780.9mm  FIT101=-30.000L/s  [13s left]
[16:14:37] cycle=  98  MV101=CLOSED  MV201=OPEN  P101=ON(manual)  LIT101=779.7mm  FIT101=-30.000L/s  [12s left]
[16:14:38] cycle=  99  MV101=CLOSED  MV201=OPEN  P101=ON(manual)  LIT101=779.2mm  FIT101=-30.000L/s  [11s left]
[16:14:39] cycle= 100  MV101=CLOSED  MV201=OPEN  P101=ON(manual)  LIT101=778.1mm  FIT101=-30.000L/s  [10s left]
[16:14:40] cycle= 101  MV101=CLOSED  MV201=OPEN  P101=ON(manual)  LIT101=778.1mm  FIT101=-30.000L/s  [9s left]
[16:14:41] cycle= 102  MV101=CLOSED  MV201=OPEN  P101=ON(manual)  LIT101=778.1mm  FIT101=-30.000L/s  [8s left]
[16:14:42] cycle= 103  MV101=CLOSED  MV201=OPEN  P101=ON(manual)  LIT101=776.9mm  FIT101=-30.000L/s  [7s left]
[16:14:43] cycle= 104  MV101=CLOSED  MV201=OPEN  P101=ON(manual)  LIT101=776.9mm  FIT101=-30.000L/s  [5s left]
[16:14:44] cycle= 105  MV101=CLOSED  MV201=OPEN  P101=ON(manual)  LIT101=775.8mm  FIT101=-30.000L/s  [4s left]
[16:14:45] cycle= 106  MV101=CLOSED  MV201=OPEN  P101=ON(manual)  LIT101=775.7mm  FIT101=-30.000L/s  [3s left]
[16:14:47] cycle= 107  MV101=CLOSED  MV201=OPEN  P101=ON(manual)  LIT101=774.3mm  FIT101=-30.000L/s  [2s left]
[16:14:48] cycle= 108  MV101=CLOSED  MV201=OPEN  P101=ON(manual)  LIT101=773.0mm  FIT101=-30.000L/s  [1s left]
[16:14:49] cycle= 109  MV101=CLOSED  MV201=OPEN  P101=ON(manual)  LIT101=772.8mm  FIT101=-30.000L/s  [0s left]
[2026-04-16 16:14:50] 
[RESTORE] Restoring safe state...
[2026-04-16 16:14:50]     PLC1  HMI_MV101.Auto            = False  [Success]
[2026-04-16 16:14:50]     PLC1  HMI_MV101.Cmd             = 2  [Success]
[2026-04-16 16:14:50]     PLC1  HMI_MV101.Auto            = True  [Success]
[2026-04-16 16:14:50]     PLC1  HMI_P101.Auto             = False  [Success]
[2026-04-16 16:14:50]     PLC1  HMI_P101.Cmd              = 2  [Success]
[2026-04-16 16:14:50]     PLC1  HMI_P101.Auto             = True  [Success]
[2026-04-16 16:14:50]     PLC2  HMI_MV201.Auto            = False  [Success]
[2026-04-16 16:14:50]     PLC2  HMI_MV201.Cmd             = 1  [Success]
[2026-04-16 16:14:50]     PLC2  HMI_MV201.Auto            = True  [Success]
[2026-04-16 16:14:51] 
[RESTORE] MV101=CLOSED  MV201=OPEN  P101.Auto=True  LIT101=771.8mm
[2026-04-16 16:14:51] [RESTORE] Done.
[2026-04-16 16:14:51] [+] Phase 1 complete.
