# autoencoder
# Command: /home/ubuntu/Desktop/Group 2/swat-cps-project/.venv/bin/python3 /home/ubuntu/Desktop/Group 2/swat-cps-project/scripts/defense/autoencoder_detector.py monitor --plc-ip 192.168.1.10 --model /home/ubuntu/Desktop/Group 2/swat-cps-project/ae_model.npz
# Started: 2026-04-10 17:22:59

[*] Loading model: /home/ubuntu/Desktop/Group 2/swat-cps-project/ae_model.npz
[*] Monitoring PLC 192.168.1.10  threshold=0.000717
[17:23:08] cycle=   10  *** AE ANOMALY ***  MSE=300.025269 > 0.000717
[17:23:09] cycle=   11  *** AE ANOMALY ***  MSE=300.022369 > 0.000717
[17:23:10] cycle=   12  *** AE ANOMALY ***  MSE=300.019623 > 0.000717
[17:23:11] cycle=   13  *** AE ANOMALY ***  MSE=300.013184 > 0.000717
[17:23:12] cycle=   14  *** AE ANOMALY ***  MSE=300.014618 > 0.000717
[17:23:13] cycle=   15  *** AE ANOMALY ***  MSE=300.015717 > 0.000717
[17:23:14] cycle=   16  *** AE ANOMALY ***  MSE=300.023804 > 0.000717
[17:23:15] cycle=   17  *** AE ANOMALY ***  MSE=300.023010 > 0.000717
[17:23:16] cycle=   18  *** AE ANOMALY ***  MSE=300.023132 > 0.000717
[17:23:17] cycle=   19  *** AE ANOMALY ***  MSE=300.023621 > 0.000717
[17:23:18] cycle=   20  *** AE ANOMALY ***  MSE=300.025543 > 0.000717
[17:23:19] cycle=   21  *** AE ANOMALY ***  MSE=300.028198 > 0.000717
[17:23:20] cycle=   22  *** AE ANOMALY ***  MSE=300.025787 > 0.000717
[17:23:21] cycle=   23  *** AE ANOMALY ***  MSE=300.026215 > 0.000717
[17:23:22] cycle=   24  *** AE ANOMALY ***  MSE=300.024445 > 0.000717
[17:23:23] cycle=   25  *** AE ANOMALY ***  MSE=300.024536 > 0.000717
[17:23:24] cycle=   26  *** AE ANOMALY ***  MSE=300.024994 > 0.000717
[17:23:25] cycle=   27  *** AE ANOMALY ***  MSE=300.023895 > 0.000717
[17:23:26] cycle=   28  *** AE ANOMALY ***  MSE=300.023743 > 0.000717
[17:23:27] cycle=   29  *** AE ANOMALY ***  MSE=300.023743 > 0.000717
[17:23:28] cycle=   30  *** AE ANOMALY ***  MSE=300.023743 > 0.000717
[17:23:29] cycle=   31  *** AE ANOMALY ***  MSE=300.023743 > 0.000717
[17:23:30] cycle=   32  *** AE ANOMALY ***  MSE=300.023743 > 0.000717
[17:23:31] cycle=   33  *** AE ANOMALY ***  MSE=300.023743 > 0.000717
[17:23:32] cycle=   34  *** AE ANOMALY ***  MSE=300.023743 > 0.000717
[17:23:33] cycle=   35  *** AE ANOMALY ***  MSE=300.023743 > 0.000717
[17:23:34] cycle=   36  *** AE ANOMALY ***  MSE=300.023743 > 0.000717
[17:23:35] cycle=   37  *** AE ANOMALY ***  MSE=300.023743 > 0.000717
[17:23:36] cycle=   38  *** AE ANOMALY ***  MSE=300.023499 > 0.000717
[17:23:37] cycle=   39  *** AE ANOMALY ***  MSE=300.023224 > 0.000717
[17:23:38] cycle=   40  *** AE ANOMALY ***  MSE=300.022400 > 0.000717
[17:23:39] cycle=   41  *** AE ANOMALY ***  MSE=300.020813 > 0.000717
[17:23:40] cycle=   42  *** AE ANOMALY ***  MSE=300.021271 > 0.000717
[17:23:41] cycle=   43  *** AE ANOMALY ***  MSE=300.020935 > 0.000717
[17:23:42] cycle=   44  *** AE ANOMALY ***  MSE=300.022095 > 0.000717
[17:23:43] cycle=   45  *** AE ANOMALY ***  MSE=300.021912 > 0.000717
[17:23:44] cycle=   46  *** AE ANOMALY ***  MSE=300.021545 > 0.000717
[17:23:45] cycle=   47  *** AE ANOMALY ***  MSE=300.022522 > 0.000717
[17:23:46] cycle=   48  *** AE ANOMALY ***  MSE=300.022522 > 0.000717
[17:23:47] cycle=   49  *** AE ANOMALY ***  MSE=300.022522 > 0.000717
[17:23:48] cycle=   50  *** AE ANOMALY ***  MSE=300.022522 > 0.000717
[17:23:49] cycle=   51  *** AE ANOMALY ***  MSE=300.022522 > 0.000717
[17:23:50] cycle=   52  *** AE ANOMALY ***  MSE=300.022522 > 0.000717
[17:23:51] cycle=   53  *** AE ANOMALY ***  MSE=300.022522 > 0.000717
[17:23:52] cycle=   54  *** AE ANOMALY ***  MSE=300.022522 > 0.000717
[17:23:53] cycle=   55  *** AE ANOMALY ***  MSE=300.022522 > 0.000717
[17:23:54] cycle=   56  *** AE ANOMALY ***  MSE=300.020142 > 0.000717
[17:23:55] cycle=   57  *** AE ANOMALY ***  MSE=300.016937 > 0.000717
[17:23:56] cycle=   58  *** AE ANOMALY ***  MSE=300.008087 > 0.000717
[17:23:57] cycle=   59  *** AE ANOMALY ***  MSE=299.990417 > 0.000717
[17:23:58] cycle=   60  *** AE ANOMALY ***  MSE=299.986053 > 0.000717
[17:23:59] cycle=   61  *** AE ANOMALY ***  MSE=299.977570 > 0.000717
[17:24:00] cycle=   62  *** AE ANOMALY ***  MSE=299.988586 > 0.000717
[17:24:01] cycle=   63  *** AE ANOMALY ***  MSE=299.986908 > 0.000717
[17:24:02] cycle=   64  *** AE ANOMALY ***  MSE=299.985046 > 0.000717
[17:24:03] cycle=   65  *** AE ANOMALY ***  MSE=299.982605 > 0.000717
[17:24:04] cycle=   66  *** AE ANOMALY ***  MSE=299.965790 > 0.000717
[17:24:05] cycle=   67  *** AE ANOMALY ***  MSE=299.966339 > 0.000717
[17:24:06] cycle=   68  *** AE ANOMALY ***  MSE=299.957977 > 0.000717
[17:24:07] cycle=   69  *** AE ANOMALY ***  MSE=299.969666 > 0.000717
[17:24:08] cycle=   70  *** AE ANOMALY ***  MSE=299.968903 > 0.000717
[17:24:09] cycle=   71  *** AE ANOMALY ***  MSE=299.968719 > 0.000717
[17:24:10] cycle=   72  *** AE ANOMALY ***  MSE=299.969513 > 0.000717
[17:24:11] cycle=   73  *** AE ANOMALY ***  MSE=299.967468 > 0.000717
[17:24:12] cycle=   74  *** AE ANOMALY ***  MSE=299.961090 > 0.000717
[17:24:13] cycle=   75  *** AE ANOMALY ***  MSE=299.944611 > 0.000717
[17:24:14] cycle=   76  *** AE ANOMALY ***  MSE=299.943451 > 0.000717
[17:24:15] cycle=   77  *** AE ANOMALY ***  MSE=299.931824 > 0.000717
[17:24:16] cycle=   78  *** AE ANOMALY ***  MSE=299.946594 > 0.000717
[17:24:17] cycle=   79  *** AE ANOMALY ***  MSE=299.942200 > 0.000717
[17:24:18] cycle=   80  *** AE ANOMALY ***  MSE=299.938782 > 0.000717
[17:24:19] cycle=   81  *** AE ANOMALY ***  MSE=299.936462 > 0.000717
[17:24:20] cycle=   82  *** AE ANOMALY ***  MSE=299.933197 > 0.000717
[17:24:21] cycle=   83  *** AE ANOMALY ***  MSE=299.929871 > 0.000717
[17:24:22] cycle=   84  *** AE ANOMALY ***  MSE=299.920959 > 0.000717
[17:24:23] cycle=   85  *** AE ANOMALY ***  MSE=299.914429 > 0.000717
[17:24:24] cycle=   86  *** AE ANOMALY ***  MSE=299.902649 > 0.000717
[17:24:25] cycle=   87  *** AE ANOMALY ***  MSE=299.915375 > 0.000717
[17:24:26] cycle=   88  *** AE ANOMALY ***  MSE=299.913849 > 0.000717
[17:24:27] cycle=   89  *** AE ANOMALY ***  MSE=299.920074 > 0.000717
[17:24:28] cycle=   90  *** AE ANOMALY ***  MSE=299.926636 > 0.000717
[17:24:29] cycle=   91  *** AE ANOMALY ***  MSE=299.929993 > 0.000717
[17:24:30] cycle=   92  *** AE ANOMALY ***  MSE=299.930847 > 0.000717
[17:24:31] cycle=   93  *** AE ANOMALY ***  MSE=299.920441 > 0.000717
[17:24:33] cycle=   94  *** AE ANOMALY ***  MSE=299.910736 > 0.000717
[17:24:34] cycle=   95  *** AE ANOMALY ***  MSE=299.906158 > 0.000717
[17:24:35] cycle=   96  *** AE ANOMALY ***  MSE=299.902100 > 0.000717
[17:24:36] cycle=   97  *** AE ANOMALY ***  MSE=299.897705 > 0.000717
[17:24:37] cycle=   98  *** AE ANOMALY ***  MSE=299.885590 > 0.000717
[17:24:38] cycle=   99  *** AE ANOMALY ***  MSE=299.880676 > 0.000717
[17:24:39] cycle=  100  *** AE ANOMALY ***  MSE=299.881989 > 0.000717
[17:24:40] cycle=  101  *** AE ANOMALY ***  MSE=299.880829 > 0.000717
[17:24:41] cycle=  102  *** AE ANOMALY ***  MSE=299.882263 > 0.000717
[17:24:42] cycle=  103  *** AE ANOMALY ***  MSE=299.876007 > 0.000717
[17:24:43] cycle=  104  *** AE ANOMALY ***  MSE=299.875580 > 0.000717
[17:24:44] cycle=  105  *** AE ANOMALY ***  MSE=299.872955 > 0.000717
[17:24:45] cycle=  106  *** AE ANOMALY ***  MSE=299.864288 > 0.000717
[17:24:46] cycle=  107  *** AE ANOMALY ***  MSE=299.858673 > 0.000717
[17:24:47] cycle=  108  *** AE ANOMALY ***  MSE=299.856110 > 0.000717
[17:24:48] cycle=  109  *** AE ANOMALY ***  MSE=299.852966 > 0.000717
[17:24:49] cycle=  110  *** AE ANOMALY ***  MSE=299.855408 > 0.000717
[17:24:50] cycle=  111  *** AE ANOMALY ***  MSE=299.860443 > 0.000717
[17:24:51] cycle=  112  *** AE ANOMALY ***  MSE=299.853210 > 0.000717
[17:24:52] cycle=  113  *** AE ANOMALY ***  MSE=299.855042 > 0.000717
[17:24:53] cycle=  114  *** AE ANOMALY ***  MSE=299.850311 > 0.000717
[17:24:54] cycle=  115  *** AE ANOMALY ***  MSE=299.850403 > 0.000717
[17:24:55] cycle=  116  *** AE ANOMALY ***  MSE=299.847595 > 0.000717
[17:24:56] cycle=  117  *** AE ANOMALY ***  MSE=299.849884 > 0.000717
[17:24:57] cycle=  118  *** AE ANOMALY ***  MSE=299.844666 > 0.000717
[17:24:58] cycle=  119  *** AE ANOMALY ***  MSE=299.828064 > 0.000717
[17:24:59] cycle=  120  *** AE ANOMALY ***  MSE=299.831787 > 0.000717
[17:25:00] cycle=  121  *** AE ANOMALY ***  MSE=299.824768 > 0.000717
[17:25:01] cycle=  122  *** AE ANOMALY ***  MSE=299.834167 > 0.000717
[17:25:02] cycle=  123  *** AE ANOMALY ***  MSE=299.831024 > 0.000717
[17:25:03] cycle=  124  *** AE ANOMALY ***  MSE=299.826355 > 0.000717
