# fusion
# Command: /home/ubuntu/Desktop/Group 2/swat-cps-project/.venv/bin/python3 /home/ubuntu/Desktop/Group 2/swat-cps-project/scripts/defense/fusion.py --recovery-script /home/ubuntu/Desktop/Group 2/swat-cps-project/scripts/recovery/recovery_agent.py
# Started: 2026-04-10 17:22:59

2026-04-10 17:22:59,102 [FUSION] INFO Fusion engine started. Waiting for flag files...
2026-04-10 17:23:00,104 [FUSION] WARNING Partial signal: score=1.5 (inv=1 ae=0) — window=[0.0, 1.5]
2026-04-10 17:23:01,106 [FUSION] WARNING Partial signal: score=1.5 (inv=1 ae=0) — window=[0.0, 1.5, 1.5]
2026-04-10 17:23:02,108 [FUSION] ERROR ⚠ ALERT: score=1.5 sustained 3 cycles (inv=1 ae=0)
2026-04-10 17:23:02,108 [FUSION] ERROR → Triggering RECOVERY PIPELINE
2026-04-10 17:23:03,111 [FUSION] ERROR ⚠ ALERT: score=1.5 sustained 3 cycles (inv=1 ae=0)
2026-04-10 17:23:04,112 [FUSION] ERROR ⚠ ALERT: score=1.5 sustained 3 cycles (inv=1 ae=0)
2026-04-10 17:23:05,114 [FUSION] ERROR ⚠ ALERT: score=1.5 sustained 3 cycles (inv=1 ae=0)
2026-04-10 17:23:06,116 [FUSION] ERROR ⚠ ALERT: score=1.5 sustained 3 cycles (inv=1 ae=0)
2026-04-10 17:23:07,118 [FUSION] ERROR ⚠ ALERT: score=1.5 sustained 3 cycles (inv=1 ae=0)
2026-04-10 17:23:08,120 [FUSION] ERROR ⚠ ALERT: score=1.5 sustained 3 cycles (inv=1 ae=0)
2026-04-10 17:23:09,122 [FUSION] ERROR ⚠ ALERT: score=2.5 sustained 3 cycles (inv=1 ae=1)
2026-04-10 17:23:10,124 [FUSION] ERROR ⚠ ALERT: score=2.5 sustained 3 cycles (inv=1 ae=1)
2026-04-10 17:23:11,125 [FUSION] ERROR ⚠ ALERT: score=2.5 sustained 3 cycles (inv=1 ae=1)
2026-04-10 17:23:12,127 [FUSION] ERROR ⚠ ALERT: score=2.5 sustained 3 cycles (inv=1 ae=1)
2026-04-10 17:23:13,129 [FUSION] ERROR ⚠ ALERT: score=2.5 sustained 3 cycles (inv=1 ae=1)
2026-04-10 17:23:14,131 [FUSION] ERROR ⚠ ALERT: score=2.5 sustained 3 cycles (inv=1 ae=1)
2026-04-10 17:23:15,133 [FUSION] ERROR ⚠ ALERT: score=2.5 sustained 3 cycles (inv=1 ae=1)
2026-04-10 17:23:16,134 [FUSION] ERROR ⚠ ALERT: score=2.5 sustained 3 cycles (inv=1 ae=1)
2026-04-10 17:23:17,136 [FUSION] ERROR ⚠ ALERT: score=2.5 sustained 3 cycles (inv=1 ae=1)
2026-04-10 17:23:18,138 [FUSION] ERROR ⚠ ALERT: score=2.5 sustained 3 cycles (inv=1 ae=1)
2026-04-10 17:23:19,140 [FUSION] ERROR ⚠ ALERT: score=2.5 sustained 3 cycles (inv=1 ae=1)
2026-04-10 17:23:20,142 [FUSION] ERROR ⚠ ALERT: score=2.5 sustained 3 cycles (inv=1 ae=1)
2026-04-10 17:23:21,143 [FUSION] ERROR ⚠ ALERT: score=2.5 sustained 3 cycles (inv=1 ae=1)
2026-04-10 17:23:22,145 [FUSION] ERROR ⚠ ALERT: score=2.5 sustained 3 cycles (inv=1 ae=1)
2026-04-10 17:23:23,147 [FUSION] ERROR ⚠ ALERT: score=2.5 sustained 3 cycles (inv=1 ae=1)
2026-04-10 17:23:24,149 [FUSION] ERROR ⚠ ALERT: score=2.5 sustained 3 cycles (inv=1 ae=1)
2026-04-10 17:23:25,151 [FUSION] ERROR ⚠ ALERT: score=2.5 sustained 3 cycles (inv=1 ae=1)
2026-04-10 17:23:26,153 [FUSION] ERROR ⚠ ALERT: score=2.5 sustained 3 cycles (inv=1 ae=1)
2026-04-10 17:23:27,155 [FUSION] ERROR ⚠ ALERT: score=2.5 sustained 3 cycles (inv=1 ae=1)
2026-04-10 17:23:28,157 [FUSION] ERROR ⚠ ALERT: score=2.5 sustained 3 cycles (inv=1 ae=1)
2026-04-10 17:23:29,158 [FUSION] ERROR ⚠ ALERT: score=2.5 sustained 3 cycles (inv=1 ae=1)
2026-04-10 17:23:30,160 [FUSION] ERROR ⚠ ALERT: score=2.5 sustained 3 cycles (inv=1 ae=1)
2026-04-10 17:23:31,162 [FUSION] ERROR ⚠ ALERT: score=2.5 sustained 3 cycles (inv=1 ae=1)
2026-04-10 17:23:32,164 [FUSION] ERROR ⚠ ALERT: score=2.5 sustained 3 cycles (inv=1 ae=1)
2026-04-10 17:23:32,165 [FUSION] ERROR → Triggering RECOVERY PIPELINE
2026-04-10 17:23:33,168 [FUSION] ERROR ⚠ ALERT: score=2.5 sustained 3 cycles (inv=1 ae=1)
2026-04-10 17:23:34,169 [FUSION] ERROR ⚠ ALERT: score=2.5 sustained 3 cycles (inv=1 ae=1)
2026-04-10 17:23:35,171 [FUSION] ERROR ⚠ ALERT: score=2.5 sustained 3 cycles (inv=1 ae=1)
2026-04-10 17:23:36,172 [FUSION] ERROR ⚠ ALERT: score=2.5 sustained 3 cycles (inv=1 ae=1)
2026-04-10 17:23:37,174 [FUSION] ERROR ⚠ ALERT: score=2.5 sustained 3 cycles (inv=1 ae=1)
2026-04-10 17:23:38,176 [FUSION] ERROR ⚠ ALERT: score=2.5 sustained 3 cycles (inv=1 ae=1)
2026-04-10 17:23:39,178 [FUSION] ERROR ⚠ ALERT: score=2.5 sustained 3 cycles (inv=1 ae=1)
2026-04-10 17:23:40,180 [FUSION] ERROR ⚠ ALERT: score=2.5 sustained 3 cycles (inv=1 ae=1)
2026-04-10 17:23:41,182 [FUSION] ERROR ⚠ ALERT: score=2.5 sustained 3 cycles (inv=1 ae=1)
2026-04-10 17:23:42,184 [FUSION] ERROR ⚠ ALERT: score=2.5 sustained 3 cycles (inv=1 ae=1)
2026-04-10 17:23:43,185 [FUSION] ERROR ⚠ ALERT: score=2.5 sustained 3 cycles (inv=1 ae=1)
2026-04-10 17:23:44,187 [FUSION] ERROR ⚠ ALERT: score=2.5 sustained 3 cycles (inv=1 ae=1)
2026-04-10 17:23:45,189 [FUSION] ERROR ⚠ ALERT: score=2.5 sustained 3 cycles (inv=1 ae=1)
2026-04-10 17:23:46,191 [FUSION] ERROR ⚠ ALERT: score=2.5 sustained 3 cycles (inv=1 ae=1)
2026-04-10 17:23:47,193 [FUSION] ERROR ⚠ ALERT: score=2.5 sustained 3 cycles (inv=1 ae=1)
2026-04-10 17:23:48,195 [FUSION] ERROR ⚠ ALERT: score=2.5 sustained 3 cycles (inv=1 ae=1)
2026-04-10 17:23:49,197 [FUSION] ERROR ⚠ ALERT: score=2.5 sustained 3 cycles (inv=1 ae=1)
2026-04-10 17:23:50,199 [FUSION] ERROR ⚠ ALERT: score=2.5 sustained 3 cycles (inv=1 ae=1)
2026-04-10 17:23:51,201 [FUSION] ERROR ⚠ ALERT: score=2.5 sustained 3 cycles (inv=1 ae=1)
2026-04-10 17:23:52,203 [FUSION] ERROR ⚠ ALERT: score=2.5 sustained 3 cycles (inv=1 ae=1)
2026-04-10 17:23:53,205 [FUSION] ERROR ⚠ ALERT: score=2.5 sustained 3 cycles (inv=1 ae=1)
2026-04-10 17:23:54,207 [FUSION] ERROR ⚠ ALERT: score=2.5 sustained 3 cycles (inv=1 ae=1)
2026-04-10 17:23:55,208 [FUSION] ERROR ⚠ ALERT: score=2.5 sustained 3 cycles (inv=1 ae=1)
2026-04-10 17:23:56,210 [FUSION] ERROR ⚠ ALERT: score=2.5 sustained 3 cycles (inv=1 ae=1)
2026-04-10 17:23:57,212 [FUSION] ERROR ⚠ ALERT: score=2.5 sustained 3 cycles (inv=1 ae=1)
2026-04-10 17:23:58,214 [FUSION] ERROR ⚠ ALERT: score=2.5 sustained 3 cycles (inv=1 ae=1)
2026-04-10 17:23:59,218 [FUSION] ERROR ⚠ ALERT: score=2.5 sustained 3 cycles (inv=1 ae=1)
2026-04-10 17:24:00,220 [FUSION] ERROR ⚠ ALERT: score=2.5 sustained 3 cycles (inv=1 ae=1)
2026-04-10 17:24:01,222 [FUSION] ERROR ⚠ ALERT: score=2.5 sustained 3 cycles (inv=1 ae=1)
2026-04-10 17:24:02,224 [FUSION] ERROR ⚠ ALERT: score=2.5 sustained 3 cycles (inv=1 ae=1)
2026-04-10 17:24:02,225 [FUSION] ERROR → Triggering RECOVERY PIPELINE
2026-04-10 17:24:03,228 [FUSION] ERROR ⚠ ALERT: score=2.5 sustained 3 cycles (inv=1 ae=1)
2026-04-10 17:24:04,230 [FUSION] ERROR ⚠ ALERT: score=2.5 sustained 3 cycles (inv=1 ae=1)
2026-04-10 17:24:05,232 [FUSION] ERROR ⚠ ALERT: score=2.5 sustained 3 cycles (inv=1 ae=1)
2026-04-10 17:24:06,234 [FUSION] ERROR ⚠ ALERT: score=2.5 sustained 3 cycles (inv=1 ae=1)
2026-04-10 17:24:07,235 [FUSION] ERROR ⚠ ALERT: score=2.5 sustained 3 cycles (inv=1 ae=1)
2026-04-10 17:24:08,237 [FUSION] ERROR ⚠ ALERT: score=2.5 sustained 3 cycles (inv=1 ae=1)
2026-04-10 17:24:09,239 [FUSION] ERROR ⚠ ALERT: score=2.5 sustained 3 cycles (inv=1 ae=1)
2026-04-10 17:24:10,241 [FUSION] ERROR ⚠ ALERT: score=2.5 sustained 3 cycles (inv=1 ae=1)
2026-04-10 17:24:11,243 [FUSION] ERROR ⚠ ALERT: score=2.5 sustained 3 cycles (inv=1 ae=1)
2026-04-10 17:24:12,245 [FUSION] ERROR ⚠ ALERT: score=2.5 sustained 3 cycles (inv=1 ae=1)
2026-04-10 17:24:13,247 [FUSION] ERROR ⚠ ALERT: score=2.5 sustained 3 cycles (inv=1 ae=1)
2026-04-10 17:24:14,249 [FUSION] ERROR ⚠ ALERT: score=2.5 sustained 3 cycles (inv=1 ae=1)
2026-04-10 17:24:15,250 [FUSION] ERROR ⚠ ALERT: score=2.5 sustained 3 cycles (inv=1 ae=1)
2026-04-10 17:24:16,252 [FUSION] ERROR ⚠ ALERT: score=2.5 sustained 3 cycles (inv=1 ae=1)
2026-04-10 17:24:17,254 [FUSION] ERROR ⚠ ALERT: score=2.5 sustained 3 cycles (inv=1 ae=1)
2026-04-10 17:24:18,256 [FUSION] ERROR ⚠ ALERT: score=2.5 sustained 3 cycles (inv=1 ae=1)
2026-04-10 17:24:19,258 [FUSION] ERROR ⚠ ALERT: score=2.5 sustained 3 cycles (inv=1 ae=1)
2026-04-10 17:24:20,260 [FUSION] ERROR ⚠ ALERT: score=2.5 sustained 3 cycles (inv=1 ae=1)
2026-04-10 17:24:21,262 [FUSION] ERROR ⚠ ALERT: score=2.5 sustained 3 cycles (inv=1 ae=1)
2026-04-10 17:24:22,264 [FUSION] ERROR ⚠ ALERT: score=2.5 sustained 3 cycles (inv=1 ae=1)
2026-04-10 17:24:23,266 [FUSION] ERROR ⚠ ALERT: score=2.5 sustained 3 cycles (inv=1 ae=1)
2026-04-10 17:24:24,268 [FUSION] ERROR ⚠ ALERT: score=2.5 sustained 3 cycles (inv=1 ae=1)
2026-04-10 17:24:25,270 [FUSION] ERROR ⚠ ALERT: score=2.5 sustained 3 cycles (inv=1 ae=1)
2026-04-10 17:24:26,272 [FUSION] ERROR ⚠ ALERT: score=2.5 sustained 3 cycles (inv=1 ae=1)
2026-04-10 17:24:27,274 [FUSION] ERROR ⚠ ALERT: score=2.5 sustained 3 cycles (inv=1 ae=1)
2026-04-10 17:24:28,275 [FUSION] ERROR ⚠ ALERT: score=2.5 sustained 3 cycles (inv=1 ae=1)
2026-04-10 17:24:29,277 [FUSION] ERROR ⚠ ALERT: score=2.5 sustained 3 cycles (inv=1 ae=1)
2026-04-10 17:24:30,279 [FUSION] ERROR ⚠ ALERT: score=2.5 sustained 3 cycles (inv=1 ae=1)
2026-04-10 17:24:31,281 [FUSION] ERROR ⚠ ALERT: score=2.5 sustained 3 cycles (inv=1 ae=1)
2026-04-10 17:24:32,283 [FUSION] ERROR ⚠ ALERT: score=2.5 sustained 3 cycles (inv=1 ae=1)
2026-04-10 17:24:32,283 [FUSION] ERROR → Triggering RECOVERY PIPELINE
2026-04-10 17:24:33,287 [FUSION] ERROR ⚠ ALERT: score=2.5 sustained 3 cycles (inv=1 ae=1)
2026-04-10 17:24:34,289 [FUSION] ERROR ⚠ ALERT: score=2.5 sustained 3 cycles (inv=1 ae=1)
2026-04-10 17:24:35,290 [FUSION] ERROR ⚠ ALERT: score=2.5 sustained 3 cycles (inv=1 ae=1)
2026-04-10 17:24:36,292 [FUSION] ERROR ⚠ ALERT: score=2.5 sustained 3 cycles (inv=1 ae=1)
2026-04-10 17:24:37,294 [FUSION] ERROR ⚠ ALERT: score=2.5 sustained 3 cycles (inv=1 ae=1)
2026-04-10 17:24:38,296 [FUSION] ERROR ⚠ ALERT: score=2.5 sustained 3 cycles (inv=1 ae=1)
2026-04-10 17:24:39,298 [FUSION] ERROR ⚠ ALERT: score=2.5 sustained 3 cycles (inv=1 ae=1)
2026-04-10 17:24:40,300 [FUSION] ERROR ⚠ ALERT: score=2.5 sustained 3 cycles (inv=1 ae=1)
2026-04-10 17:24:41,302 [FUSION] ERROR ⚠ ALERT: score=2.5 sustained 3 cycles (inv=1 ae=1)
2026-04-10 17:24:42,304 [FUSION] ERROR ⚠ ALERT: score=2.5 sustained 3 cycles (inv=1 ae=1)
2026-04-10 17:24:43,306 [FUSION] ERROR ⚠ ALERT: score=2.5 sustained 3 cycles (inv=1 ae=1)
2026-04-10 17:24:44,308 [FUSION] ERROR ⚠ ALERT: score=2.5 sustained 3 cycles (inv=1 ae=1)
2026-04-10 17:24:45,310 [FUSION] ERROR ⚠ ALERT: score=2.5 sustained 3 cycles (inv=1 ae=1)
2026-04-10 17:24:46,311 [FUSION] ERROR ⚠ ALERT: score=2.5 sustained 3 cycles (inv=1 ae=1)
2026-04-10 17:24:47,313 [FUSION] ERROR ⚠ ALERT: score=2.5 sustained 3 cycles (inv=1 ae=1)
2026-04-10 17:24:48,315 [FUSION] ERROR ⚠ ALERT: score=2.5 sustained 3 cycles (inv=1 ae=1)
2026-04-10 17:24:49,317 [FUSION] ERROR ⚠ ALERT: score=2.5 sustained 3 cycles (inv=1 ae=1)
2026-04-10 17:24:50,319 [FUSION] ERROR ⚠ ALERT: score=2.5 sustained 3 cycles (inv=1 ae=1)
2026-04-10 17:24:51,321 [FUSION] ERROR ⚠ ALERT: score=2.5 sustained 3 cycles (inv=1 ae=1)
2026-04-10 17:24:52,323 [FUSION] ERROR ⚠ ALERT: score=2.5 sustained 3 cycles (inv=1 ae=1)
2026-04-10 17:24:53,325 [FUSION] ERROR ⚠ ALERT: score=2.5 sustained 3 cycles (inv=1 ae=1)
2026-04-10 17:24:54,327 [FUSION] ERROR ⚠ ALERT: score=2.5 sustained 3 cycles (inv=1 ae=1)
2026-04-10 17:24:55,329 [FUSION] ERROR ⚠ ALERT: score=2.5 sustained 3 cycles (inv=1 ae=1)
2026-04-10 17:24:56,331 [FUSION] ERROR ⚠ ALERT: score=2.5 sustained 3 cycles (inv=1 ae=1)
2026-04-10 17:24:57,333 [FUSION] ERROR ⚠ ALERT: score=2.5 sustained 3 cycles (inv=1 ae=1)
2026-04-10 17:24:58,335 [FUSION] ERROR ⚠ ALERT: score=2.5 sustained 3 cycles (inv=1 ae=1)
2026-04-10 17:24:59,341 [FUSION] ERROR ⚠ ALERT: score=2.5 sustained 3 cycles (inv=1 ae=1)
2026-04-10 17:25:00,343 [FUSION] ERROR ⚠ ALERT: score=2.5 sustained 3 cycles (inv=1 ae=1)
2026-04-10 17:25:01,345 [FUSION] ERROR ⚠ ALERT: score=2.5 sustained 3 cycles (inv=1 ae=1)
2026-04-10 17:25:02,347 [FUSION] ERROR ⚠ ALERT: score=2.5 sustained 3 cycles (inv=1 ae=1)
2026-04-10 17:25:02,347 [FUSION] ERROR → Triggering RECOVERY PIPELINE
2026-04-10 17:25:03,350 [FUSION] ERROR ⚠ ALERT: score=2.5 sustained 3 cycles (inv=1 ae=1)
2026-04-10 17:25:04,352 [FUSION] ERROR ⚠ ALERT: score=2.5 sustained 3 cycles (inv=1 ae=1)
2026-04-10 17:25:05,354 [FUSION] ERROR ⚠ ALERT: score=2.5 sustained 3 cycles (inv=1 ae=1)
2026-04-10 17:25:06,356 [FUSION] ERROR ⚠ ALERT: score=2.5 sustained 3 cycles (inv=1 ae=1)
2026-04-10 17:25:07,358 [FUSION] ERROR ⚠ ALERT: score=2.5 sustained 3 cycles (inv=1 ae=1)
2026-04-10 17:25:08,360 [FUSION] ERROR ⚠ ALERT: score=2.5 sustained 3 cycles (inv=1 ae=1)
2026-04-10 17:25:09,362 [FUSION] ERROR ⚠ ALERT: score=2.5 sustained 3 cycles (inv=1 ae=1)
2026-04-10 17:25:10,364 [FUSION] ERROR ⚠ ALERT: score=2.5 sustained 3 cycles (inv=1 ae=1)
2026-04-10 17:25:11,366 [FUSION] ERROR ⚠ ALERT: score=2.5 sustained 3 cycles (inv=1 ae=1)
2026-04-10 17:25:12,368 [FUSION] ERROR ⚠ ALERT: score=2.5 sustained 3 cycles (inv=1 ae=1)
2026-04-10 17:25:13,369 [FUSION] ERROR ⚠ ALERT: score=2.5 sustained 3 cycles (inv=1 ae=1)
2026-04-10 17:25:14,371 [FUSION] ERROR ⚠ ALERT: score=2.5 sustained 3 cycles (inv=1 ae=1)
2026-04-10 17:25:15,373 [FUSION] ERROR ⚠ ALERT: score=2.5 sustained 3 cycles (inv=1 ae=1)
2026-04-10 17:25:16,375 [FUSION] ERROR ⚠ ALERT: score=2.5 sustained 3 cycles (inv=1 ae=1)
2026-04-10 17:25:17,377 [FUSION] ERROR ⚠ ALERT: score=2.5 sustained 3 cycles (inv=1 ae=1)
2026-04-10 17:25:18,379 [FUSION] ERROR ⚠ ALERT: score=2.5 sustained 3 cycles (inv=1 ae=1)
2026-04-10 17:25:19,381 [FUSION] ERROR ⚠ ALERT: score=2.5 sustained 3 cycles (inv=1 ae=1)
2026-04-10 17:25:20,383 [FUSION] ERROR ⚠ ALERT: score=2.5 sustained 3 cycles (inv=1 ae=1)
2026-04-10 17:25:21,385 [FUSION] ERROR ⚠ ALERT: score=2.5 sustained 3 cycles (inv=1 ae=1)
2026-04-10 17:25:22,387 [FUSION] ERROR ⚠ ALERT: score=2.5 sustained 3 cycles (inv=1 ae=1)
2026-04-10 17:25:23,389 [FUSION] ERROR ⚠ ALERT: score=2.5 sustained 3 cycles (inv=1 ae=1)
2026-04-10 17:25:24,391 [FUSION] ERROR ⚠ ALERT: score=2.5 sustained 3 cycles (inv=1 ae=1)
2026-04-10 17:25:25,393 [FUSION] ERROR ⚠ ALERT: score=2.5 sustained 3 cycles (inv=1 ae=1)
2026-04-10 17:25:26,395 [FUSION] ERROR ⚠ ALERT: score=2.5 sustained 3 cycles (inv=1 ae=1)
2026-04-10 17:25:27,397 [FUSION] ERROR ⚠ ALERT: score=2.5 sustained 3 cycles (inv=1 ae=1)
2026-04-10 17:25:28,398 [FUSION] ERROR ⚠ ALERT: score=2.5 sustained 3 cycles (inv=1 ae=1)
2026-04-10 17:25:29,400 [FUSION] ERROR ⚠ ALERT: score=2.5 sustained 3 cycles (inv=1 ae=1)
2026-04-10 17:25:30,402 [FUSION] ERROR ⚠ ALERT: score=2.5 sustained 3 cycles (inv=1 ae=1)
2026-04-10 17:25:31,404 [FUSION] ERROR ⚠ ALERT: score=2.5 sustained 3 cycles (inv=1 ae=1)
2026-04-10 17:25:32,406 [FUSION] ERROR ⚠ ALERT: score=2.5 sustained 3 cycles (inv=1 ae=1)
2026-04-10 17:25:32,406 [FUSION] ERROR → Triggering RECOVERY PIPELINE
2026-04-10 17:25:33,409 [FUSION] ERROR ⚠ ALERT: score=2.5 sustained 3 cycles (inv=1 ae=1)
2026-04-10 17:25:34,411 [FUSION] ERROR ⚠ ALERT: score=2.5 sustained 3 cycles (inv=1 ae=1)
2026-04-10 17:25:35,413 [FUSION] ERROR ⚠ ALERT: score=2.5 sustained 3 cycles (inv=1 ae=1)
2026-04-10 17:25:36,415 [FUSION] ERROR ⚠ ALERT: score=2.5 sustained 3 cycles (inv=1 ae=1)
2026-04-10 17:25:37,417 [FUSION] ERROR ⚠ ALERT: score=2.5 sustained 3 cycles (inv=1 ae=1)
2026-04-10 17:25:38,419 [FUSION] ERROR ⚠ ALERT: score=2.5 sustained 3 cycles (inv=1 ae=1)
2026-04-10 17:25:39,421 [FUSION] ERROR ⚠ ALERT: score=2.5 sustained 3 cycles (inv=1 ae=1)
2026-04-10 17:25:40,422 [FUSION] ERROR ⚠ ALERT: score=2.5 sustained 3 cycles (inv=1 ae=1)
2026-04-10 17:25:41,424 [FUSION] ERROR ⚠ ALERT: score=2.5 sustained 3 cycles (inv=1 ae=1)
2026-04-10 17:25:42,426 [FUSION] ERROR ⚠ ALERT: score=2.5 sustained 3 cycles (inv=1 ae=1)
2026-04-10 17:25:43,428 [FUSION] ERROR ⚠ ALERT: score=2.5 sustained 3 cycles (inv=1 ae=1)
2026-04-10 17:25:44,430 [FUSION] ERROR ⚠ ALERT: score=2.5 sustained 3 cycles (inv=1 ae=1)
2026-04-10 17:25:45,432 [FUSION] ERROR ⚠ ALERT: score=2.5 sustained 3 cycles (inv=1 ae=1)
2026-04-10 17:25:46,434 [FUSION] ERROR ⚠ ALERT: score=2.5 sustained 3 cycles (inv=1 ae=1)
2026-04-10 17:25:47,436 [FUSION] ERROR ⚠ ALERT: score=2.5 sustained 3 cycles (inv=1 ae=1)
2026-04-10 17:25:48,438 [FUSION] ERROR ⚠ ALERT: score=2.5 sustained 3 cycles (inv=1 ae=1)
2026-04-10 17:25:49,440 [FUSION] ERROR ⚠ ALERT: score=2.5 sustained 3 cycles (inv=1 ae=1)
2026-04-10 17:25:50,442 [FUSION] ERROR ⚠ ALERT: score=2.5 sustained 3 cycles (inv=1 ae=1)
2026-04-10 17:25:51,444 [FUSION] ERROR ⚠ ALERT: score=2.5 sustained 3 cycles (inv=1 ae=1)
2026-04-10 17:25:52,445 [FUSION] ERROR ⚠ ALERT: score=2.5 sustained 3 cycles (inv=1 ae=1)
2026-04-10 17:25:53,447 [FUSION] ERROR ⚠ ALERT: score=2.5 sustained 3 cycles (inv=1 ae=1)
2026-04-10 17:25:54,449 [FUSION] ERROR ⚠ ALERT: score=2.5 sustained 3 cycles (inv=1 ae=1)
2026-04-10 17:25:55,451 [FUSION] ERROR ⚠ ALERT: score=2.5 sustained 3 cycles (inv=1 ae=1)
2026-04-10 17:25:56,452 [FUSION] ERROR ⚠ ALERT: score=2.5 sustained 3 cycles (inv=1 ae=1)
2026-04-10 17:25:57,454 [FUSION] ERROR ⚠ ALERT: score=2.5 sustained 3 cycles (inv=1 ae=1)
2026-04-10 17:25:58,456 [FUSION] ERROR ⚠ ALERT: score=2.5 sustained 3 cycles (inv=1 ae=1)
2026-04-10 17:25:59,465 [FUSION] ERROR ⚠ ALERT: score=2.5 sustained 3 cycles (inv=1 ae=1)
2026-04-10 17:26:00,467 [FUSION] ERROR ⚠ ALERT: score=2.5 sustained 3 cycles (inv=1 ae=1)
2026-04-10 17:26:01,469 [FUSION] ERROR ⚠ ALERT: score=2.5 sustained 3 cycles (inv=1 ae=1)
2026-04-10 17:26:02,471 [FUSION] ERROR ⚠ ALERT: score=2.5 sustained 3 cycles (inv=1 ae=1)
2026-04-10 17:26:02,471 [FUSION] ERROR → Triggering RECOVERY PIPELINE
2026-04-10 17:26:03,474 [FUSION] ERROR ⚠ ALERT: score=2.5 sustained 3 cycles (inv=1 ae=1)
2026-04-10 17:26:04,476 [FUSION] ERROR ⚠ ALERT: score=2.5 sustained 3 cycles (inv=1 ae=1)
2026-04-10 17:26:05,478 [FUSION] ERROR ⚠ ALERT: score=2.5 sustained 3 cycles (inv=1 ae=1)
2026-04-10 17:26:06,480 [FUSION] ERROR ⚠ ALERT: score=2.5 sustained 3 cycles (inv=1 ae=1)
